Component: ARM Compiler 5.06 update 5 (build 528) Tool: armlink [4d35e2]

==============================================================================

Section Cross References

    startup_nuc1xx.o(RESET) refers to startup_nuc1xx.o(STACK) for __initial_sp
    startup_nuc1xx.o(RESET) refers to startup_nuc1xx.o(.text) for Reset_Handler
    startup_nuc1xx.o(RESET) refers to lab_lcd.o(i.HardFault_Handler) for HardFault_Handler
    startup_nuc1xx.o(RESET) refers to drvsys.o(i.BOD_IRQHandler) for BOD_IRQHandler
    startup_nuc1xx.o(RESET) refers to drvgpio.o(i.EINT0_IRQHandler) for EINT0_IRQHandler
    startup_nuc1xx.o(RESET) refers to drvgpio.o(i.EINT1_IRQHandler) for EINT1_IRQHandler
    startup_nuc1xx.o(RESET) refers to drvgpio.o(i.GPAB_IRQHandler) for GPAB_IRQHandler
    startup_nuc1xx.o(RESET) refers to drvgpio.o(i.GPCDE_IRQHandler) for GPCDE_IRQHandler
    startup_nuc1xx.o(RESET) refers to drvsys.o(i.PWRWU_IRQHandler) for PWRWU_IRQHandler
    startup_nuc1xx.o(.text) refers to system_nuc1xx.o(i.SystemInit) for SystemInit
    startup_nuc1xx.o(.text) refers to entry.o(.ARM.Collect$$$$00000000) for __main
    system_nuc1xx.o(i.SystemCoreClockUpdate) refers to uidiv.o(.text) for __aeabi_uidivmod
    system_nuc1xx.o(i.SystemCoreClockUpdate) refers to system_nuc1xx.o(.data) for .data
    lab_lcd.o(i.Draw_pix_y) refers to lcd_driver.o(i.SetPACA) for SetPACA
    lab_lcd.o(i.Draw_pix_y) refers to lcd_driver.o(i.WriteData) for WriteData
    lab_lcd.o(i.GPC_set) refers to lab_lcd.o(.data) for .data
    lab_lcd.o(i.OpenKey_Pad) refers to drvgpio.o(i.DrvGPIO_Open) for DrvGPIO_Open
    lab_lcd.o(i.PWM_Freq) refers to uidiv.o(.text) for __aeabi_uidivmod
    lab_lcd.o(i.Scan_key) refers to drvgpio.o(i.DrvGPIO_SetBit) for DrvGPIO_SetBit
    lab_lcd.o(i.Scan_key) refers to drvgpio.o(i.DrvGPIO_ClrBit) for DrvGPIO_ClrBit
    lab_lcd.o(i.Scan_key) refers to drvgpio.o(i.DrvGPIO_GetBit) for DrvGPIO_GetBit
    lab_lcd.o(i.enemy_plane) refers to lcd_driver.o(i.SetPACA) for SetPACA
    lab_lcd.o(i.enemy_plane) refers to lcd_driver.o(i.WriteData) for WriteData
    lab_lcd.o(i.main) refers to drvsys.o(i.DrvSYS_Open) for DrvSYS_Open
    lab_lcd.o(i.main) refers to lcd_driver.o(i.Initial_panel) for Initial_panel
    lab_lcd.o(i.main) refers to lcd_driver.o(i.clr_all_panel) for clr_all_panel
    lab_lcd.o(i.main) refers to lcd_driver.o(i.print_lcd) for print_lcd
    lab_lcd.o(i.main) refers to lab_lcd.o(i.SYS_Delay) for SYS_Delay
    lab_lcd.o(i.main) refers to lab_lcd.o(i.Scan_key) for Scan_key
    lab_lcd.o(i.main) refers to lab_lcd.o(i.show_seven_segment) for show_seven_segment
    lab_lcd.o(i.main) refers to lab_lcd.o(i.enemy_plane) for enemy_plane
    lab_lcd.o(i.main) refers to lcd_driver.o(i.SetPACA) for SetPACA
    lab_lcd.o(i.main) refers to lcd_driver.o(i.WriteData) for WriteData
    lab_lcd.o(i.shoot_in_one_page) refers to lcd_driver.o(i.SetPACA) for SetPACA
    lab_lcd.o(i.shoot_in_one_page) refers to dfltui.o(.text) for __aeabi_ui2d
    lab_lcd.o(i.shoot_in_one_page) refers to pow.o(i.pow) for pow
    lab_lcd.o(i.shoot_in_one_page) refers to dmul.o(.text) for __aeabi_dmul
    lab_lcd.o(i.shoot_in_one_page) refers to dfixui.o(.text) for __aeabi_d2uiz
    lab_lcd.o(i.shoot_in_one_page) refers to lcd_driver.o(i.WriteData) for WriteData
    lab_lcd.o(i.shoot_in_one_page) refers to lab_lcd.o(i.SYS_Delay) for SYS_Delay
    lab_lcd.o(i.show_seven_segment) refers to drvgpio.o(i.DrvGPIO_SetBit) for DrvGPIO_SetBit
    lab_lcd.o(i.show_seven_segment) refers to drvgpio.o(i.DrvGPIO_ClrBit) for DrvGPIO_ClrBit
    lab_lcd.o(i.show_seven_segment) refers to lab_lcd.o(.data) for .data
    drvsys.o(i.BOD_IRQHandler) refers to drvsys.o(.data) for .data
    drvsys.o(i.DrvSYS_Delay) refers to system_nuc1xx.o(.data) for CyclesPerUs
    drvsys.o(i.DrvSYS_GetHCLKFreq) refers to uidiv.o(.text) for __aeabi_uidivmod
    drvsys.o(i.DrvSYS_GetHCLKFreq) refers to drvsys.o(.constdata) for .constdata
    drvsys.o(i.DrvSYS_GetPLLClockFreq) refers to uidiv.o(.text) for __aeabi_uidivmod
    drvsys.o(i.DrvSYS_GetPLLClockFreq) refers to drvsys.o(.constdata) for .constdata
    drvsys.o(i.DrvSYS_GetPLLContent) refers to uidiv.o(.text) for __aeabi_uidivmod
    drvsys.o(i.DrvSYS_Open) refers to uidiv.o(.text) for __aeabi_uidivmod
    drvsys.o(i.DrvSYS_Open) refers to system_nuc1xx.o(i.SystemCoreClockUpdate) for SystemCoreClockUpdate
    drvsys.o(i.DrvSYS_SelectHCLKSource) refers to system_nuc1xx.o(i.SystemCoreClockUpdate) for SystemCoreClockUpdate
    drvsys.o(i.DrvSYS_SetBODFunction) refers to drvsys.o(.data) for .data
    drvsys.o(i.DrvSYS_SetClockDivider) refers to system_nuc1xx.o(i.SystemCoreClockUpdate) for SystemCoreClockUpdate
    drvsys.o(i.DrvSYS_SetPowerDownWakeUpInt) refers to drvsys.o(.data) for .data
    drvsys.o(i.PWRWU_IRQHandler) refers to drvsys.o(.data) for .data
    lcd_driver.o(i.Disable_Buzzer) refers to drvgpio.o(i.DrvGPIO_Open) for DrvGPIO_Open
    lcd_driver.o(i.Disable_Buzzer) refers to drvgpio.o(i.DrvGPIO_SetBit) for DrvGPIO_SetBit
    lcd_driver.o(i.Initial_panel) refers to lcd_driver.o(.data) for .data
    lcd_driver.o(i.SetPACA) refers to lcd_driver.o(.data) for .data
    lcd_driver.o(i.Show_Word) refers to lcd_driver.o(i.SetPACA) for SetPACA
    lcd_driver.o(i.Show_Word) refers to lcd_driver.o(.data) for .data
    lcd_driver.o(i.Show_Word) refers to ascii_table.o(.data) for Ascii
    lcd_driver.o(i.WriteData) refers to lcd_driver.o(.data) for .data
    lcd_driver.o(i.clr_all_panel) refers to lcd_driver.o(i.SetPACA) for SetPACA
    lcd_driver.o(i.clr_all_panel) refers to lcd_driver.o(i.WriteData) for WriteData
    lcd_driver.o(i.clr_all_panel) refers to lcd_driver.o(.data) for .data
    lcd_driver.o(i.draw_LCD) refers to lcd_driver.o(i.SetPACA) for SetPACA
    lcd_driver.o(i.draw_LCD) refers to lcd_driver.o(.data) for .data
    lcd_driver.o(i.draw_Row) refers to lcd_driver.o(i.SetPACA) for SetPACA
    lcd_driver.o(i.draw_Row) refers to lcd_driver.o(.data) for .data
    lcd_driver.o(i.print_lcd) refers to lcd_driver.o(i.SetPACA) for SetPACA
    lcd_driver.o(i.print_lcd) refers to lcd_driver.o(.data) for .data
    lcd_driver.o(i.print_lcd) refers to ascii_table.o(.data) for Ascii
    drvgpio.o(i.DrvGPIO_EnableEINT0) refers to drvgpio.o(.data) for .data
    drvgpio.o(i.DrvGPIO_EnableEINT1) refers to drvgpio.o(.data) for .data
    drvgpio.o(i.DrvGPIO_SetIntCallback) refers to drvgpio.o(.data) for .data
    drvgpio.o(i.EINT0_IRQHandler) refers to drvgpio.o(.data) for .data
    drvgpio.o(i.EINT1_IRQHandler) refers to drvgpio.o(.data) for .data
    drvgpio.o(i.GPAB_IRQHandler) refers to drvgpio.o(.data) for .data
    drvgpio.o(i.GPCDE_IRQHandler) refers to drvgpio.o(.data) for .data
    pow.o(i.__softfp_pow) refers (Special) to iusefp.o(.text) for __I$use$fp
    pow.o(i.__softfp_pow) refers to pow.o(i.pow) for pow
    pow.o(i.pow) refers (Special) to iusefp.o(.text) for __I$use$fp
    pow.o(i.pow) refers to dunder.o(i.__mathlib_dbl_infnan2) for __mathlib_dbl_infnan2
    pow.o(i.pow) refers to errno.o(i.__set_errno) for __set_errno
    pow.o(i.pow) refers to dunder.o(i.__mathlib_dbl_divzero) for __mathlib_dbl_divzero
    pow.o(i.pow) refers to ddiv.o(.text) for __aeabi_ddiv
    pow.o(i.pow) refers to sqrt.o(i.sqrt) for sqrt
    pow.o(i.pow) refers to dflti.o(.text) for __aeabi_i2d
    pow.o(i.pow) refers to dunder.o(i.__mathlib_dbl_invalid) for __mathlib_dbl_invalid
    pow.o(i.pow) refers to dunder.o(i.__mathlib_dbl_overflow) for __mathlib_dbl_overflow
    pow.o(i.pow) refers to dmul.o(.text) for __aeabi_dmul
    pow.o(i.pow) refers to dunder.o(i.__mathlib_dbl_underflow) for __mathlib_dbl_underflow
    pow.o(i.pow) refers to dadd.o(.text) for __aeabi_dsub
    pow.o(i.pow) refers to dscalb.o(.text) for __ARM_scalbn
    pow.o(i.pow) refers to qnan.o(.constdata) for __mathlib_zero
    pow.o(i.pow) refers to poly.o(i.__kernel_poly) for __kernel_poly
    pow.o(i.pow) refers to cdrcmple.o(.text) for __aeabi_cdrcmple
    pow.o(i.pow) refers to pow.o(.constdata) for .constdata
    pow.o(i.pow) refers to fpclassify.o(i.__ARM_fpclassify) for __ARM_fpclassify
    pow.o(.constdata) refers (Special) to iusefp.o(.text) for __I$use$fp
    pow_x.o(i.____softfp_pow$lsc) refers (Special) to iusefp.o(.text) for __I$use$fp
    pow_x.o(i.____softfp_pow$lsc) refers to pow_x.o(i.__pow$lsc) for __pow$lsc
    pow_x.o(i.__pow$lsc) refers (Special) to iusefp.o(.text) for __I$use$fp
    pow_x.o(i.__pow$lsc) refers to dunder.o(i.__mathlib_dbl_infnan2) for __mathlib_dbl_infnan2
    pow_x.o(i.__pow$lsc) refers to errno.o(i.__set_errno) for __set_errno
    pow_x.o(i.__pow$lsc) refers to ddiv.o(.text) for __aeabi_ddiv
    pow_x.o(i.__pow$lsc) refers to sqrt.o(i.sqrt) for sqrt
    pow_x.o(i.__pow$lsc) refers to dflti.o(.text) for __aeabi_i2d
    pow_x.o(i.__pow$lsc) refers to dmul.o(.text) for __aeabi_dmul
    pow_x.o(i.__pow$lsc) refers to dadd.o(.text) for __aeabi_dsub
    pow_x.o(i.__pow$lsc) refers to dscalb.o(.text) for __ARM_scalbn
    pow_x.o(i.__pow$lsc) refers to qnan.o(.constdata) for __mathlib_zero
    pow_x.o(i.__pow$lsc) refers to poly.o(i.__kernel_poly) for __kernel_poly
    pow_x.o(i.__pow$lsc) refers to cdrcmple.o(.text) for __aeabi_cdrcmple
    pow_x.o(i.__pow$lsc) refers to pow_x.o(.constdata) for .constdata
    pow_x.o(.constdata) refers (Special) to iusefp.o(.text) for __I$use$fp
    entry.o(.ARM.Collect$$$$00000000) refers (Special) to entry10a.o(.ARM.Collect$$$$0000000D) for __rt_final_cpp
    entry.o(.ARM.Collect$$$$00000000) refers (Special) to entry11a.o(.ARM.Collect$$$$0000000F) for __rt_final_exit
    entry.o(.ARM.Collect$$$$00000000) refers (Special) to entry7b.o(.ARM.Collect$$$$00000008) for _main_clock
    entry.o(.ARM.Collect$$$$00000000) refers (Special) to entry8b.o(.ARM.Collect$$$$0000000A) for _main_cpp_init
    entry.o(.ARM.Collect$$$$00000000) refers (Special) to entry9a.o(.ARM.Collect$$$$0000000B) for _main_init
    entry.o(.ARM.Collect$$$$00000000) refers (Special) to entry5.o(.ARM.Collect$$$$00000004) for _main_scatterload
    entry.o(.ARM.Collect$$$$00000000) refers (Special) to entry2.o(.ARM.Collect$$$$00000001) for _main_stk
    dmul.o(.text) refers (Special) to iusefp.o(.text) for __I$use$fp
    dmul.o(.text) refers to depilogue.o(.text) for _double_epilogue
    dfltui.o(.text) refers (Special) to iusefp.o(.text) for __I$use$fp
    dfltui.o(.text) refers to depilogue.o(.text) for _double_epilogue
    dfixui.o(.text) refers (Special) to iusefp.o(.text) for __I$use$fp
    dfixui.o(.text) refers to llushr.o(.text) for __aeabi_llsr
    dunder.o(i.__mathlib_dbl_divzero) refers to ddiv.o(.text) for __aeabi_ddiv
    dunder.o(i.__mathlib_dbl_infnan) refers to dscalb.o(.text) for __ARM_scalbn
    dunder.o(i.__mathlib_dbl_infnan2) refers to dadd.o(.text) for __aeabi_dadd
    dunder.o(i.__mathlib_dbl_invalid) refers to ddiv.o(.text) for __aeabi_ddiv
    dunder.o(i.__mathlib_dbl_overflow) refers to dscalb.o(.text) for __ARM_scalbn
    dunder.o(i.__mathlib_dbl_posinfnan) refers to dmul.o(.text) for __aeabi_dmul
    dunder.o(i.__mathlib_dbl_underflow) refers to dscalb.o(.text) for __ARM_scalbn
    fpclassify.o(i.__ARM_fpclassify) refers (Special) to iusefp.o(.text) for __I$use$fp
    poly.o(i.__kernel_poly) refers (Special) to iusefp.o(.text) for __I$use$fp
    poly.o(i.__kernel_poly) refers to dmul.o(.text) for __aeabi_dmul
    poly.o(i.__kernel_poly) refers to dadd.o(.text) for __aeabi_dadd
    qnan.o(.constdata) refers (Special) to iusefp.o(.text) for __I$use$fp
    sqrt.o(i.__softfp_sqrt) refers (Special) to iusefp.o(.text) for __I$use$fp
    sqrt.o(i.__softfp_sqrt) refers to dsqrt.o(.text) for _dsqrt
    sqrt.o(i.__softfp_sqrt) refers to errno.o(i.__set_errno) for __set_errno
    sqrt.o(i.sqrt) refers (Special) to iusefp.o(.text) for __I$use$fp
    sqrt.o(i.sqrt) refers to dsqrt.o(.text) for _dsqrt
    sqrt.o(i.sqrt) refers to errno.o(i.__set_errno) for __set_errno
    sqrt_x.o(i.____softfp_sqrt$lsc) refers (Special) to iusefp.o(.text) for __I$use$fp
    sqrt_x.o(i.____softfp_sqrt$lsc) refers to cdcmple.o(.text) for __aeabi_cdcmple
    sqrt_x.o(i.____softfp_sqrt$lsc) refers to errno.o(i.__set_errno) for __set_errno
    sqrt_x.o(i.____softfp_sqrt$lsc) refers to dsqrt.o(.text) for _dsqrt
    sqrt_x.o(i.__sqrt$lsc) refers (Special) to iusefp.o(.text) for __I$use$fp
    sqrt_x.o(i.__sqrt$lsc) refers to cdcmple.o(.text) for __aeabi_cdcmple
    sqrt_x.o(i.__sqrt$lsc) refers to errno.o(i.__set_errno) for __set_errno
    sqrt_x.o(i.__sqrt$lsc) refers to dsqrt.o(.text) for _dsqrt
    entry2.o(.ARM.Collect$$$$00000001) refers to entry2.o(.ARM.Collect$$$$00002712) for __lit__00000000
    entry2.o(.ARM.Collect$$$$00002712) refers to startup_nuc1xx.o(STACK) for __initial_sp
    entry2.o(__vectab_stack_and_reset_area) refers to startup_nuc1xx.o(STACK) for __initial_sp
    entry2.o(__vectab_stack_and_reset_area) refers to entry.o(.ARM.Collect$$$$00000000) for __main
    entry5.o(.ARM.Collect$$$$00000004) refers to init.o(.text) for __scatterload
    entry9a.o(.ARM.Collect$$$$0000000B) refers to lab_lcd.o(i.main) for main
    entry9b.o(.ARM.Collect$$$$0000000C) refers to lab_lcd.o(i.main) for main
    errno.o(i.__aeabi_errno_addr) refers to errno.o(.data) for .data
    errno.o(i.__read_errno) refers to errno.o(.data) for .data
    errno.o(i.__set_errno) refers to errno.o(.data) for .data
    depilogue.o(.text) refers to depilogue.o(i.__ARM_clz) for __ARM_clz
    depilogue.o(.text) refers to llshl.o(.text) for __aeabi_llsl
    depilogue.o(.text) refers to llushr.o(.text) for __aeabi_llsr
    dadd.o(.text) refers to llshl.o(.text) for __aeabi_llsl
    dadd.o(.text) refers to llsshr.o(.text) for __aeabi_lasr
    dadd.o(.text) refers to depilogue.o(.text) for _double_epilogue
    ddiv.o(.text) refers to depilogue.o(.text) for _double_round
    dflti.o(.text) refers to depilogue.o(.text) for _double_epilogue
    init.o(.text) refers to entry5.o(.ARM.Collect$$$$00000004) for __main_after_scatterload
    dsqrt.o(.text) refers to llushr.o(.text) for __aeabi_llsr
    dsqrt.o(.text) refers to depilogue.o(.text) for _double_round


==============================================================================

Removing Unused input sections from the image.

    Removing startup_nuc1xx.o(HEAP), (0 bytes).
    Removing core_cm0.o(.emb_text), (32 bytes).
    Removing lab_lcd.o(i.Draw_pix_y), (74 bytes).
    Removing lab_lcd.o(i.GPC_set), (32 bytes).
    Removing lab_lcd.o(i.GPIO_Mode_Select), (32 bytes).
    Removing lab_lcd.o(i.GPIO_Write), (32 bytes).
    Removing lab_lcd.o(i.OpenKey_Pad), (24 bytes).
    Removing lab_lcd.o(i.PWM4_Init), (72 bytes).
    Removing lab_lcd.o(i.PWM_Freq), (48 bytes).
    Removing lab_lcd.o(i.ledout), (76 bytes).
    Removing lab_lcd.o(i.shoot_in_one_page), (172 bytes).
    Removing drvsys.o(i.DrvSYS_ClearClockSwitchStatus), (16 bytes).
    Removing drvsys.o(i.DrvSYS_ClearResetSource), (10 bytes).
    Removing drvsys.o(i.DrvSYS_Delay), (36 bytes).
    Removing drvsys.o(i.DrvSYS_DisableBODLowPowerMode), (14 bytes).
    Removing drvsys.o(i.DrvSYS_DisableHighPerformanceMode), (14 bytes).
    Removing drvsys.o(i.DrvSYS_DisableLowVoltReset), (14 bytes).
    Removing drvsys.o(i.DrvSYS_DisablePOR), (12 bytes).
    Removing drvsys.o(i.DrvSYS_DisableTemperatureSensor), (14 bytes).
    Removing drvsys.o(i.DrvSYS_EnableBODLowPowerMode), (14 bytes).
    Removing drvsys.o(i.DrvSYS_EnableHighPerformanceMode), (14 bytes).
    Removing drvsys.o(i.DrvSYS_EnableLowVoltReset), (14 bytes).
    Removing drvsys.o(i.DrvSYS_EnablePOR), (10 bytes).
    Removing drvsys.o(i.DrvSYS_EnableTemperatureSensor), (14 bytes).
    Removing drvsys.o(i.DrvSYS_EnterPowerDown), (40 bytes).
    Removing drvsys.o(i.DrvSYS_GetBODState), (12 bytes).
    Removing drvsys.o(i.DrvSYS_GetChipClockSourceStatus), (68 bytes).
    Removing drvsys.o(i.DrvSYS_GetClockSwitchStatus), (16 bytes).
    Removing drvsys.o(i.DrvSYS_GetExtClockFreq), (8 bytes).
    Removing drvsys.o(i.DrvSYS_GetHCLKFreq), (168 bytes).
    Removing drvsys.o(i.DrvSYS_GetPLLClockFreq), (96 bytes).
    Removing drvsys.o(i.DrvSYS_GetPLLContent), (168 bytes).
    Removing drvsys.o(i.DrvSYS_GetResetSource), (8 bytes).
    Removing drvsys.o(i.DrvSYS_GetVersion), (8 bytes).
    Removing drvsys.o(i.DrvSYS_IsProtectedRegLocked), (16 bytes).
    Removing drvsys.o(i.DrvSYS_LockProtectedReg), (28 bytes).
    Removing drvsys.o(i.DrvSYS_ReadProductID), (8 bytes).
    Removing drvsys.o(i.DrvSYS_ResetCPU), (14 bytes).
    Removing drvsys.o(i.DrvSYS_ResetChip), (14 bytes).
    Removing drvsys.o(i.DrvSYS_ResetIP), (62 bytes).
    Removing drvsys.o(i.DrvSYS_SelectBODVolt), (20 bytes).
    Removing drvsys.o(i.DrvSYS_SelectHCLKSource), (48 bytes).
    Removing drvsys.o(i.DrvSYS_SelectIPClockSource), (288 bytes).
    Removing drvsys.o(i.DrvSYS_SelectPLLSource), (24 bytes).
    Removing drvsys.o(i.DrvSYS_SelectSysTickSource), (44 bytes).
    Removing drvsys.o(i.DrvSYS_SetBODFunction), (92 bytes).
    Removing drvsys.o(i.DrvSYS_SetClockDivider), (108 bytes).
    Removing drvsys.o(i.DrvSYS_SetFreqDividerOutput), (72 bytes).
    Removing drvsys.o(i.DrvSYS_SetIPClock), (100 bytes).
    Removing drvsys.o(i.DrvSYS_SetOscCtrl), (96 bytes).
    Removing drvsys.o(i.DrvSYS_SetPLLContent), (60 bytes).
    Removing drvsys.o(i.DrvSYS_SetPLLMode), (36 bytes).
    Removing drvsys.o(i.DrvSYS_SetPowerDownWakeUpInt), (96 bytes).
    Removing drvsys.o(i.DrvSYS_UnlockProtectedReg), (40 bytes).
    Removing drvsys.o(.constdata), (16 bytes).
    Removing lcd_driver.o(i.Disable_Buzzer), (22 bytes).
    Removing lcd_driver.o(i.Show_Word), (180 bytes).
    Removing lcd_driver.o(i.SysTimerDelay), (28 bytes).
    Removing lcd_driver.o(i.draw_LCD), (108 bytes).
    Removing lcd_driver.o(i.draw_Row), (80 bytes).
    Removing drvgpio.o(i.DrvGPIO_Close), (64 bytes).
    Removing drvgpio.o(i.DrvGPIO_ClrBitMask), (32 bytes).
    Removing drvgpio.o(i.DrvGPIO_ClrPortMask), (20 bytes).
    Removing drvgpio.o(i.DrvGPIO_DisableDebounce), (48 bytes).
    Removing drvgpio.o(i.DrvGPIO_DisableDigitalInputBit), (36 bytes).
    Removing drvgpio.o(i.DrvGPIO_DisableEINT0), (36 bytes).
    Removing drvgpio.o(i.DrvGPIO_DisableEINT1), (36 bytes).
    Removing drvgpio.o(i.DrvGPIO_DisableInt), (76 bytes).
    Removing drvgpio.o(i.DrvGPIO_EnableDebounce), (48 bytes).
    Removing drvgpio.o(i.DrvGPIO_EnableDigitalInputBit), (36 bytes).
    Removing drvgpio.o(i.DrvGPIO_EnableEINT0), (148 bytes).
    Removing drvgpio.o(i.DrvGPIO_EnableEINT1), (136 bytes).
    Removing drvgpio.o(i.DrvGPIO_EnableInt), (224 bytes).
    Removing drvgpio.o(i.DrvGPIO_GetBitMask), (28 bytes).
    Removing drvgpio.o(i.DrvGPIO_GetDebounceSampleCycle), (16 bytes).
    Removing drvgpio.o(i.DrvGPIO_GetDoutBit), (32 bytes).
    Removing drvgpio.o(i.DrvGPIO_GetIntStatus), (16 bytes).
    Removing drvgpio.o(i.DrvGPIO_GetPortBits), (16 bytes).
    Removing drvgpio.o(i.DrvGPIO_GetPortDoutBits), (28 bytes).
    Removing drvgpio.o(i.DrvGPIO_GetPortMask), (16 bytes).
    Removing drvgpio.o(i.DrvGPIO_GetVersion), (8 bytes).
    Removing drvgpio.o(i.DrvGPIO_InitFunction), (1332 bytes).
    Removing drvgpio.o(i.DrvGPIO_Open), (124 bytes).
    Removing drvgpio.o(i.DrvGPIO_SetBitMask), (32 bytes).
    Removing drvgpio.o(i.DrvGPIO_SetDebounceTime), (52 bytes).
    Removing drvgpio.o(i.DrvGPIO_SetIntCallback), (12 bytes).
    Removing drvgpio.o(i.DrvGPIO_SetPortBits), (16 bytes).
    Removing drvgpio.o(i.DrvGPIO_SetPortMask), (20 bytes).
    Removing dmul.o(.text), (208 bytes).
    Removing dfltui.o(.text), (28 bytes).
    Removing dfixui.o(.text), (60 bytes).
    Removing depilogue.o(.text), (190 bytes).
    Removing dadd.o(.text), (356 bytes).
    Removing ddiv.o(.text), (240 bytes).
    Removing dscalb.o(.text), (44 bytes).
    Removing dflti.o(.text), (40 bytes).
    Removing cdrcmple.o(.text), (40 bytes).
    Removing dsqrt.o(.text), (162 bytes).
    Removing cdcmple.o(.text), (40 bytes).
    Removing depilogue.o(i.__ARM_clz), (46 bytes).

100 unused section(s) (total 7224 bytes) removed from the image.

==============================================================================

Image Symbol Table

    Local Symbols

    Symbol Name                              Value     Ov Type        Size  Object(Section)

    RESET                                    0x00000000   Section      192  startup_nuc1xx.o(RESET)
    ../clib/../cmprslib/zerorunl2.c          0x00000000   Number         0  __dczerorl2.o ABSOLUTE
    ../clib/microlib/division.c              0x00000000   Number         0  uidiv.o ABSOLUTE
    ../clib/microlib/errno.c                 0x00000000   Number         0  errno.o ABSOLUTE
    ../clib/microlib/init/entry.s            0x00000000   Number         0  entry7b.o ABSOLUTE
    ../clib/microlib/init/entry.s            0x00000000   Number         0  entry9b.o ABSOLUTE
    ../clib/microlib/init/entry.s            0x00000000   Number         0  entry.o ABSOLUTE
    ../clib/microlib/init/entry.s            0x00000000   Number         0  entry7a.o ABSOLUTE
    ../clib/microlib/init/entry.s            0x00000000   Number         0  entry2.o ABSOLUTE
    ../clib/microlib/init/entry.s            0x00000000   Number         0  entry5.o ABSOLUTE
    ../clib/microlib/init/entry.s            0x00000000   Number         0  entry8a.o ABSOLUTE
    ../clib/microlib/init/entry.s            0x00000000   Number         0  entry8b.o ABSOLUTE
    ../clib/microlib/init/entry.s            0x00000000   Number         0  entry9a.o ABSOLUTE
    ../clib/microlib/init/entry.s            0x00000000   Number         0  entry10b.o ABSOLUTE
    ../clib/microlib/init/entry.s            0x00000000   Number         0  entry11a.o ABSOLUTE
    ../clib/microlib/init/entry.s            0x00000000   Number         0  entry10a.o ABSOLUTE
    ../clib/microlib/init/entry.s            0x00000000   Number         0  entry11b.o ABSOLUTE
    ../clib/microlib/longlong.c              0x00000000   Number         0  llsshr.o ABSOLUTE
    ../clib/microlib/longlong.c              0x00000000   Number         0  llshl.o ABSOLUTE
    ../clib/microlib/longlong.c              0x00000000   Number         0  llushr.o ABSOLUTE
    ../clib/microlib/stubs.s                 0x00000000   Number         0  iusefp.o ABSOLUTE
    ../fplib/microlib/fpadd.c                0x00000000   Number         0  dadd.o ABSOLUTE
    ../fplib/microlib/fpdiv.c                0x00000000   Number         0  ddiv.o ABSOLUTE
    ../fplib/microlib/fpepilogue.c           0x00000000   Number         0  depilogue.o ABSOLUTE
    ../fplib/microlib/fpfix.c                0x00000000   Number         0  dfixui.o ABSOLUTE
    ../fplib/microlib/fpflt.c                0x00000000   Number         0  dflti.o ABSOLUTE
    ../fplib/microlib/fpflt.c                0x00000000   Number         0  dfltui.o ABSOLUTE
    ../fplib/microlib/fpmul.c                0x00000000   Number         0  dmul.o ABSOLUTE
    ../fplib/microlib/fpscalb.c              0x00000000   Number         0  dscalb.o ABSOLUTE
    ../fplib/microlib/fpsqrt.c               0x00000000   Number         0  dsqrt.o ABSOLUTE
    ../mathlib/dunder.c                      0x00000000   Number         0  dunder.o ABSOLUTE
    ../mathlib/fpclassify.c                  0x00000000   Number         0  fpclassify.o ABSOLUTE
    ../mathlib/poly.c                        0x00000000   Number         0  poly.o ABSOLUTE
    ../mathlib/pow.c                         0x00000000   Number         0  pow.o ABSOLUTE
    ../mathlib/pow.c                         0x00000000   Number         0  pow_x.o ABSOLUTE
    ../mathlib/qnan.c                        0x00000000   Number         0  qnan.o ABSOLUTE
    ../mathlib/sqrt.c                        0x00000000   Number         0  sqrt_x.o ABSOLUTE
    ../mathlib/sqrt.c                        0x00000000   Number         0  sqrt.o ABSOLUTE
    CM0\CoreSupport\core_cm0.c               0x00000000   Number         0  core_cm0.o ABSOLUTE
    CM0\DeviceSupport\Nuvoton\NUC1xx\system_NUC1xx.c 0x00000000   Number         0  system_nuc1xx.o ABSOLUTE
    CM0\\CoreSupport\\core_cm0.c             0x00000000   Number         0  core_cm0.o ABSOLUTE
    LAB_LCD.c                                0x00000000   Number         0  lab_lcd.o ABSOLUTE
    Src\Driver\DrvGPIO.c                     0x00000000   Number         0  drvgpio.o ABSOLUTE
    Src\Driver\DrvSYS.c                      0x00000000   Number         0  drvsys.o ABSOLUTE
    Src\NUC1xx-LB_002\Ascii_Table.c          0x00000000   Number         0  ascii_table.o ABSOLUTE
    Src\NUC1xx-LB_002\LCD_Driver.c           0x00000000   Number         0  lcd_driver.o ABSOLUTE
    cdcmple.s                                0x00000000   Number         0  cdcmple.o ABSOLUTE
    cdrcmple.s                               0x00000000   Number         0  cdrcmple.o ABSOLUTE
    dc.s                                     0x00000000   Number         0  dc.o ABSOLUTE
    handlers.s                               0x00000000   Number         0  handlers.o ABSOLUTE
    init.s                                   0x00000000   Number         0  init.o ABSOLUTE
    startup_NUC1xx.s                         0x00000000   Number         0  startup_nuc1xx.o ABSOLUTE
    .ARM.Collect$$$$00000000                 0x000000c0   Section        0  entry.o(.ARM.Collect$$$$00000000)
    .ARM.Collect$$$$00000001                 0x000000c0   Section        4  entry2.o(.ARM.Collect$$$$00000001)
    .ARM.Collect$$$$00000004                 0x000000c4   Section        4  entry5.o(.ARM.Collect$$$$00000004)
    .ARM.Collect$$$$00000008                 0x000000c8   Section        0  entry7b.o(.ARM.Collect$$$$00000008)
    .ARM.Collect$$$$0000000A                 0x000000c8   Section        0  entry8b.o(.ARM.Collect$$$$0000000A)
    .ARM.Collect$$$$0000000B                 0x000000c8   Section        8  entry9a.o(.ARM.Collect$$$$0000000B)
    .ARM.Collect$$$$0000000D                 0x000000d0   Section        0  entry10a.o(.ARM.Collect$$$$0000000D)
    .ARM.Collect$$$$0000000F                 0x000000d0   Section        0  entry11a.o(.ARM.Collect$$$$0000000F)
    .ARM.Collect$$$$00002712                 0x000000d0   Section        4  entry2.o(.ARM.Collect$$$$00002712)
    __lit__00000000                          0x000000d0   Data           4  entry2.o(.ARM.Collect$$$$00002712)
    .text                                    0x000000d4   Section      116  startup_nuc1xx.o(.text)
    Default_Handler                          0x0000010f   Thumb Code     2  startup_nuc1xx.o(.text)
    .text                                    0x00000148   Section        0  uidiv.o(.text)
    .text                                    0x00000174   Section       36  init.o(.text)
    .text                                    0x00000198   Section        0  __dczerorl2.o(.text)
    i.BOD_IRQHandler                         0x000001f0   Section        0  drvsys.o(i.BOD_IRQHandler)
    i.DrvGPIO_ClrBit                         0x0000020c   Section        0  drvgpio.o(i.DrvGPIO_ClrBit)
    i.DrvGPIO_GetBit                         0x00000230   Section        0  drvgpio.o(i.DrvGPIO_GetBit)
    i.DrvGPIO_SetBit                         0x00000258   Section        0  drvgpio.o(i.DrvGPIO_SetBit)
    i.DrvSYS_Open                            0x0000027c   Section        0  drvsys.o(i.DrvSYS_Open)
    i.EINT0_IRQHandler                       0x000003dc   Section        0  drvgpio.o(i.EINT0_IRQHandler)
    i.EINT1_IRQHandler                       0x000003f8   Section        0  drvgpio.o(i.EINT1_IRQHandler)
    i.GPAB_IRQHandler                        0x00000414   Section        0  drvgpio.o(i.GPAB_IRQHandler)
    i.GPCDE_IRQHandler                       0x00000450   Section        0  drvgpio.o(i.GPCDE_IRQHandler)
    i.HardFault_Handler                      0x00000498   Section        0  lab_lcd.o(i.HardFault_Handler)
    i.Initial_panel                          0x0000049c   Section        0  lcd_driver.o(i.Initial_panel)
    i.PWRWU_IRQHandler                       0x000005e4   Section        0  drvsys.o(i.PWRWU_IRQHandler)
    i.SYS_Delay                              0x00000604   Section        0  lab_lcd.o(i.SYS_Delay)
    i.Scan_key                               0x00000630   Section        0  lab_lcd.o(i.Scan_key)
    i.SetPACA                                0x000006a4   Section        0  lcd_driver.o(i.SetPACA)
    i.SystemCoreClockUpdate                  0x00000730   Section        0  system_nuc1xx.o(i.SystemCoreClockUpdate)
    i.SystemInit                             0x000007b4   Section        0  system_nuc1xx.o(i.SystemInit)
    i.WriteData                              0x000007b8   Section        0  lcd_driver.o(i.WriteData)
    i.__scatterload_copy                     0x000007ec   Section       14  handlers.o(i.__scatterload_copy)
    i.__scatterload_null                     0x000007fa   Section        2  handlers.o(i.__scatterload_null)
    i.__scatterload_zeroinit                 0x000007fc   Section       14  handlers.o(i.__scatterload_zeroinit)
    i.clr_all_panel                          0x0000080c   Section        0  lcd_driver.o(i.clr_all_panel)
    i.enemy_plane                            0x0000085c   Section        0  lab_lcd.o(i.enemy_plane)
    i.main                                   0x000008b0   Section        0  lab_lcd.o(i.main)
    i.print_lcd                              0x00001384   Section        0  lcd_driver.o(i.print_lcd)
    i.show_seven_segment                     0x00001464   Section        0  lab_lcd.o(i.show_seven_segment)
    .data                                    0x20000000   Section       28  system_nuc1xx.o(.data)
    .data                                    0x2000001c   Section       48  lab_lcd.o(.data)
    repeat                                   0x2000001c   Data           1  lab_lcd.o(.data)
    .data                                    0x2000004c   Section        8  drvsys.o(.data)
    BOD_callbackFn                           0x2000004c   Data           4  drvsys.o(.data)
    PWRWU_callbackFn                         0x20000050   Data           4  drvsys.o(.data)
    .data                                    0x20000054   Section       16  lcd_driver.o(.data)
    .data                                    0x20000064   Section       16  drvgpio.o(.data)
    _pfGPABCallback                          0x20000064   Data           4  drvgpio.o(.data)
    _pfGPCDECallback                         0x20000068   Data           4  drvgpio.o(.data)
    _pfEINT0Callback                         0x2000006c   Data           4  drvgpio.o(.data)
    _pfEINT1Callback                         0x20000070   Data           4  drvgpio.o(.data)
    .data                                    0x20000074   Section     1520  ascii_table.o(.data)
    STACK                                    0x20000668   Section     1024  startup_nuc1xx.o(STACK)

    Global Symbols

    Symbol Name                              Value     Ov Type        Size  Object(Section)

    BuildAttributes$$THM_ISAv3M$S$PE$A:L22$X:L11$S22$IEEE1$IW$USESV6$~STKCKD$USESV7$~SHL$OTIME$ROPI$IEEEX$EBA8$MICROLIB$REQ8$PRES8$EABIv2 0x00000000   Number         0  anon$$obj.o ABSOLUTE
    __ARM_use_no_argv                        0x00000000   Number         0  lab_lcd.o ABSOLUTE
    __Vectors                                0x00000000   Data           4  startup_nuc1xx.o(RESET)
    __cpp_initialize__aeabi_                  - Undefined Weak Reference
    __cxa_finalize                            - Undefined Weak Reference
    _clock_init                               - Undefined Weak Reference
    _microlib_exit                            - Undefined Weak Reference
    __main                                   0x000000c1   Thumb Code     0  entry.o(.ARM.Collect$$$$00000000)
    _main_stk                                0x000000c1   Thumb Code     0  entry2.o(.ARM.Collect$$$$00000001)
    _main_scatterload                        0x000000c5   Thumb Code     0  entry5.o(.ARM.Collect$$$$00000004)
    __main_after_scatterload                 0x000000c9   Thumb Code     0  entry5.o(.ARM.Collect$$$$00000004)
    _main_clock                              0x000000c9   Thumb Code     0  entry7b.o(.ARM.Collect$$$$00000008)
    _main_cpp_init                           0x000000c9   Thumb Code     0  entry8b.o(.ARM.Collect$$$$0000000A)
    _main_init                               0x000000c9   Thumb Code     0  entry9a.o(.ARM.Collect$$$$0000000B)
    __rt_final_cpp                           0x000000d1   Thumb Code     0  entry10a.o(.ARM.Collect$$$$0000000D)
    __rt_final_exit                          0x000000d1   Thumb Code     0  entry11a.o(.ARM.Collect$$$$0000000F)
    Reset_Handler                            0x000000d5   Thumb Code    32  startup_nuc1xx.o(.text)
    NMI_Handler                              0x000000f5   Thumb Code     2  startup_nuc1xx.o(.text)
    SVC_Handler                              0x00000109   Thumb Code     2  startup_nuc1xx.o(.text)
    PendSV_Handler                           0x0000010b   Thumb Code     2  startup_nuc1xx.o(.text)
    SysTick_Handler                          0x0000010d   Thumb Code     2  startup_nuc1xx.o(.text)
    ACMP_IRQHandler                          0x0000010f   Thumb Code     0  startup_nuc1xx.o(.text)
    ADC_IRQHandler                           0x0000010f   Thumb Code     0  startup_nuc1xx.o(.text)
    CAN0_IRQHandler                          0x0000010f   Thumb Code     0  startup_nuc1xx.o(.text)
    I2C0_IRQHandler                          0x0000010f   Thumb Code     0  startup_nuc1xx.o(.text)
    I2C1_IRQHandler                          0x0000010f   Thumb Code     0  startup_nuc1xx.o(.text)
    I2S_IRQHandler                           0x0000010f   Thumb Code     0  startup_nuc1xx.o(.text)
    PDMA_IRQHandler                          0x0000010f   Thumb Code     0  startup_nuc1xx.o(.text)
    PS2_IRQHandler                           0x0000010f   Thumb Code     0  startup_nuc1xx.o(.text)
    PWMA_IRQHandler                          0x0000010f   Thumb Code     0  startup_nuc1xx.o(.text)
    PWMB_IRQHandler                          0x0000010f   Thumb Code     0  startup_nuc1xx.o(.text)
    RTC_IRQHandler                           0x0000010f   Thumb Code     0  startup_nuc1xx.o(.text)
    SPI0_IRQHandler                          0x0000010f   Thumb Code     0  startup_nuc1xx.o(.text)
    SPI1_IRQHandler                          0x0000010f   Thumb Code     0  startup_nuc1xx.o(.text)
    SPI2_IRQHandler                          0x0000010f   Thumb Code     0  startup_nuc1xx.o(.text)
    SPI3_IRQHandler                          0x0000010f   Thumb Code     0  startup_nuc1xx.o(.text)
    TMR0_IRQHandler                          0x0000010f   Thumb Code     0  startup_nuc1xx.o(.text)
    TMR1_IRQHandler                          0x0000010f   Thumb Code     0  startup_nuc1xx.o(.text)
    TMR2_IRQHandler                          0x0000010f   Thumb Code     0  startup_nuc1xx.o(.text)
    TMR3_IRQHandler                          0x0000010f   Thumb Code     0  startup_nuc1xx.o(.text)
    UART02_IRQHandler                        0x0000010f   Thumb Code     0  startup_nuc1xx.o(.text)
    UART1_IRQHandler                         0x0000010f   Thumb Code     0  startup_nuc1xx.o(.text)
    USBD_IRQHandler                          0x0000010f   Thumb Code     0  startup_nuc1xx.o(.text)
    WDT_IRQHandler                           0x0000010f   Thumb Code     0  startup_nuc1xx.o(.text)
    SH_DoCommand                             0x00000111   Thumb Code     0  startup_nuc1xx.o(.text)
    __aeabi_uidiv                            0x00000149   Thumb Code     0  uidiv.o(.text)
    __aeabi_uidivmod                         0x00000149   Thumb Code    44  uidiv.o(.text)
    __scatterload                            0x00000175   Thumb Code    28  init.o(.text)
    __scatterload_rt2                        0x00000175   Thumb Code     0  init.o(.text)
    __decompress                             0x00000199   Thumb Code     0  __dczerorl2.o(.text)
    __decompress1                            0x00000199   Thumb Code    86  __dczerorl2.o(.text)
    BOD_IRQHandler                           0x000001f1   Thumb Code    24  drvsys.o(i.BOD_IRQHandler)
    DrvGPIO_ClrBit                           0x0000020d   Thumb Code    28  drvgpio.o(i.DrvGPIO_ClrBit)
    DrvGPIO_GetBit                           0x00000231   Thumb Code    32  drvgpio.o(i.DrvGPIO_GetBit)
    DrvGPIO_SetBit                           0x00000259   Thumb Code    28  drvgpio.o(i.DrvGPIO_SetBit)
    DrvSYS_Open                              0x0000027d   Thumb Code   288  drvsys.o(i.DrvSYS_Open)
    EINT0_IRQHandler                         0x000003dd   Thumb Code    20  drvgpio.o(i.EINT0_IRQHandler)
    EINT1_IRQHandler                         0x000003f9   Thumb Code    20  drvgpio.o(i.EINT1_IRQHandler)
    GPAB_IRQHandler                          0x00000415   Thumb Code    48  drvgpio.o(i.GPAB_IRQHandler)
    GPCDE_IRQHandler                         0x00000451   Thumb Code    54  drvgpio.o(i.GPCDE_IRQHandler)
    HardFault_Handler                        0x00000499   Thumb Code     2  lab_lcd.o(i.HardFault_Handler)
    Initial_panel                            0x0000049d   Thumb Code   318  lcd_driver.o(i.Initial_panel)
    PWRWU_IRQHandler                         0x000005e5   Thumb Code    22  drvsys.o(i.PWRWU_IRQHandler)
    SYS_Delay                                0x00000605   Thumb Code    36  lab_lcd.o(i.SYS_Delay)
    Scan_key                                 0x00000631   Thumb Code   110  lab_lcd.o(i.Scan_key)
    SetPACA                                  0x000006a5   Thumb Code   136  lcd_driver.o(i.SetPACA)
    SystemCoreClockUpdate                    0x00000731   Thumb Code   108  system_nuc1xx.o(i.SystemCoreClockUpdate)
    SystemInit                               0x000007b5   Thumb Code     2  system_nuc1xx.o(i.SystemInit)
    WriteData                                0x000007b9   Thumb Code    48  lcd_driver.o(i.WriteData)
    __scatterload_copy                       0x000007ed   Thumb Code    14  handlers.o(i.__scatterload_copy)
    __scatterload_null                       0x000007fb   Thumb Code     2  handlers.o(i.__scatterload_null)
    __scatterload_zeroinit                   0x000007fd   Thumb Code    14  handlers.o(i.__scatterload_zeroinit)
    clr_all_panel                            0x0000080d   Thumb Code    76  lcd_driver.o(i.clr_all_panel)
    enemy_plane                              0x0000085d   Thumb Code    60  lab_lcd.o(i.enemy_plane)
    main                                     0x000008b1   Thumb Code  2770  lab_lcd.o(i.main)
    print_lcd                                0x00001385   Thumb Code   214  lcd_driver.o(i.print_lcd)
    show_seven_segment                       0x00001465   Thumb Code    62  lab_lcd.o(i.show_seven_segment)
    Region$$Table$$Base                      0x000014b0   Number         0  anon$$obj.o(Region$$Table)
    Region$$Table$$Limit                     0x000014d0   Number         0  anon$$obj.o(Region$$Table)
    SystemCoreClock                          0x20000000   Data           4  system_nuc1xx.o(.data)
    CyclesPerUs                              0x20000004   Data           4  system_nuc1xx.o(.data)
    gau32ClkSrcTbl                           0x20000008   Data          20  system_nuc1xx.o(.data)
    reg_ptr                                  0x20000020   Data           4  lab_lcd.o(.data)
    SEG                                      0x20000024   Data          40  lab_lcd.o(.data)
    SPI_PORT                                 0x20000054   Data          16  lcd_driver.o(.data)
    Ascii                                    0x20000074   Data        1520  ascii_table.o(.data)
    __initial_sp                             0x20000a68   Data           0  startup_nuc1xx.o(STACK)



==============================================================================

Memory Map of the image

  Image Entry point : 0x000000d5

  Load Region LR_IROM1 (Base: 0x00000000, Size: 0x00001b34, Max: 0x00020000, ABSOLUTE, COMPRESSED[0x00001828])

    Execution Region ER_IROM1 (Exec base: 0x00000000, Load base: 0x00000000, Size: 0x000014d0, Max: 0x00020000, ABSOLUTE)

    Exec Addr    Load Addr    Size         Type   Attr      Idx    E Section Name        Object

    0x00000000   0x00000000   0x000000c0   Data   RO            3    RESET               startup_nuc1xx.o
    0x000000c0   0x000000c0   0x00000000   Code   RO          793  * .ARM.Collect$$$$00000000  mc_p.l(entry.o)
    0x000000c0   0x000000c0   0x00000004   Code   RO          831    .ARM.Collect$$$$00000001  mc_p.l(entry2.o)
    0x000000c4   0x000000c4   0x00000004   Code   RO          834    .ARM.Collect$$$$00000004  mc_p.l(entry5.o)
    0x000000c8   0x000000c8   0x00000000   Code   RO          836    .ARM.Collect$$$$00000008  mc_p.l(entry7b.o)
    0x000000c8   0x000000c8   0x00000000   Code   RO          838    .ARM.Collect$$$$0000000A  mc_p.l(entry8b.o)
    0x000000c8   0x000000c8   0x00000008   Code   RO          839    .ARM.Collect$$$$0000000B  mc_p.l(entry9a.o)
    0x000000d0   0x000000d0   0x00000000   Code   RO          841    .ARM.Collect$$$$0000000D  mc_p.l(entry10a.o)
    0x000000d0   0x000000d0   0x00000000   Code   RO          843    .ARM.Collect$$$$0000000F  mc_p.l(entry11a.o)
    0x000000d0   0x000000d0   0x00000004   Code   RO          832    .ARM.Collect$$$$00002712  mc_p.l(entry2.o)
    0x000000d4   0x000000d4   0x00000074   Code   RO            4  * .text               startup_nuc1xx.o
    0x00000148   0x00000148   0x0000002c   Code   RO          796    .text               mc_p.l(uidiv.o)
    0x00000174   0x00000174   0x00000024   Code   RO          869    .text               mc_p.l(init.o)
    0x00000198   0x00000198   0x00000056   Code   RO          887    .text               mc_p.l(__dczerorl2.o)
    0x000001ee   0x000001ee   0x00000002   PAD
    0x000001f0   0x000001f0   0x0000001c   Code   RO          188    i.BOD_IRQHandler    drvsys.o
    0x0000020c   0x0000020c   0x00000024   Code   RO          556    i.DrvGPIO_ClrBit    drvgpio.o
    0x00000230   0x00000230   0x00000028   Code   RO          569    i.DrvGPIO_GetBit    drvgpio.o
    0x00000258   0x00000258   0x00000024   Code   RO          580    i.DrvGPIO_SetBit    drvgpio.o
    0x0000027c   0x0000027c   0x00000160   Code   RO          214    i.DrvSYS_Open       drvsys.o
    0x000003dc   0x000003dc   0x0000001c   Code   RO          586    i.EINT0_IRQHandler  drvgpio.o
    0x000003f8   0x000003f8   0x0000001c   Code   RO          587    i.EINT1_IRQHandler  drvgpio.o
    0x00000414   0x00000414   0x0000003c   Code   RO          588    i.GPAB_IRQHandler   drvgpio.o
    0x00000450   0x00000450   0x00000048   Code   RO          589    i.GPCDE_IRQHandler  drvgpio.o
    0x00000498   0x00000498   0x00000002   Code   RO           64    i.HardFault_Handler  lab_lcd.o
    0x0000049a   0x0000049a   0x00000002   PAD
    0x0000049c   0x0000049c   0x00000148   Code   RO          479    i.Initial_panel     lcd_driver.o
    0x000005e4   0x000005e4   0x00000020   Code   RO          233    i.PWRWU_IRQHandler  drvsys.o
    0x00000604   0x00000604   0x0000002c   Code   RO           68    i.SYS_Delay         lab_lcd.o
    0x00000630   0x00000630   0x00000074   Code   RO           69    i.Scan_key          lab_lcd.o
    0x000006a4   0x000006a4   0x0000008c   Code   RO          480    i.SetPACA           lcd_driver.o
    0x00000730   0x00000730   0x00000084   Code   RO           10    i.SystemCoreClockUpdate  system_nuc1xx.o
    0x000007b4   0x000007b4   0x00000002   Code   RO           11    i.SystemInit        system_nuc1xx.o
    0x000007b6   0x000007b6   0x00000002   PAD
    0x000007b8   0x000007b8   0x00000034   Code   RO          483    i.WriteData         lcd_driver.o
    0x000007ec   0x000007ec   0x0000000e   Code   RO          881    i.__scatterload_copy  mc_p.l(handlers.o)
    0x000007fa   0x000007fa   0x00000002   Code   RO          882    i.__scatterload_null  mc_p.l(handlers.o)
    0x000007fc   0x000007fc   0x0000000e   Code   RO          883    i.__scatterload_zeroinit  mc_p.l(handlers.o)
    0x0000080a   0x0000080a   0x00000002   PAD
    0x0000080c   0x0000080c   0x00000050   Code   RO          484    i.clr_all_panel     lcd_driver.o
    0x0000085c   0x0000085c   0x00000054   Code   RO           70    i.enemy_plane       lab_lcd.o
    0x000008b0   0x000008b0   0x00000ad2   Code   RO           72    i.main              lab_lcd.o
    0x00001382   0x00001382   0x00000002   PAD
    0x00001384   0x00001384   0x000000e0   Code   RO          487    i.print_lcd         lcd_driver.o
    0x00001464   0x00001464   0x0000004c   Code   RO           74    i.show_seven_segment  lab_lcd.o
    0x000014b0   0x000014b0   0x00000020   Data   RO          879    Region$$Table       anon$$obj.o


    Execution Region RW_IRAM1 (Exec base: 0x20000000, Load base: 0x000014d0, Size: 0x00000a68, Max: 0x00004000, ABSOLUTE, COMPRESSED[0x00000358])

    Exec Addr    Load Addr    Size         Type   Attr      Idx    E Section Name        Object

    0x20000000   COMPRESSED   0x0000001c   Data   RW           12    .data               system_nuc1xx.o
    0x2000001c   COMPRESSED   0x00000030   Data   RW           75    .data               lab_lcd.o
    0x2000004c   COMPRESSED   0x00000008   Data   RW          235    .data               drvsys.o
    0x20000054   COMPRESSED   0x00000010   Data   RW          488    .data               lcd_driver.o
    0x20000064   COMPRESSED   0x00000010   Data   RW          590    .data               drvgpio.o
    0x20000074   COMPRESSED   0x000005f0   Data   RW          776    .data               ascii_table.o
    0x20000664   COMPRESSED   0x00000004   PAD
    0x20000668        -       0x00000400   Zero   RW            1    STACK               startup_nuc1xx.o


==============================================================================

Image component sizes


      Code (inc. data)   RO Data    RW Data    ZI Data      Debug   Object Name

         0          0          0       1520          0        396   ascii_table.o
       300         70          0         16          0       9248   drvgpio.o
       412         78          0          8          0       6047   drvsys.o
      3092        190          0         48          0     136809   lab_lcd.o
       824         32          0         16          0     121233   lcd_driver.o
       116         38        192          0       1024        628   startup_nuc1xx.o
       134         24          0         28          0       6290   system_nuc1xx.o

    ----------------------------------------------------------------------
      4884        432        224       1636       1028     280651   Object Totals
         0          0         32          0          0          0   (incl. Generated)
         6          0          0          0          4          0   (incl. Padding)

    ----------------------------------------------------------------------

      Code (inc. data)   RO Data    RW Data    ZI Data      Debug   Library Member Name

        86          0          0          0          0          0   __dczerorl2.o
         0          0          0          0          0          0   entry.o
         0          0          0          0          0          0   entry10a.o
         0          0          0          0          0          0   entry11a.o
         8          4          0          0          0          0   entry2.o
         4          0          0          0          0          0   entry5.o
         0          0          0          0          0          0   entry7b.o
         0          0          0          0          0          0   entry8b.o
         8          4          0          0          0          0   entry9a.o
        30          0          0          0          0          0   handlers.o
        36          8          0          0          0         68   init.o
        44          0          0          0          0         72   uidiv.o

    ----------------------------------------------------------------------
       220         16          0          0          0        140   Library Totals
         4          0          0          0          0          0   (incl. Padding)

    ----------------------------------------------------------------------

      Code (inc. data)   RO Data    RW Data    ZI Data      Debug   Library Name

       216         16          0          0          0        140   mc_p.l

    ----------------------------------------------------------------------
       220         16          0          0          0        140   Library Totals

    ----------------------------------------------------------------------

==============================================================================


      Code (inc. data)   RO Data    RW Data    ZI Data      Debug   

      5104        448        224       1636       1028     280135   Grand Totals
      5104        448        224        856       1028     280135   ELF Image Totals (compressed)
      5104        448        224        856          0          0   ROM Totals

==============================================================================

    Total RO  Size (Code + RO Data)                 5328 (   5.20kB)
    Total RW  Size (RW Data + ZI Data)              2664 (   2.60kB)
    Total ROM Size (Code + RO Data + RW Data)       6184 (   6.04kB)

==============================================================================

