<html>
<body>
<pre>
<h1>µVision Build Log</h1>
<h2>Tool Versions:</h2>
IDE-Version: £gVision V5.24.2.0
Copyright (C) 2017 ARM Ltd and ARM Germany GmbH. All rights reserved.
License Information: ch lin, ntust, LIC=----
 
Tool Versions:
Toolchain:       MDK-Lite  Version: 5.24.1
Toolchain Path:  C:\Keil_v5\ARM\ARMCC\Bin
C Compiler:      Armcc.exe V5.06 update 5 (build 528)
Assembler:       Armasm.exe V5.06 update 5 (build 528)
Linker/Locator:  ArmLink.exe V5.06 update 5 (build 528)
Library Manager: ArmAr.exe V5.06 update 5 (build 528)
Hex Converter:   FromElf.exe V5.06 update 5 (build 528)
CPU DLL:         SARMCM3.DLL V5.24.1
Dialog DLL:      DARMCM1.DLL V1.18.0.0
Target DLL:      CMSIS_AGDI.dll V1.28.3.0
Dialog DLL:      TARMCM1.DLL V1.13.0.0
 
<h2>Project:</h2>
C:\Users\chien\Desktop\2017·Lºâ¾÷\Week 10_Lab8_PWM\Lab8_PWM\Smpl_PWM_Music.uvproj
Project File Date:  11/22/2017

<h2>Output:</h2>
*** Using Compiler 'V5.06 update 5 (build 528)', folder: 'C:\Keil_v5\ARM\ARMCC\Bin'
Rebuild target 'Smpl_PWM_Music'
creating preprocessor file for system_NUC1xx.c...
creating preprocessor file for core_cm0.c...
assembling startup_NUC1xx.s...
compiling system_NUC1xx.c...
creating preprocessor file for Smpl_PWM_Music.c...
compiling core_cm0.c...
creating preprocessor file for Ascii_Table.c...
compiling Ascii_Table.c...
compiling Smpl_PWM_Music.c...
creating preprocessor file for LCD_Driver.c...
creating preprocessor file for DrvGPIO.c...
creating preprocessor file for DrvSYS.c...
compiling LCD_Driver.c...
compiling DrvGPIO.c...
compiling DrvSYS.c...
linking...
Program Size: Code=2260 RO-data=656 RW-data=60 ZI-data=1124  
".\obj\Smpl_PWM_Tone.axf" - 0 Error(s), 0 Warning(s).
Build Time Elapsed:  00:00:02
</pre>
</body>
</html>
