<html>
<body>
<pre>
<h1>µVision Build Log</h1>
<h2>Project:</h2>
C:\Users\Allen\Desktop\ARM ±Ð§÷\M0_Timer\Timer.uvproj
Project File Date:  08/12/2014

<h2>Output:</h2>
Rebuild target 'Target 1'
assembling startup_NUC1xx.s...
compiling system_NUC1xx.c...
compiling core_cm0.c...
compiling Timer_lab.c...
linking...
.\Timer.sct(8): warning: L6314W: No section matches pattern *(InRoot$$Sections).
Program Size: Code=616 RO-data=192 RW-data=28 ZI-data=1028  
Finished: 0 information, 1 warning and 0 error messages.
".\Timer.axf" - 0 Error(s), 1 Warning(s).
</pre>
</body>
</html>
rning(s).

".\Timer.axf" - 0 Error(s), 2 Warning(s).
rning(s).
4  
Finished: 0 information, 1 warning and 0 error messages.
".\Timer.axf" - 0 Error(s), 3 Warning(s).
not created
 Warning(s).
Target not created
t created
