<html>
<body>
<pre>
<h1>µVision Build Log</h1>
<h2>Tool Versions:</h2>
IDE-Version: £gVision V5.24.2.0
Copyright (C) 2017 ARM Ltd and ARM Germany GmbH. All rights reserved.
License Information: ch lin, ntust, LIC=----
 
Tool Versions:
Toolchain:       MDK-Lite  Version: 5.24.1
Toolchain Path:  C:\Keil_v5\ARM\ARMCC\Bin
C Compiler:      Armcc.exe V5.06 update 5 (build 528)
Assembler:       Armasm.exe V5.06 update 5 (build 528)
Linker/Locator:  ArmLink.exe V5.06 update 5 (build 528)
Library Manager: ArmAr.exe V5.06 update 5 (build 528)
Hex Converter:   FromElf.exe V5.06 update 5 (build 528)
CPU DLL:         SARMCM3.DLL V5.24.1
Dialog DLL:      DARMCM1.DLL V1.18.0.0
Target DLL:      NULink\Nu_Link.dll V2.01
Dialog DLL:      TARMCM1.DLL V1.13.0.0
 
<h2>Project:</h2>
C:\Users\chien\Desktop\2017·Lºâ¾÷\Week 09_Lab7_Timer\Lab_Timer\Timer.uvproj
Project File Date:  10/30/2017

<h2>Output:</h2>
*** Using Compiler 'V5.06 update 5 (build 528)', folder: 'C:\Keil_v5\ARM\ARMCC\Bin'
Rebuild target 'Target 1'
assembling startup_NUC1xx.s...
compiling core_cm0.c...
compiling system_NUC1xx.c...
compiling DrvSYS.c...
compiling DrvGPIO.c...
compiling Timer_lab.c...
Timer_lab.c(28): warning:  #177-D: variable "percentage"  was declared but never referenced
    static unsigned int percentage = 0;
Timer_lab.c(67): warning:  #177-D: variable "i"  was declared but never referenced
  	int i, j;
Timer_lab.c(67): warning:  #177-D: variable "j"  was declared but never referenced
  	int i, j;
Timer_lab.c(68): warning:  #177-D: variable "R"  was declared but never referenced
  	static int R, G, B;
Timer_lab.c(68): warning:  #177-D: variable "G"  was declared but never referenced
  	static int R, G, B;
Timer_lab.c(68): warning:  #177-D: variable "B"  was declared but never referenced
  	static int R, G, B;
Timer_lab.c(70): warning:  #177-D: variable "Color_Tab"  was declared but never referenced
  	int Color_Tab[8] = {
Timer_lab.c: 7 warnings, 0 errors
compiling DrvTIMER.c...
linking...
Program Size: Code=2700 RO-data=256 RW-data=156 ZI-data=1204  
".\obj\Timer.axf" - 0 Error(s), 7 Warning(s).
Build Time Elapsed:  00:00:01
</pre>
</body>
</html>
