<!doctype html public "-//w3c//dtd html 4.0 transitional//en">
<html><head>
<title>Static Call Graph - [.\obj\Timer.axf]</title></head>
<body><HR>
<H1>Static Call Graph for image .\obj\Timer.axf</H1><HR>
<BR><P>#&#060CALLGRAPH&#062# ARM Linker, 5060528: Last Updated: Wed Nov 29 12:32:22 2017
<BR><P>
<H3>Maximum Stack Usage =         52 bytes + Unknown(Functions without stacksize, Cycles, Untraceable Function Pointers)</H3><H3>
Call chain for Maximum Stack Depth:</H3>
main &rArr; DrvSYS_Open &rArr; SystemCoreClockUpdate &rArr; __aeabi_uidivmod
<P>
<H3>
Functions with no stack information
</H3><UL>
 <LI><a href="#[28]">SH_DoCommand</a>
</UL>
</UL>
<P>
<H3>
Mutually Recursive functions
</H3> <LI><a href="#[1]">NMI_Handler</a>&nbsp;&nbsp;&nbsp;&rArr;&nbsp;&nbsp;&nbsp;<a href="#[1]">NMI_Handler</a><BR>
 <LI><a href="#[3]">SVC_Handler</a>&nbsp;&nbsp;&nbsp;&rArr;&nbsp;&nbsp;&nbsp;<a href="#[3]">SVC_Handler</a><BR>
 <LI><a href="#[4]">PendSV_Handler</a>&nbsp;&nbsp;&nbsp;&rArr;&nbsp;&nbsp;&nbsp;<a href="#[4]">PendSV_Handler</a><BR>
 <LI><a href="#[5]">SysTick_Handler</a>&nbsp;&nbsp;&nbsp;&rArr;&nbsp;&nbsp;&nbsp;<a href="#[5]">SysTick_Handler</a><BR>
 <LI><a href="#[2]">HardFault_Handler</a>&nbsp;&nbsp;&nbsp;&rArr;&nbsp;&nbsp;&nbsp;<a href="#[2]">HardFault_Handler</a><BR>
 <LI><a href="#[1b]">Default_Handler</a>&nbsp;&nbsp;&nbsp;&rArr;&nbsp;&nbsp;&nbsp;<a href="#[1b]">Default_Handler</a><BR>
</UL>
<P>
<H3>
Function Pointers
</H3><UL>
 <LI><a href="#[1e]">ACMP_IRQHandler</a> from startup_nuc1xx.o(.text) referenced from startup_nuc1xx.o(RESET)
 <LI><a href="#[22]">ADC_IRQHandler</a> from startup_nuc1xx.o(.text) referenced from startup_nuc1xx.o(RESET)
 <LI><a href="#[6]">BOD_IRQHandler</a> from drvsys.o(i.BOD_IRQHandler) referenced from startup_nuc1xx.o(RESET)
 <LI><a href="#[1a]">CAN0_IRQHandler</a> from startup_nuc1xx.o(.text) referenced from startup_nuc1xx.o(RESET)
 <LI><a href="#[1b]">Default_Handler</a> from startup_nuc1xx.o(.text) referenced 3 times from startup_nuc1xx.o(RESET)
 <LI><a href="#[8]">EINT0_IRQHandler</a> from drvgpio.o(i.EINT0_IRQHandler) referenced from startup_nuc1xx.o(RESET)
 <LI><a href="#[9]">EINT1_IRQHandler</a> from drvgpio.o(i.EINT1_IRQHandler) referenced from startup_nuc1xx.o(RESET)
 <LI><a href="#[a]">GPAB_IRQHandler</a> from drvgpio.o(i.GPAB_IRQHandler) referenced from startup_nuc1xx.o(RESET)
 <LI><a href="#[b]">GPCDE_IRQHandler</a> from drvgpio.o(i.GPCDE_IRQHandler) referenced from startup_nuc1xx.o(RESET)
 <LI><a href="#[2]">HardFault_Handler</a> from lab_lcd.o(i.HardFault_Handler) referenced from startup_nuc1xx.o(RESET)
 <LI><a href="#[18]">I2C0_IRQHandler</a> from startup_nuc1xx.o(.text) referenced from startup_nuc1xx.o(RESET)
 <LI><a href="#[19]">I2C1_IRQHandler</a> from startup_nuc1xx.o(.text) referenced from startup_nuc1xx.o(RESET)
 <LI><a href="#[20]">I2S_IRQHandler</a> from startup_nuc1xx.o(.text) referenced from startup_nuc1xx.o(RESET)
 <LI><a href="#[1]">NMI_Handler</a> from startup_nuc1xx.o(.text) referenced from startup_nuc1xx.o(RESET)
 <LI><a href="#[1f]">PDMA_IRQHandler</a> from startup_nuc1xx.o(.text) referenced from startup_nuc1xx.o(RESET)
 <LI><a href="#[1d]">PS2_IRQHandler</a> from startup_nuc1xx.o(.text) referenced from startup_nuc1xx.o(RESET)
 <LI><a href="#[c]">PWMA_IRQHandler</a> from startup_nuc1xx.o(.text) referenced from startup_nuc1xx.o(RESET)
 <LI><a href="#[d]">PWMB_IRQHandler</a> from startup_nuc1xx.o(.text) referenced from startup_nuc1xx.o(RESET)
 <LI><a href="#[21]">PWRWU_IRQHandler</a> from drvsys.o(i.PWRWU_IRQHandler) referenced from startup_nuc1xx.o(RESET)
 <LI><a href="#[4]">PendSV_Handler</a> from startup_nuc1xx.o(.text) referenced from startup_nuc1xx.o(RESET)
 <LI><a href="#[23]">RTC_IRQHandler</a> from startup_nuc1xx.o(.text) referenced from startup_nuc1xx.o(RESET)
 <LI><a href="#[27]">Reset_Handler</a> from startup_nuc1xx.o(.text) referenced from startup_nuc1xx.o(RESET)
 <LI><a href="#[14]">SPI0_IRQHandler</a> from startup_nuc1xx.o(.text) referenced from startup_nuc1xx.o(RESET)
 <LI><a href="#[15]">SPI1_IRQHandler</a> from startup_nuc1xx.o(.text) referenced from startup_nuc1xx.o(RESET)
 <LI><a href="#[16]">SPI2_IRQHandler</a> from startup_nuc1xx.o(.text) referenced from startup_nuc1xx.o(RESET)
 <LI><a href="#[17]">SPI3_IRQHandler</a> from startup_nuc1xx.o(.text) referenced from startup_nuc1xx.o(RESET)
 <LI><a href="#[3]">SVC_Handler</a> from startup_nuc1xx.o(.text) referenced from startup_nuc1xx.o(RESET)
 <LI><a href="#[5]">SysTick_Handler</a> from startup_nuc1xx.o(.text) referenced from startup_nuc1xx.o(RESET)
 <LI><a href="#[25]">SystemInit</a> from system_nuc1xx.o(i.SystemInit) referenced from startup_nuc1xx.o(.text)
 <LI><a href="#[e]">TMR0_IRQHandler</a> from startup_nuc1xx.o(.text) referenced from startup_nuc1xx.o(RESET)
 <LI><a href="#[f]">TMR1_IRQHandler</a> from startup_nuc1xx.o(.text) referenced from startup_nuc1xx.o(RESET)
 <LI><a href="#[10]">TMR2_IRQHandler</a> from startup_nuc1xx.o(.text) referenced from startup_nuc1xx.o(RESET)
 <LI><a href="#[11]">TMR3_IRQHandler</a> from startup_nuc1xx.o(.text) referenced from startup_nuc1xx.o(RESET)
 <LI><a href="#[12]">UART02_IRQHandler</a> from startup_nuc1xx.o(.text) referenced from startup_nuc1xx.o(RESET)
 <LI><a href="#[13]">UART1_IRQHandler</a> from startup_nuc1xx.o(.text) referenced from startup_nuc1xx.o(RESET)
 <LI><a href="#[1c]">USBD_IRQHandler</a> from startup_nuc1xx.o(.text) referenced from startup_nuc1xx.o(RESET)
 <LI><a href="#[7]">WDT_IRQHandler</a> from startup_nuc1xx.o(.text) referenced from startup_nuc1xx.o(RESET)
 <LI><a href="#[26]">__main</a> from entry.o(.ARM.Collect$$$$00000000) referenced from startup_nuc1xx.o(.text)
 <LI><a href="#[24]">main</a> from lab_lcd.o(i.main) referenced from entry9a.o(.ARM.Collect$$$$0000000B)
</UL>
<P>
<H3>
Global Symbols
</H3>
<P><STRONG><a name="[26]"></a>__main</STRONG> (Thumb, 0 bytes, Stack size unknown bytes, entry.o(.ARM.Collect$$$$00000000))
<BR>[Address Reference Count : 1]<UL><LI> startup_nuc1xx.o(.text)
</UL>
<P><STRONG><a name="[33]"></a>_main_stk</STRONG> (Thumb, 0 bytes, Stack size unknown bytes, entry2.o(.ARM.Collect$$$$00000001))

<P><STRONG><a name="[29]"></a>_main_scatterload</STRONG> (Thumb, 0 bytes, Stack size unknown bytes, entry5.o(.ARM.Collect$$$$00000004))
<BR><BR>[Calls]<UL><LI><a href="#[2a]">&gt;&gt;</a>&nbsp;&nbsp;&nbsp;__scatterload
</UL>

<P><STRONG><a name="[2b]"></a>__main_after_scatterload</STRONG> (Thumb, 0 bytes, Stack size unknown bytes, entry5.o(.ARM.Collect$$$$00000004))
<BR><BR>[Called By]<UL><LI><a href="#[2a]">&gt;&gt;</a>&nbsp;&nbsp;&nbsp;__scatterload
</UL>

<P><STRONG><a name="[34]"></a>_main_clock</STRONG> (Thumb, 0 bytes, Stack size unknown bytes, entry7b.o(.ARM.Collect$$$$00000008))

<P><STRONG><a name="[35]"></a>_main_cpp_init</STRONG> (Thumb, 0 bytes, Stack size unknown bytes, entry8b.o(.ARM.Collect$$$$0000000A))

<P><STRONG><a name="[36]"></a>_main_init</STRONG> (Thumb, 0 bytes, Stack size unknown bytes, entry9a.o(.ARM.Collect$$$$0000000B))

<P><STRONG><a name="[37]"></a>__rt_final_cpp</STRONG> (Thumb, 0 bytes, Stack size unknown bytes, entry10a.o(.ARM.Collect$$$$0000000D))

<P><STRONG><a name="[38]"></a>__rt_final_exit</STRONG> (Thumb, 0 bytes, Stack size unknown bytes, entry11a.o(.ARM.Collect$$$$0000000F))

<P><STRONG><a name="[27]"></a>Reset_Handler</STRONG> (Thumb, 32 bytes, Stack size 0 bytes, startup_nuc1xx.o(.text))

<P><STRONG><a name="[1]"></a>NMI_Handler</STRONG> (Thumb, 2 bytes, Stack size 0 bytes, startup_nuc1xx.o(.text))
<BR><BR>[Calls]<UL><LI><a href="#[1]">&gt;&gt;</a>&nbsp;&nbsp;&nbsp;NMI_Handler
</UL>
<BR>[Called By]<UL><LI><a href="#[1]">&gt;&gt;</a>&nbsp;&nbsp;&nbsp;NMI_Handler
</UL>
<BR>[Address Reference Count : 1]<UL><LI> startup_nuc1xx.o(RESET)
</UL>
<P><STRONG><a name="[3]"></a>SVC_Handler</STRONG> (Thumb, 2 bytes, Stack size 0 bytes, startup_nuc1xx.o(.text))
<BR><BR>[Calls]<UL><LI><a href="#[3]">&gt;&gt;</a>&nbsp;&nbsp;&nbsp;SVC_Handler
</UL>
<BR>[Called By]<UL><LI><a href="#[3]">&gt;&gt;</a>&nbsp;&nbsp;&nbsp;SVC_Handler
</UL>
<BR>[Address Reference Count : 1]<UL><LI> startup_nuc1xx.o(RESET)
</UL>
<P><STRONG><a name="[4]"></a>PendSV_Handler</STRONG> (Thumb, 2 bytes, Stack size 0 bytes, startup_nuc1xx.o(.text))
<BR><BR>[Calls]<UL><LI><a href="#[4]">&gt;&gt;</a>&nbsp;&nbsp;&nbsp;PendSV_Handler
</UL>
<BR>[Called By]<UL><LI><a href="#[4]">&gt;&gt;</a>&nbsp;&nbsp;&nbsp;PendSV_Handler
</UL>
<BR>[Address Reference Count : 1]<UL><LI> startup_nuc1xx.o(RESET)
</UL>
<P><STRONG><a name="[5]"></a>SysTick_Handler</STRONG> (Thumb, 2 bytes, Stack size 0 bytes, startup_nuc1xx.o(.text))
<BR><BR>[Calls]<UL><LI><a href="#[5]">&gt;&gt;</a>&nbsp;&nbsp;&nbsp;SysTick_Handler
</UL>
<BR>[Called By]<UL><LI><a href="#[5]">&gt;&gt;</a>&nbsp;&nbsp;&nbsp;SysTick_Handler
</UL>
<BR>[Address Reference Count : 1]<UL><LI> startup_nuc1xx.o(RESET)
</UL>
<P><STRONG><a name="[1e]"></a>ACMP_IRQHandler</STRONG> (Thumb, 0 bytes, Stack size 0 bytes, startup_nuc1xx.o(.text))
<BR>[Address Reference Count : 1]<UL><LI> startup_nuc1xx.o(RESET)
</UL>
<P><STRONG><a name="[22]"></a>ADC_IRQHandler</STRONG> (Thumb, 0 bytes, Stack size 0 bytes, startup_nuc1xx.o(.text))
<BR>[Address Reference Count : 1]<UL><LI> startup_nuc1xx.o(RESET)
</UL>
<P><STRONG><a name="[1a]"></a>CAN0_IRQHandler</STRONG> (Thumb, 0 bytes, Stack size 0 bytes, startup_nuc1xx.o(.text))
<BR>[Address Reference Count : 1]<UL><LI> startup_nuc1xx.o(RESET)
</UL>
<P><STRONG><a name="[18]"></a>I2C0_IRQHandler</STRONG> (Thumb, 0 bytes, Stack size 0 bytes, startup_nuc1xx.o(.text))
<BR>[Address Reference Count : 1]<UL><LI> startup_nuc1xx.o(RESET)
</UL>
<P><STRONG><a name="[19]"></a>I2C1_IRQHandler</STRONG> (Thumb, 0 bytes, Stack size 0 bytes, startup_nuc1xx.o(.text))
<BR>[Address Reference Count : 1]<UL><LI> startup_nuc1xx.o(RESET)
</UL>
<P><STRONG><a name="[20]"></a>I2S_IRQHandler</STRONG> (Thumb, 0 bytes, Stack size 0 bytes, startup_nuc1xx.o(.text))
<BR>[Address Reference Count : 1]<UL><LI> startup_nuc1xx.o(RESET)
</UL>
<P><STRONG><a name="[1f]"></a>PDMA_IRQHandler</STRONG> (Thumb, 0 bytes, Stack size 0 bytes, startup_nuc1xx.o(.text))
<BR>[Address Reference Count : 1]<UL><LI> startup_nuc1xx.o(RESET)
</UL>
<P><STRONG><a name="[1d]"></a>PS2_IRQHandler</STRONG> (Thumb, 0 bytes, Stack size 0 bytes, startup_nuc1xx.o(.text))
<BR>[Address Reference Count : 1]<UL><LI> startup_nuc1xx.o(RESET)
</UL>
<P><STRONG><a name="[c]"></a>PWMA_IRQHandler</STRONG> (Thumb, 0 bytes, Stack size 0 bytes, startup_nuc1xx.o(.text))
<BR>[Address Reference Count : 1]<UL><LI> startup_nuc1xx.o(RESET)
</UL>
<P><STRONG><a name="[d]"></a>PWMB_IRQHandler</STRONG> (Thumb, 0 bytes, Stack size 0 bytes, startup_nuc1xx.o(.text))
<BR>[Address Reference Count : 1]<UL><LI> startup_nuc1xx.o(RESET)
</UL>
<P><STRONG><a name="[23]"></a>RTC_IRQHandler</STRONG> (Thumb, 0 bytes, Stack size 0 bytes, startup_nuc1xx.o(.text))
<BR>[Address Reference Count : 1]<UL><LI> startup_nuc1xx.o(RESET)
</UL>
<P><STRONG><a name="[14]"></a>SPI0_IRQHandler</STRONG> (Thumb, 0 bytes, Stack size 0 bytes, startup_nuc1xx.o(.text))
<BR>[Address Reference Count : 1]<UL><LI> startup_nuc1xx.o(RESET)
</UL>
<P><STRONG><a name="[15]"></a>SPI1_IRQHandler</STRONG> (Thumb, 0 bytes, Stack size 0 bytes, startup_nuc1xx.o(.text))
<BR>[Address Reference Count : 1]<UL><LI> startup_nuc1xx.o(RESET)
</UL>
<P><STRONG><a name="[16]"></a>SPI2_IRQHandler</STRONG> (Thumb, 0 bytes, Stack size 0 bytes, startup_nuc1xx.o(.text))
<BR>[Address Reference Count : 1]<UL><LI> startup_nuc1xx.o(RESET)
</UL>
<P><STRONG><a name="[17]"></a>SPI3_IRQHandler</STRONG> (Thumb, 0 bytes, Stack size 0 bytes, startup_nuc1xx.o(.text))
<BR>[Address Reference Count : 1]<UL><LI> startup_nuc1xx.o(RESET)
</UL>
<P><STRONG><a name="[e]"></a>TMR0_IRQHandler</STRONG> (Thumb, 0 bytes, Stack size 0 bytes, startup_nuc1xx.o(.text))
<BR>[Address Reference Count : 1]<UL><LI> startup_nuc1xx.o(RESET)
</UL>
<P><STRONG><a name="[f]"></a>TMR1_IRQHandler</STRONG> (Thumb, 0 bytes, Stack size 0 bytes, startup_nuc1xx.o(.text))
<BR>[Address Reference Count : 1]<UL><LI> startup_nuc1xx.o(RESET)
</UL>
<P><STRONG><a name="[10]"></a>TMR2_IRQHandler</STRONG> (Thumb, 0 bytes, Stack size 0 bytes, startup_nuc1xx.o(.text))
<BR>[Address Reference Count : 1]<UL><LI> startup_nuc1xx.o(RESET)
</UL>
<P><STRONG><a name="[11]"></a>TMR3_IRQHandler</STRONG> (Thumb, 0 bytes, Stack size 0 bytes, startup_nuc1xx.o(.text))
<BR>[Address Reference Count : 1]<UL><LI> startup_nuc1xx.o(RESET)
</UL>
<P><STRONG><a name="[12]"></a>UART02_IRQHandler</STRONG> (Thumb, 0 bytes, Stack size 0 bytes, startup_nuc1xx.o(.text))
<BR>[Address Reference Count : 1]<UL><LI> startup_nuc1xx.o(RESET)
</UL>
<P><STRONG><a name="[13]"></a>UART1_IRQHandler</STRONG> (Thumb, 0 bytes, Stack size 0 bytes, startup_nuc1xx.o(.text))
<BR>[Address Reference Count : 1]<UL><LI> startup_nuc1xx.o(RESET)
</UL>
<P><STRONG><a name="[1c]"></a>USBD_IRQHandler</STRONG> (Thumb, 0 bytes, Stack size 0 bytes, startup_nuc1xx.o(.text))
<BR>[Address Reference Count : 1]<UL><LI> startup_nuc1xx.o(RESET)
</UL>
<P><STRONG><a name="[7]"></a>WDT_IRQHandler</STRONG> (Thumb, 0 bytes, Stack size 0 bytes, startup_nuc1xx.o(.text))
<BR>[Address Reference Count : 1]<UL><LI> startup_nuc1xx.o(RESET)
</UL>
<P><STRONG><a name="[28]"></a>SH_DoCommand</STRONG> (Thumb, 0 bytes, Stack size unknown bytes, startup_nuc1xx.o(.text), UNUSED, KEPT)

<P><STRONG><a name="[39]"></a>__aeabi_uidiv</STRONG> (Thumb, 0 bytes, Stack size 12 bytes, uidiv.o(.text), UNUSED)

<P><STRONG><a name="[2d]"></a>__aeabi_uidivmod</STRONG> (Thumb, 44 bytes, Stack size 12 bytes, uidiv.o(.text))
<BR><BR>[Stack]<UL><LI>Max Depth = 12<LI>Call Chain = __aeabi_uidivmod
</UL>
<BR>[Called By]<UL><LI><a href="#[2c]">&gt;&gt;</a>&nbsp;&nbsp;&nbsp;DrvSYS_Open
<LI><a href="#[2e]">&gt;&gt;</a>&nbsp;&nbsp;&nbsp;SystemCoreClockUpdate
</UL>

<P><STRONG><a name="[2a]"></a>__scatterload</STRONG> (Thumb, 28 bytes, Stack size 0 bytes, init.o(.text))
<BR><BR>[Calls]<UL><LI><a href="#[2b]">&gt;&gt;</a>&nbsp;&nbsp;&nbsp;__main_after_scatterload
</UL>
<BR>[Called By]<UL><LI><a href="#[29]">&gt;&gt;</a>&nbsp;&nbsp;&nbsp;_main_scatterload
</UL>

<P><STRONG><a name="[3a]"></a>__scatterload_rt2</STRONG> (Thumb, 0 bytes, Stack size 0 bytes, init.o(.text), UNUSED)

<P><STRONG><a name="[6]"></a>BOD_IRQHandler</STRONG> (Thumb, 24 bytes, Stack size 0 bytes, drvsys.o(i.BOD_IRQHandler))
<BR>[Address Reference Count : 1]<UL><LI> startup_nuc1xx.o(RESET)
</UL>
<P><STRONG><a name="[2c]"></a>DrvSYS_Open</STRONG> (Thumb, 288 bytes, Stack size 24 bytes, drvsys.o(i.DrvSYS_Open))
<BR><BR>[Stack]<UL><LI>Max Depth = 52<LI>Call Chain = DrvSYS_Open &rArr; SystemCoreClockUpdate &rArr; __aeabi_uidivmod
</UL>
<BR>[Calls]<UL><LI><a href="#[2d]">&gt;&gt;</a>&nbsp;&nbsp;&nbsp;__aeabi_uidivmod
<LI><a href="#[2e]">&gt;&gt;</a>&nbsp;&nbsp;&nbsp;SystemCoreClockUpdate
</UL>
<BR>[Called By]<UL><LI><a href="#[24]">&gt;&gt;</a>&nbsp;&nbsp;&nbsp;main
</UL>

<P><STRONG><a name="[8]"></a>EINT0_IRQHandler</STRONG> (Thumb, 20 bytes, Stack size 0 bytes, drvgpio.o(i.EINT0_IRQHandler))
<BR>[Address Reference Count : 1]<UL><LI> startup_nuc1xx.o(RESET)
</UL>
<P><STRONG><a name="[9]"></a>EINT1_IRQHandler</STRONG> (Thumb, 20 bytes, Stack size 0 bytes, drvgpio.o(i.EINT1_IRQHandler))
<BR>[Address Reference Count : 1]<UL><LI> startup_nuc1xx.o(RESET)
</UL>
<P><STRONG><a name="[a]"></a>GPAB_IRQHandler</STRONG> (Thumb, 48 bytes, Stack size 8 bytes, drvgpio.o(i.GPAB_IRQHandler))
<BR><BR>[Stack]<UL><LI>Max Depth = 8<LI>Call Chain = GPAB_IRQHandler
</UL>
<BR>[Address Reference Count : 1]<UL><LI> startup_nuc1xx.o(RESET)
</UL>
<P><STRONG><a name="[b]"></a>GPCDE_IRQHandler</STRONG> (Thumb, 54 bytes, Stack size 16 bytes, drvgpio.o(i.GPCDE_IRQHandler))
<BR><BR>[Stack]<UL><LI>Max Depth = 16<LI>Call Chain = GPCDE_IRQHandler
</UL>
<BR>[Address Reference Count : 1]<UL><LI> startup_nuc1xx.o(RESET)
</UL>
<P><STRONG><a name="[2]"></a>HardFault_Handler</STRONG> (Thumb, 2 bytes, Stack size 0 bytes, lab_lcd.o(i.HardFault_Handler))
<BR><BR>[Calls]<UL><LI><a href="#[2]">&gt;&gt;</a>&nbsp;&nbsp;&nbsp;HardFault_Handler
</UL>
<BR>[Called By]<UL><LI><a href="#[2]">&gt;&gt;</a>&nbsp;&nbsp;&nbsp;HardFault_Handler
</UL>
<BR>[Address Reference Count : 1]<UL><LI> startup_nuc1xx.o(RESET)
</UL>
<P><STRONG><a name="[32]"></a>Initial_panel</STRONG> (Thumb, 318 bytes, Stack size 0 bytes, lcd_driver.o(i.Initial_panel))
<BR><BR>[Called By]<UL><LI><a href="#[24]">&gt;&gt;</a>&nbsp;&nbsp;&nbsp;main
</UL>

<P><STRONG><a name="[21]"></a>PWRWU_IRQHandler</STRONG> (Thumb, 22 bytes, Stack size 0 bytes, drvsys.o(i.PWRWU_IRQHandler))
<BR>[Address Reference Count : 1]<UL><LI> startup_nuc1xx.o(RESET)
</UL>
<P><STRONG><a name="[30]"></a>SetPACA</STRONG> (Thumb, 136 bytes, Stack size 4 bytes, lcd_driver.o(i.SetPACA))
<BR><BR>[Stack]<UL><LI>Max Depth = 4<LI>Call Chain = SetPACA
</UL>
<BR>[Called By]<UL><LI><a href="#[2f]">&gt;&gt;</a>&nbsp;&nbsp;&nbsp;clr_all_panel
<LI><a href="#[24]">&gt;&gt;</a>&nbsp;&nbsp;&nbsp;main
</UL>

<P><STRONG><a name="[2e]"></a>SystemCoreClockUpdate</STRONG> (Thumb, 108 bytes, Stack size 16 bytes, system_nuc1xx.o(i.SystemCoreClockUpdate))
<BR><BR>[Stack]<UL><LI>Max Depth = 28<LI>Call Chain = SystemCoreClockUpdate &rArr; __aeabi_uidivmod
</UL>
<BR>[Calls]<UL><LI><a href="#[2d]">&gt;&gt;</a>&nbsp;&nbsp;&nbsp;__aeabi_uidivmod
</UL>
<BR>[Called By]<UL><LI><a href="#[2c]">&gt;&gt;</a>&nbsp;&nbsp;&nbsp;DrvSYS_Open
</UL>

<P><STRONG><a name="[25]"></a>SystemInit</STRONG> (Thumb, 2 bytes, Stack size 0 bytes, system_nuc1xx.o(i.SystemInit))
<BR>[Address Reference Count : 1]<UL><LI> startup_nuc1xx.o(.text)
</UL>
<P><STRONG><a name="[31]"></a>WriteData</STRONG> (Thumb, 48 bytes, Stack size 0 bytes, lcd_driver.o(i.WriteData))
<BR><BR>[Called By]<UL><LI><a href="#[2f]">&gt;&gt;</a>&nbsp;&nbsp;&nbsp;clr_all_panel
<LI><a href="#[24]">&gt;&gt;</a>&nbsp;&nbsp;&nbsp;main
</UL>

<P><STRONG><a name="[3b]"></a>__scatterload_copy</STRONG> (Thumb, 14 bytes, Stack size unknown bytes, handlers.o(i.__scatterload_copy), UNUSED)

<P><STRONG><a name="[3c]"></a>__scatterload_null</STRONG> (Thumb, 2 bytes, Stack size unknown bytes, handlers.o(i.__scatterload_null), UNUSED)

<P><STRONG><a name="[3d]"></a>__scatterload_zeroinit</STRONG> (Thumb, 14 bytes, Stack size unknown bytes, handlers.o(i.__scatterload_zeroinit), UNUSED)

<P><STRONG><a name="[2f]"></a>clr_all_panel</STRONG> (Thumb, 76 bytes, Stack size 16 bytes, lcd_driver.o(i.clr_all_panel))
<BR><BR>[Stack]<UL><LI>Max Depth = 20<LI>Call Chain = clr_all_panel &rArr; SetPACA
</UL>
<BR>[Calls]<UL><LI><a href="#[31]">&gt;&gt;</a>&nbsp;&nbsp;&nbsp;WriteData
<LI><a href="#[30]">&gt;&gt;</a>&nbsp;&nbsp;&nbsp;SetPACA
</UL>
<BR>[Called By]<UL><LI><a href="#[24]">&gt;&gt;</a>&nbsp;&nbsp;&nbsp;main
</UL>

<P><STRONG><a name="[24]"></a>main</STRONG> (Thumb, 60 bytes, Stack size 0 bytes, lab_lcd.o(i.main))
<BR><BR>[Stack]<UL><LI>Max Depth = 52<LI>Call Chain = main &rArr; DrvSYS_Open &rArr; SystemCoreClockUpdate &rArr; __aeabi_uidivmod
</UL>
<BR>[Calls]<UL><LI><a href="#[2f]">&gt;&gt;</a>&nbsp;&nbsp;&nbsp;clr_all_panel
<LI><a href="#[31]">&gt;&gt;</a>&nbsp;&nbsp;&nbsp;WriteData
<LI><a href="#[30]">&gt;&gt;</a>&nbsp;&nbsp;&nbsp;SetPACA
<LI><a href="#[32]">&gt;&gt;</a>&nbsp;&nbsp;&nbsp;Initial_panel
<LI><a href="#[2c]">&gt;&gt;</a>&nbsp;&nbsp;&nbsp;DrvSYS_Open
</UL>
<BR>[Address Reference Count : 1]<UL><LI> entry9a.o(.ARM.Collect$$$$0000000B)
</UL><P>
<H3>
Local Symbols
</H3>
<P><STRONG><a name="[1b]"></a>Default_Handler</STRONG> (Thumb, 2 bytes, Stack size 0 bytes, startup_nuc1xx.o(.text))
<BR><BR>[Calls]<UL><LI><a href="#[1b]">&gt;&gt;</a>&nbsp;&nbsp;&nbsp;Default_Handler
</UL>
<BR>[Called By]<UL><LI><a href="#[1b]">&gt;&gt;</a>&nbsp;&nbsp;&nbsp;Default_Handler
</UL>
<BR>[Address Reference Count : 1]<UL><LI> startup_nuc1xx.o(RESET)
</UL><P>
<H3>
Undefined Global Symbols
</H3><HR></body></html>
