<html>
<body>
<pre>
<h1>猩ision Build Log</h1>
<h2>Tool Versions:</h2>
IDE-Version: μVision V5.24.2.0
Copyright (C) 2017 ARM Ltd and ARM Germany GmbH. All rights reserved.
License Information: ch lin, ntust, LIC=----
 
Tool Versions:
Toolchain:       MDK-Lite  Version: 5.24.1
Toolchain Path:  C:\Keil_v5\ARM\ARMCC\Bin
C Compiler:      Armcc.exe V5.06 update 5 (build 528)
Assembler:       Armasm.exe V5.06 update 5 (build 528)
Linker/Locator:  ArmLink.exe V5.06 update 5 (build 528)
Library Manager: ArmAr.exe V5.06 update 5 (build 528)
Hex Converter:   FromElf.exe V5.06 update 5 (build 528)
CPU DLL:         SARMCM3.DLL V5.24.1
Dialog DLL:      DARMCM1.DLL V1.18.0.0
Target DLL:      NULink\Nu_Link.dll V2.01
Dialog DLL:      TARMCM1.DLL V1.13.0.0
 
<h2>Project:</h2>
C:\Users\chien\Desktop\2016微算機(備課)\微算機實習教材\2016 實習課\Week 05-GPIO_Lab2_N\7seg_Ans\7seg_LAB.uvproj
Project File Date:  10/16/2017

<h2>Output:</h2>
*** Using Compiler 'V5.06 update 5 (build 528)', folder: 'C:\Keil_v5\ARM\ARMCC\Bin'
Rebuild target 'Target 1'
assembling startup_NUC1xx.s...
compiling core_cm0.c...
compiling system_NUC1xx.c...
compiling 7seg.c...
7seg.c(83): warning:  #177-D: variable "cnt"  was declared but never referenced
  	  int ss=0, mm=0, ms=0, cnt=0;
7seg.c(73): warning:  #177-D: variable "TEXT1"  was declared but never referenced
  	int TEXT1[16];
7seg.c(74): warning:  #177-D: variable "i"  was declared but never referenced
  	uint32_t i = 0;
compiling DrvSYS.c...
compiling DrvGPIO.c...
linking...
.\7seg_answer.axf: Warning: L6305W: Image does not have an entry point. (Not specified or not set due to multiple choices.)
Program Size: Code=7772 RO-data=240 RW-data=100 ZI-data=1124  
Finished: 0 information, 1 warning and 0 error messages.
".\7seg_answer.axf" - 0 Error(s), 4 Warning(s).
Build Time Elapsed:  00:00:01
</pre>
</body>
</html>
