Component: ARM Compiler 5.06 update 5 (build 528) Tool: armlink [4d35e2]

==============================================================================

Section Cross References

    startup_nuc1xx.o(STACK) refers (Special) to heapauxi.o(.text) for __use_two_region_memory
    startup_nuc1xx.o(HEAP) refers (Special) to heapauxi.o(.text) for __use_two_region_memory
    startup_nuc1xx.o(RESET) refers (Special) to heapauxi.o(.text) for __use_two_region_memory
    startup_nuc1xx.o(RESET) refers to startup_nuc1xx.o(STACK) for __initial_sp
    startup_nuc1xx.o(RESET) refers to startup_nuc1xx.o(.text) for Reset_Handler
    startup_nuc1xx.o(RESET) refers to timer_lab.o(i.HardFault_Handler) for HardFault_Handler
    startup_nuc1xx.o(RESET) refers to drvsys.o(i.BOD_IRQHandler) for BOD_IRQHandler
    startup_nuc1xx.o(RESET) refers to drvtimer.o(i.WDT_IRQHandler) for WDT_IRQHandler
    startup_nuc1xx.o(RESET) refers to drvgpio.o(i.EINT0_IRQHandler) for EINT0_IRQHandler
    startup_nuc1xx.o(RESET) refers to drvgpio.o(i.EINT1_IRQHandler) for EINT1_IRQHandler
    startup_nuc1xx.o(RESET) refers to drvgpio.o(i.GPAB_IRQHandler) for GPAB_IRQHandler
    startup_nuc1xx.o(RESET) refers to drvgpio.o(i.GPCDE_IRQHandler) for GPCDE_IRQHandler
    startup_nuc1xx.o(RESET) refers to timer_lab.o(i.TMR0_IRQHandler1) for TMR0_IRQHandler1
    startup_nuc1xx.o(RESET) refers to drvtimer.o(i.TMR1_IRQHandler) for TMR1_IRQHandler
    startup_nuc1xx.o(RESET) refers to drvtimer.o(i.TMR2_IRQHandler) for TMR2_IRQHandler
    startup_nuc1xx.o(RESET) refers to drvtimer.o(i.TMR3_IRQHandler) for TMR3_IRQHandler
    startup_nuc1xx.o(RESET) refers to drvsys.o(i.PWRWU_IRQHandler) for PWRWU_IRQHandler
    startup_nuc1xx.o(.text) refers (Special) to heapauxi.o(.text) for __use_two_region_memory
    startup_nuc1xx.o(.text) refers to system_nuc1xx.o(i.SystemInit) for SystemInit
    startup_nuc1xx.o(.text) refers to __main.o(!!!main) for __main
    startup_nuc1xx.o(.text) refers to startup_nuc1xx.o(HEAP) for Heap_Mem
    startup_nuc1xx.o(.text) refers to startup_nuc1xx.o(STACK) for Stack_Mem
    system_nuc1xx.o(i.SystemCoreClockUpdate) refers to aeabi_sdiv.o(.text) for __aeabi_uidivmod
    system_nuc1xx.o(i.SystemCoreClockUpdate) refers to system_nuc1xx.o(.data) for gau32ClkSrcTbl
    timer_lab.o(i.SYS_Delay) refers to timer_lab.o(.data) for repeat
    timer_lab.o(i.main) refers to rt_memcpy.o(.emb_text) for __aeabi_memcpy4
    timer_lab.o(i.main) refers to drvsys.o(i.DrvSYS_Open) for DrvSYS_Open
    timer_lab.o(i.main) refers to drvgpio.o(i.DrvGPIO_Open) for DrvGPIO_Open
    timer_lab.o(i.main) refers to timer_lab.o(i.TIMER0_Init) for TIMER0_Init
    timer_lab.o(i.main) refers to timer_lab.o(.constdata) for .constdata
    drvsys.o(i.BOD_IRQHandler) refers to drvsys.o(.data) for BOD_callbackFn
    drvsys.o(i.DrvSYS_Delay) refers to system_nuc1xx.o(.data) for CyclesPerUs
    drvsys.o(i.DrvSYS_GetChipClockSourceStatus) refers to drvsys.o(i.__ARM_common_switch8) for __ARM_common_switch8
    drvsys.o(i.DrvSYS_GetHCLKFreq) refers to drvsys.o(i.DrvSYS_GetPLLClockFreq) for DrvSYS_GetPLLClockFreq
    drvsys.o(i.DrvSYS_GetHCLKFreq) refers to aeabi_sdiv.o(.text) for __aeabi_uidivmod
    drvsys.o(i.DrvSYS_GetPLLClockFreq) refers to aeabi_sdiv.o(.text) for __aeabi_uidivmod
    drvsys.o(i.DrvSYS_GetPLLClockFreq) refers to drvsys.o(.constdata) for .constdata
    drvsys.o(i.DrvSYS_GetPLLContent) refers to aeabi_sdiv.o(.text) for __aeabi_uidivmod
    drvsys.o(i.DrvSYS_Open) refers to drvsys.o(i.DrvSYS_IsProtectedRegLocked) for DrvSYS_IsProtectedRegLocked
    drvsys.o(i.DrvSYS_Open) refers to drvsys.o(i.DrvSYS_GetPLLContent) for DrvSYS_GetPLLContent
    drvsys.o(i.DrvSYS_Open) refers to drvsys.o(i.DrvSYS_SetPLLContent) for DrvSYS_SetPLLContent
    drvsys.o(i.DrvSYS_Open) refers to drvsys.o(i.DrvSYS_SelectHCLKSource) for DrvSYS_SelectHCLKSource
    drvsys.o(i.DrvSYS_SelectHCLKSource) refers to system_nuc1xx.o(i.SystemCoreClockUpdate) for SystemCoreClockUpdate
    drvsys.o(i.DrvSYS_SelectIPClockSource) refers to drvsys.o(i.__ARM_common_switch8) for __ARM_common_switch8
    drvsys.o(i.DrvSYS_SetBODFunction) refers to drvsys.o(i.NVIC_DisableIRQ) for NVIC_DisableIRQ
    drvsys.o(i.DrvSYS_SetBODFunction) refers to drvsys.o(i.NVIC_SetPriority) for NVIC_SetPriority
    drvsys.o(i.DrvSYS_SetBODFunction) refers to drvsys.o(i.NVIC_EnableIRQ) for NVIC_EnableIRQ
    drvsys.o(i.DrvSYS_SetBODFunction) refers to drvsys.o(.data) for BOD_callbackFn
    drvsys.o(i.DrvSYS_SetClockDivider) refers to system_nuc1xx.o(i.SystemCoreClockUpdate) for SystemCoreClockUpdate
    drvsys.o(i.DrvSYS_SetFreqDividerOutput) refers to drvsys.o(i.DrvSYS_SetIPClock) for DrvSYS_SetIPClock
    drvsys.o(i.DrvSYS_SetPowerDownWakeUpInt) refers to drvsys.o(i.NVIC_SetPriority) for NVIC_SetPriority
    drvsys.o(i.DrvSYS_SetPowerDownWakeUpInt) refers to drvsys.o(i.NVIC_EnableIRQ) for NVIC_EnableIRQ
    drvsys.o(i.DrvSYS_SetPowerDownWakeUpInt) refers to drvsys.o(i.NVIC_DisableIRQ) for NVIC_DisableIRQ
    drvsys.o(i.DrvSYS_SetPowerDownWakeUpInt) refers to drvsys.o(.data) for PWRWU_callbackFn
    drvsys.o(i.PWRWU_IRQHandler) refers to drvsys.o(.data) for PWRWU_callbackFn
    drvtimer.o(i.CalTimerInitValue) refers to aeabi_sdiv.o(.text) for __aeabi_uidivmod
    drvtimer.o(i.DrvTIMER_ClearCaptureIntFlag) refers to drvtimer.o(.constdata) for CH_OFFSET
    drvtimer.o(i.DrvTIMER_ClearTimerEvent) refers to drvtimer.o(.bss) for tTime0Event
    drvtimer.o(i.DrvTIMER_ClearTimerEvent) refers to drvtimer.o(.data) for uTime0EventCount
    drvtimer.o(i.DrvTIMER_Close) refers to drvtimer.o(i.DrvTIMER_DisableInt) for DrvTIMER_DisableInt
    drvtimer.o(i.DrvTIMER_Close) refers to drvtimer.o(.data) for bIsTimer0Used
    drvtimer.o(i.DrvTIMER_CloseCapture) refers to drvtimer.o(.constdata) for CH_OFFSET
    drvtimer.o(i.DrvTIMER_Delay) refers to drvtimer.o(i.DrvTIMER_GetIntTicks) for DrvTIMER_GetIntTicks
    drvtimer.o(i.DrvTIMER_DisableCapture) refers to drvtimer.o(.constdata) for CH_OFFSET
    drvtimer.o(i.DrvTIMER_DisableCaptureDebounce) refers to drvtimer.o(.constdata) for CH_OFFSET
    drvtimer.o(i.DrvTIMER_DisableCaptureInt) refers to drvtimer.o(.constdata) for CH_OFFSET
    drvtimer.o(i.DrvTIMER_DisableCounterDebounce) refers to drvtimer.o(.constdata) for CH_OFFSET
    drvtimer.o(i.DrvTIMER_DisableInt) refers to drvtimer.o(i.NVIC_DisableIRQ) for NVIC_DisableIRQ
    drvtimer.o(i.DrvTIMER_DisableInt) refers to drvtimer.o(.constdata) for CH_OFFSET
    drvtimer.o(i.DrvTIMER_EnableCapture) refers to drvtimer.o(.constdata) for CH_OFFSET
    drvtimer.o(i.DrvTIMER_EnableCaptureDebounce) refers to drvtimer.o(.constdata) for CH_OFFSET
    drvtimer.o(i.DrvTIMER_EnableCaptureInt) refers to drvtimer.o(.constdata) for CH_OFFSET
    drvtimer.o(i.DrvTIMER_EnableCounterDebounce) refers to drvtimer.o(.constdata) for CH_OFFSET
    drvtimer.o(i.DrvTIMER_EnableInt) refers to drvtimer.o(i.NVIC_SetPriority) for NVIC_SetPriority
    drvtimer.o(i.DrvTIMER_EnableInt) refers to drvtimer.o(i.NVIC_EnableIRQ) for NVIC_EnableIRQ
    drvtimer.o(i.DrvTIMER_EnableInt) refers to drvtimer.o(.constdata) for CH_OFFSET
    drvtimer.o(i.DrvTIMER_GetCaptureData) refers to drvtimer.o(.constdata) for CH_OFFSET
    drvtimer.o(i.DrvTIMER_GetCaptureIntFlag) refers to drvtimer.o(.constdata) for CH_OFFSET
    drvtimer.o(i.DrvTIMER_GetCounters) refers to drvtimer.o(.constdata) for CH_OFFSET
    drvtimer.o(i.DrvTIMER_GetIntTicks) refers to drvtimer.o(.data) for uTimer0Tick
    drvtimer.o(i.DrvTIMER_Init) refers to drvtimer.o(.data) for bIsTimer0Initial
    drvtimer.o(i.DrvTIMER_Open) refers to drvtimer.o(i.GetTimerClock) for GetTimerClock
    drvtimer.o(i.DrvTIMER_Open) refers to drvtimer.o(i.CalTimerInitValue) for CalTimerInitValue
    drvtimer.o(i.DrvTIMER_Open) refers to drvgpio.o(i.DrvGPIO_InitFunction) for DrvGPIO_InitFunction
    drvtimer.o(i.DrvTIMER_Open) refers to drvtimer.o(.data) for bIsTimer0Initial
    drvtimer.o(i.DrvTIMER_Open) refers to drvtimer.o(.bss) for tTime0Event
    drvtimer.o(i.DrvTIMER_OpenCapture) refers to drvsys.o(i.DrvSYS_SelectIPClockSource) for DrvSYS_SelectIPClockSource
    drvtimer.o(i.DrvTIMER_OpenCapture) refers to drvgpio.o(i.DrvGPIO_InitFunction) for DrvGPIO_InitFunction
    drvtimer.o(i.DrvTIMER_OpenCapture) refers to drvtimer.o(.constdata) for CH_OFFSET
    drvtimer.o(i.DrvTIMER_OpenCounter) refers to drvsys.o(i.DrvSYS_SelectIPClockSource) for DrvSYS_SelectIPClockSource
    drvtimer.o(i.DrvTIMER_OpenCounter) refers to drvgpio.o(i.DrvGPIO_InitFunction) for DrvGPIO_InitFunction
    drvtimer.o(i.DrvTIMER_OpenCounter) refers to drvtimer.o(.data) for bIsTimer0Initial
    drvtimer.o(i.DrvTIMER_OpenCounter) refers to drvtimer.o(.bss) for tTime0Event
    drvtimer.o(i.DrvTIMER_OpenCounter) refers to drvtimer.o(.constdata) for CH_OFFSET
    drvtimer.o(i.DrvTIMER_ResetIntTicks) refers to drvtimer.o(.data) for uTimer0Tick
    drvtimer.o(i.DrvTIMER_SelectCaptureEdge) refers to drvtimer.o(.constdata) for CH_OFFSET
    drvtimer.o(i.DrvTIMER_SelectCounterDetectPhase) refers to drvtimer.o(.constdata) for CH_OFFSET
    drvtimer.o(i.DrvTIMER_SelectExternalMode) refers to drvtimer.o(.constdata) for CH_OFFSET
    drvtimer.o(i.DrvTIMER_SetTimerEvent) refers to drvtimer.o(.data) for uTime0EventCount
    drvtimer.o(i.DrvTIMER_SetTimerEvent) refers to drvtimer.o(.bss) for tTime0Event
    drvtimer.o(i.DrvTIMER_Start) refers to drvtimer.o(.constdata) for CH_OFFSET
    drvtimer.o(i.DrvTIMER_StartCounter) refers to drvtimer.o(.constdata) for CH_OFFSET
    drvtimer.o(i.DrvWDT_Close) refers to drvtimer.o(i.DrvWDT_Ioctl) for DrvWDT_Ioctl
    drvtimer.o(i.DrvWDT_Close) refers to drvsys.o(i.DrvSYS_GetHCLKFreq) for DrvSYS_GetHCLKFreq
    drvtimer.o(i.DrvWDT_InstallISR) refers to drvtimer.o(.data) for fnCallBack_WDT
    drvtimer.o(i.DrvWDT_Ioctl) refers to drvsys.o(i.__ARM_common_switch8) for __ARM_common_switch8
    drvtimer.o(i.DrvWDT_Ioctl) refers to drvtimer.o(i.NVIC_SetPriority) for NVIC_SetPriority
    drvtimer.o(i.DrvWDT_Ioctl) refers to drvtimer.o(i.NVIC_EnableIRQ) for NVIC_EnableIRQ
    drvtimer.o(i.DrvWDT_Ioctl) refers to drvtimer.o(i.NVIC_DisableIRQ) for NVIC_DisableIRQ
    drvtimer.o(i.DrvWDT_Open) refers to drvtimer.o(i.DrvWDT_Ioctl) for DrvWDT_Ioctl
    drvtimer.o(i.GetTimerClock) refers to drvsys.o(i.DrvSYS_GetExtClockFreq) for DrvSYS_GetExtClockFreq
    drvtimer.o(i.GetTimerClock) refers to drvsys.o(i.DrvSYS_GetHCLKFreq) for DrvSYS_GetHCLKFreq
    drvtimer.o(i.TMR0_IRQHandler) refers to drvtimer.o(.data) for uTimer0Tick
    drvtimer.o(i.TMR0_IRQHandler) refers to drvtimer.o(.bss) for tTime0Event
    drvtimer.o(i.TMR1_IRQHandler) refers to drvtimer.o(.data) for uTimer1Tick
    drvtimer.o(i.TMR1_IRQHandler) refers to drvtimer.o(.bss) for tTime1Event
    drvtimer.o(i.TMR2_IRQHandler) refers to drvtimer.o(.data) for uTimer2Tick
    drvtimer.o(i.TMR2_IRQHandler) refers to drvtimer.o(.bss) for tTime2Event
    drvtimer.o(i.TMR3_IRQHandler) refers to drvtimer.o(.data) for uTimer3Tick
    drvtimer.o(i.TMR3_IRQHandler) refers to drvtimer.o(.bss) for tTime3Event
    drvtimer.o(i.WDT_IRQHandler) refers to drvtimer.o(.data) for fnCallBack_WDT
    drvgpio.o(i.DrvGPIO_ClrPortMask) refers to drvgpio.o(i.DrvGPIO_GetPortMask) for DrvGPIO_GetPortMask
    drvgpio.o(i.DrvGPIO_DisableEINT0) refers to drvgpio.o(i.NVIC_DisableIRQ) for NVIC_DisableIRQ
    drvgpio.o(i.DrvGPIO_DisableEINT1) refers to drvgpio.o(i.NVIC_DisableIRQ) for NVIC_DisableIRQ
    drvgpio.o(i.DrvGPIO_DisableInt) refers to drvgpio.o(i.NVIC_DisableIRQ) for NVIC_DisableIRQ
    drvgpio.o(i.DrvGPIO_EnableEINT0) refers to drvgpio.o(i.NVIC_SetPriority) for NVIC_SetPriority
    drvgpio.o(i.DrvGPIO_EnableEINT0) refers to drvgpio.o(i.NVIC_EnableIRQ) for NVIC_EnableIRQ
    drvgpio.o(i.DrvGPIO_EnableEINT0) refers to drvgpio.o(.data) for _pfEINT0Callback
    drvgpio.o(i.DrvGPIO_EnableEINT1) refers to drvgpio.o(i.NVIC_SetPriority) for NVIC_SetPriority
    drvgpio.o(i.DrvGPIO_EnableEINT1) refers to drvgpio.o(i.NVIC_EnableIRQ) for NVIC_EnableIRQ
    drvgpio.o(i.DrvGPIO_EnableEINT1) refers to drvgpio.o(.data) for _pfEINT1Callback
    drvgpio.o(i.DrvGPIO_EnableInt) refers to drvgpio.o(i.NVIC_SetPriority) for NVIC_SetPriority
    drvgpio.o(i.DrvGPIO_EnableInt) refers to drvgpio.o(i.NVIC_EnableIRQ) for NVIC_EnableIRQ
    drvgpio.o(i.DrvGPIO_InitFunction) refers to drvsys.o(i.__ARM_common_switch8) for __ARM_common_switch8
    drvgpio.o(i.DrvGPIO_SetIntCallback) refers to drvgpio.o(.data) for _pfGPABCallback
    drvgpio.o(i.DrvGPIO_SetPortMask) refers to drvgpio.o(i.DrvGPIO_GetPortMask) for DrvGPIO_GetPortMask
    drvgpio.o(i.EINT0_IRQHandler) refers to drvgpio.o(.data) for _pfEINT0Callback
    drvgpio.o(i.EINT1_IRQHandler) refers to drvgpio.o(.data) for _pfEINT1Callback
    drvgpio.o(i.GPAB_IRQHandler) refers to drvgpio.o(.data) for _pfGPABCallback
    drvgpio.o(i.GPCDE_IRQHandler) refers to drvgpio.o(.data) for _pfGPCDECallback
    rt_memcpy.o(.text) refers to rt_memcpy.o(.emb_text) for __aeabi_memcpy4
    __main.o(!!!main) refers to __rtentry.o(.ARM.Collect$$rtentry$$00000000) for __rt_entry
    __rtentry.o(.ARM.Collect$$rtentry$$00000000) refers (Special) to __rtentry2.o(.ARM.Collect$$rtentry$$0000000A) for __rt_entry_li
    __rtentry.o(.ARM.Collect$$rtentry$$00000000) refers (Special) to __rtentry2.o(.ARM.Collect$$rtentry$$0000000D) for __rt_entry_main
    __rtentry.o(.ARM.Collect$$rtentry$$00000000) refers (Special) to __rtentry2.o(.ARM.Collect$$rtentry$$0000000C) for __rt_entry_postli_1
    __rtentry.o(.ARM.Collect$$rtentry$$00000000) refers (Special) to __rtentry2.o(.ARM.Collect$$rtentry$$00000009) for __rt_entry_postsh_1
    __rtentry.o(.ARM.Collect$$rtentry$$00000000) refers (Special) to __rtentry2.o(.ARM.Collect$$rtentry$$00000002) for __rt_entry_presh_1
    __rtentry.o(.ARM.Collect$$rtentry$$00000000) refers (Special) to __rtentry4.o(.ARM.Collect$$rtentry$$00000004) for __rt_entry_sh
    aeabi_idiv0_sigfpe.o(.text) refers to rt_div0.o(.text) for __rt_div0
    __rtentry2.o(.ARM.Collect$$rtentry$$00000008) refers to boardinit2.o(.text) for _platform_post_stackheap_init
    __rtentry2.o(.ARM.Collect$$rtentry$$0000000A) refers to libinit.o(.ARM.Collect$$libinit$$00000000) for __rt_lib_init
    __rtentry2.o(.ARM.Collect$$rtentry$$0000000B) refers to boardinit3.o(.text) for _platform_post_lib_init
    __rtentry2.o(.ARM.Collect$$rtentry$$0000000D) refers to timer_lab.o(i.main) for main
    __rtentry2.o(.ARM.Collect$$rtentry$$0000000D) refers to exit.o(.text) for exit
    __rtentry2.o(.ARM.exidx) refers to __rtentry2.o(.ARM.Collect$$rtentry$$00000001) for .ARM.Collect$$rtentry$$00000001
    __rtentry2.o(.ARM.exidx) refers to __rtentry2.o(.ARM.Collect$$rtentry$$00000008) for .ARM.Collect$$rtentry$$00000008
    __rtentry2.o(.ARM.exidx) refers to __rtentry2.o(.ARM.Collect$$rtentry$$0000000A) for .ARM.Collect$$rtentry$$0000000A
    __rtentry2.o(.ARM.exidx) refers to __rtentry2.o(.ARM.Collect$$rtentry$$0000000B) for .ARM.Collect$$rtentry$$0000000B
    __rtentry2.o(.ARM.exidx) refers to __rtentry2.o(.ARM.Collect$$rtentry$$0000000D) for .ARM.Collect$$rtentry$$0000000D
    __rtentry4.o(.ARM.Collect$$rtentry$$00000004) refers to sys_stackheap_outer.o(.text) for __user_setup_stackheap
    __rtentry4.o(.ARM.exidx) refers to __rtentry4.o(.ARM.Collect$$rtentry$$00000004) for .ARM.Collect$$rtentry$$00000004
    rt_div0.o(.text) refers to defsig_fpe_outer.o(.text) for __rt_SIGFPE
    sys_stackheap_outer.o(.text) refers to libspace.o(.text) for __user_perproc_libspace
    sys_stackheap_outer.o(.text) refers to startup_nuc1xx.o(.text) for __user_initial_stackheap
    sys_stackheap_outer.o(__vectab_stack_and_reset_area) refers to tempstk.o(.text) for __temporary_stack_top
    sys_stackheap_outer.o(__vectab_stack_and_reset_area) refers to __main.o(!!!main) for __main
    exit.o(.text) refers to rtexit.o(.ARM.Collect$$rtexit$$00000000) for __rt_exit
    defsig_fpe_outer.o(.text) refers to defsig_fpe_inner.o(.text) for __rt_SIGFPE_inner
    defsig_fpe_outer.o(.text) refers to defsig_exit.o(.text) for __sig_exit
    defsig_fpe_formal.o(.text) refers to rt_raise.o(.text) for __rt_raise
    libinit.o(.ARM.Collect$$libinit$$00000000) refers (Special) to libinit2.o(.ARM.Collect$$libinit$$0000002E) for __rt_lib_init_alloca_1
    libinit.o(.ARM.Collect$$libinit$$00000000) refers (Special) to libinit2.o(.ARM.Collect$$libinit$$0000002C) for __rt_lib_init_argv_1
    libinit.o(.ARM.Collect$$libinit$$00000000) refers (Special) to libinit2.o(.ARM.Collect$$libinit$$0000001B) for __rt_lib_init_atexit_1
    libinit.o(.ARM.Collect$$libinit$$00000000) refers (Special) to libinit2.o(.ARM.Collect$$libinit$$00000021) for __rt_lib_init_clock_1
    libinit.o(.ARM.Collect$$libinit$$00000000) refers (Special) to libinit2.o(.ARM.Collect$$libinit$$00000032) for __rt_lib_init_cpp_1
    libinit.o(.ARM.Collect$$libinit$$00000000) refers (Special) to libinit2.o(.ARM.Collect$$libinit$$00000030) for __rt_lib_init_exceptions_1
    libinit.o(.ARM.Collect$$libinit$$00000000) refers (Special) to libinit2.o(.ARM.Collect$$libinit$$00000002) for __rt_lib_init_fp_1
    libinit.o(.ARM.Collect$$libinit$$00000000) refers (Special) to libinit2.o(.ARM.Collect$$libinit$$0000001F) for __rt_lib_init_fp_trap_1
    libinit.o(.ARM.Collect$$libinit$$00000000) refers (Special) to libinit2.o(.ARM.Collect$$libinit$$00000023) for __rt_lib_init_getenv_1
    libinit.o(.ARM.Collect$$libinit$$00000000) refers (Special) to libinit2.o(.ARM.Collect$$libinit$$0000000A) for __rt_lib_init_heap_1
    libinit.o(.ARM.Collect$$libinit$$00000000) refers (Special) to libinit2.o(.ARM.Collect$$libinit$$00000011) for __rt_lib_init_lc_collate_1
    libinit.o(.ARM.Collect$$libinit$$00000000) refers (Special) to libinit2.o(.ARM.Collect$$libinit$$00000013) for __rt_lib_init_lc_ctype_1
    libinit.o(.ARM.Collect$$libinit$$00000000) refers (Special) to libinit2.o(.ARM.Collect$$libinit$$00000015) for __rt_lib_init_lc_monetary_1
    libinit.o(.ARM.Collect$$libinit$$00000000) refers (Special) to libinit2.o(.ARM.Collect$$libinit$$00000017) for __rt_lib_init_lc_numeric_1
    libinit.o(.ARM.Collect$$libinit$$00000000) refers (Special) to libinit2.o(.ARM.Collect$$libinit$$00000019) for __rt_lib_init_lc_time_1
    libinit.o(.ARM.Collect$$libinit$$00000000) refers (Special) to libinit2.o(.ARM.Collect$$libinit$$00000004) for __rt_lib_init_preinit_1
    libinit.o(.ARM.Collect$$libinit$$00000000) refers (Special) to libinit2.o(.ARM.Collect$$libinit$$0000000E) for __rt_lib_init_rand_1
    libinit.o(.ARM.Collect$$libinit$$00000000) refers (Special) to libinit2.o(.ARM.Collect$$libinit$$00000033) for __rt_lib_init_return
    libinit.o(.ARM.Collect$$libinit$$00000000) refers (Special) to libinit2.o(.ARM.Collect$$libinit$$0000001D) for __rt_lib_init_signal_1
    libinit.o(.ARM.Collect$$libinit$$00000000) refers (Special) to libinit2.o(.ARM.Collect$$libinit$$00000025) for __rt_lib_init_stdio_1
    libinit.o(.ARM.Collect$$libinit$$00000000) refers (Special) to libinit2.o(.ARM.Collect$$libinit$$0000000C) for __rt_lib_init_user_alloc_1
    libspace.o(.text) refers to libspace.o(.bss) for __libspace_start
    rtexit.o(.ARM.Collect$$rtexit$$00000000) refers (Special) to rtexit2.o(.ARM.Collect$$rtexit$$00000004) for __rt_exit_exit
    rtexit.o(.ARM.Collect$$rtexit$$00000000) refers (Special) to rtexit2.o(.ARM.Collect$$rtexit$$00000003) for __rt_exit_ls
    rtexit.o(.ARM.Collect$$rtexit$$00000000) refers (Special) to rtexit2.o(.ARM.Collect$$rtexit$$00000002) for __rt_exit_prels_1
    rtexit.o(.ARM.exidx) refers (Special) to rtexit2.o(.ARM.Collect$$rtexit$$00000004) for __rt_exit_exit
    rtexit.o(.ARM.exidx) refers (Special) to rtexit2.o(.ARM.Collect$$rtexit$$00000003) for __rt_exit_ls
    rtexit.o(.ARM.exidx) refers (Special) to rtexit2.o(.ARM.Collect$$rtexit$$00000002) for __rt_exit_prels_1
    rtexit.o(.ARM.exidx) refers to rtexit.o(.ARM.Collect$$rtexit$$00000000) for .ARM.Collect$$rtexit$$00000000
    rt_raise.o(.text) refers to __raise.o(.text) for __raise
    rt_raise.o(.text) refers to sys_exit.o(.text) for _sys_exit
    defsig_exit.o(.text) refers to sys_exit.o(.text) for _sys_exit
    defsig_fpe_inner.o(.text) refers to defsig_general.o(.text) for __default_signal_display
    libinit2.o(.ARM.Collect$$libinit$$00000010) refers to libinit2.o(.ARM.Collect$$libinit$$0000000F) for .ARM.Collect$$libinit$$0000000F
    libinit2.o(.ARM.Collect$$libinit$$00000012) refers to libinit2.o(.ARM.Collect$$libinit$$0000000F) for .ARM.Collect$$libinit$$0000000F
    libinit2.o(.ARM.Collect$$libinit$$00000014) refers to libinit2.o(.ARM.Collect$$libinit$$0000000F) for .ARM.Collect$$libinit$$0000000F
    libinit2.o(.ARM.Collect$$libinit$$00000016) refers to libinit2.o(.ARM.Collect$$libinit$$0000000F) for .ARM.Collect$$libinit$$0000000F
    libinit2.o(.ARM.Collect$$libinit$$00000018) refers to libinit2.o(.ARM.Collect$$libinit$$0000000F) for .ARM.Collect$$libinit$$0000000F
    libinit2.o(.ARM.Collect$$libinit$$00000026) refers to argv_veneer.o(.text) for __ARM_argv_veneer
    libinit2.o(.ARM.Collect$$libinit$$00000027) refers to argv_veneer.o(.text) for __ARM_argv_veneer
    sys_exit.o(.text) refers (Special) to use_no_semi.o(.text) for __I$use$semihosting
    sys_exit.o(.text) refers (Special) to indicate_semi.o(.text) for __semihosting_library_function
    rtexit2.o(.ARM.Collect$$rtexit$$00000003) refers to libshutdown.o(.ARM.Collect$$libshutdown$$00000000) for __rt_lib_shutdown
    rtexit2.o(.ARM.Collect$$rtexit$$00000004) refers to sys_exit.o(.text) for _sys_exit
    rtexit2.o(.ARM.exidx) refers to rtexit2.o(.ARM.Collect$$rtexit$$00000001) for .ARM.Collect$$rtexit$$00000001
    rtexit2.o(.ARM.exidx) refers to rtexit2.o(.ARM.Collect$$rtexit$$00000003) for .ARM.Collect$$rtexit$$00000003
    rtexit2.o(.ARM.exidx) refers to rtexit2.o(.ARM.Collect$$rtexit$$00000004) for .ARM.Collect$$rtexit$$00000004
    __raise.o(.text) refers to defsig.o(CL$$defsig) for __default_signal_handler
    defsig_general.o(.text) refers to sys_wrch.o(.text) for _ttywrch
    sys_wrch.o(.text) refers (Special) to use_no_semi.o(.text) for __I$use$semihosting
    sys_wrch.o(.text) refers (Special) to indicate_semi.o(.text) for __semihosting_library_function
    defsig.o(CL$$defsig) refers to defsig_fpe_inner.o(.text) for __rt_SIGFPE_inner
    defsig.o(CL$$defsig) refers to defsig_rtmem_inner.o(.text) for __rt_SIGRTMEM_inner
    _get_argv_nomalloc.o(.text) refers (Special) to hrguard.o(.text) for __heap_region$guard
    _get_argv_nomalloc.o(.text) refers to defsig_rtmem_outer.o(.text) for __rt_SIGRTMEM
    _get_argv_nomalloc.o(.text) refers to sys_command.o(.text) for _sys_command_string
    libshutdown.o(.ARM.Collect$$libshutdown$$00000000) refers (Special) to libshutdown2.o(.ARM.Collect$$libshutdown$$00000002) for __rt_lib_shutdown_cpp_1
    libshutdown.o(.ARM.Collect$$libshutdown$$00000000) refers (Special) to libshutdown2.o(.ARM.Collect$$libshutdown$$00000007) for __rt_lib_shutdown_fp_trap_1
    libshutdown.o(.ARM.Collect$$libshutdown$$00000000) refers (Special) to libshutdown2.o(.ARM.Collect$$libshutdown$$0000000F) for __rt_lib_shutdown_heap_1
    libshutdown.o(.ARM.Collect$$libshutdown$$00000000) refers (Special) to libshutdown2.o(.ARM.Collect$$libshutdown$$00000010) for __rt_lib_shutdown_return
    libshutdown.o(.ARM.Collect$$libshutdown$$00000000) refers (Special) to libshutdown2.o(.ARM.Collect$$libshutdown$$0000000A) for __rt_lib_shutdown_signal_1
    libshutdown.o(.ARM.Collect$$libshutdown$$00000000) refers (Special) to libshutdown2.o(.ARM.Collect$$libshutdown$$00000004) for __rt_lib_shutdown_stdio_1
    libshutdown.o(.ARM.Collect$$libshutdown$$00000000) refers (Special) to libshutdown2.o(.ARM.Collect$$libshutdown$$0000000C) for __rt_lib_shutdown_user_alloc_1
    sys_command.o(.text) refers (Special) to use_no_semi.o(.text) for __I$use$semihosting
    sys_command.o(.text) refers (Special) to indicate_semi.o(.text) for __semihosting_library_function
    defsig_abrt_inner.o(.text) refers to defsig_general.o(.text) for __default_signal_display
    defsig_rtred_inner.o(.text) refers to defsig_general.o(.text) for __default_signal_display
    defsig_rtmem_inner.o(.text) refers to defsig_general.o(.text) for __default_signal_display
    defsig_rtmem_outer.o(.text) refers to defsig_rtmem_inner.o(.text) for __rt_SIGRTMEM_inner
    defsig_rtmem_outer.o(.text) refers to defsig_exit.o(.text) for __sig_exit
    defsig_rtmem_formal.o(.text) refers to rt_raise.o(.text) for __rt_raise
    defsig_stak_inner.o(.text) refers to defsig_general.o(.text) for __default_signal_display
    defsig_pvfn_inner.o(.text) refers to defsig_general.o(.text) for __default_signal_display
    defsig_cppl_inner.o(.text) refers to defsig_general.o(.text) for __default_signal_display
    defsig_segv_inner.o(.text) refers to defsig_general.o(.text) for __default_signal_display
    defsig_other.o(.text) refers to defsig_general.o(.text) for __default_signal_display


==============================================================================

Removing Unused input sections from the image.

    Removing core_cm0.o(.emb_text), (32 bytes).
    Removing timer_lab.o(i.SYS_Delay), (84 bytes).
    Removing timer_lab.o(.data), (32 bytes).
    Removing drvsys.o(i.DrvSYS_ClearClockSwitchStatus), (20 bytes).
    Removing drvsys.o(i.DrvSYS_ClearResetSource), (12 bytes).
    Removing drvsys.o(i.DrvSYS_Delay), (44 bytes).
    Removing drvsys.o(i.DrvSYS_DisableBODLowPowerMode), (18 bytes).
    Removing drvsys.o(i.DrvSYS_DisableHighPerformanceMode), (18 bytes).
    Removing drvsys.o(i.DrvSYS_DisableLowVoltReset), (18 bytes).
    Removing drvsys.o(i.DrvSYS_DisablePOR), (12 bytes).
    Removing drvsys.o(i.DrvSYS_DisableTemperatureSensor), (18 bytes).
    Removing drvsys.o(i.DrvSYS_EnableBODLowPowerMode), (20 bytes).
    Removing drvsys.o(i.DrvSYS_EnableHighPerformanceMode), (20 bytes).
    Removing drvsys.o(i.DrvSYS_EnableLowVoltReset), (20 bytes).
    Removing drvsys.o(i.DrvSYS_EnablePOR), (10 bytes).
    Removing drvsys.o(i.DrvSYS_EnableTemperatureSensor), (20 bytes).
    Removing drvsys.o(i.DrvSYS_EnterPowerDown), (56 bytes).
    Removing drvsys.o(i.DrvSYS_GetBODState), (12 bytes).
    Removing drvsys.o(i.DrvSYS_GetChipClockSourceStatus), (88 bytes).
    Removing drvsys.o(i.DrvSYS_GetClockSwitchStatus), (16 bytes).
    Removing drvsys.o(i.DrvSYS_GetExtClockFreq), (8 bytes).
    Removing drvsys.o(i.DrvSYS_GetHCLKFreq), (112 bytes).
    Removing drvsys.o(i.DrvSYS_GetPLLClockFreq), (120 bytes).
    Removing drvsys.o(i.DrvSYS_GetResetSource), (8 bytes).
    Removing drvsys.o(i.DrvSYS_GetVersion), (8 bytes).
    Removing drvsys.o(i.DrvSYS_LockProtectedReg), (36 bytes).
    Removing drvsys.o(i.DrvSYS_ReadProductID), (8 bytes).
    Removing drvsys.o(i.DrvSYS_ResetCPU), (20 bytes).
    Removing drvsys.o(i.DrvSYS_ResetChip), (20 bytes).
    Removing drvsys.o(i.DrvSYS_ResetIP), (110 bytes).
    Removing drvsys.o(i.DrvSYS_SelectBODVolt), (26 bytes).
    Removing drvsys.o(i.DrvSYS_SelectIPClockSource), (352 bytes).
    Removing drvsys.o(i.DrvSYS_SelectPLLSource), (32 bytes).
    Removing drvsys.o(i.DrvSYS_SelectSysTickSource), (52 bytes).
    Removing drvsys.o(i.DrvSYS_SetBODFunction), (92 bytes).
    Removing drvsys.o(i.DrvSYS_SetClockDivider), (136 bytes).
    Removing drvsys.o(i.DrvSYS_SetFreqDividerOutput), (76 bytes).
    Removing drvsys.o(i.DrvSYS_SetIPClock), (120 bytes).
    Removing drvsys.o(i.DrvSYS_SetOscCtrl), (128 bytes).
    Removing drvsys.o(i.DrvSYS_SetPLLMode), (52 bytes).
    Removing drvsys.o(i.DrvSYS_SetPowerDownWakeUpInt), (108 bytes).
    Removing drvsys.o(i.DrvSYS_UnlockProtectedReg), (44 bytes).
    Removing drvsys.o(i.NVIC_DisableIRQ), (20 bytes).
    Removing drvsys.o(i.NVIC_EnableIRQ), (20 bytes).
    Removing drvsys.o(i.NVIC_SetPriority), (120 bytes).
    Removing drvsys.o(.constdata), (16 bytes).
    Removing drvtimer.o(i.CalTimerInitValue), (70 bytes).
    Removing drvtimer.o(i.DrvTIMER_ClearCaptureIntFlag), (68 bytes).
    Removing drvtimer.o(i.DrvTIMER_ClearIntFlag), (100 bytes).
    Removing drvtimer.o(i.DrvTIMER_ClearTimerEvent), (212 bytes).
    Removing drvtimer.o(i.DrvTIMER_Close), (212 bytes).
    Removing drvtimer.o(i.DrvTIMER_CloseCapture), (60 bytes).
    Removing drvtimer.o(i.DrvTIMER_Delay), (38 bytes).
    Removing drvtimer.o(i.DrvTIMER_DisableCapture), (64 bytes).
    Removing drvtimer.o(i.DrvTIMER_DisableCaptureDebounce), (64 bytes).
    Removing drvtimer.o(i.DrvTIMER_DisableCaptureInt), (64 bytes).
    Removing drvtimer.o(i.DrvTIMER_DisableCounterDebounce), (64 bytes).
    Removing drvtimer.o(i.DrvTIMER_DisableInt), (76 bytes).
    Removing drvtimer.o(i.DrvTIMER_EnableCapture), (68 bytes).
    Removing drvtimer.o(i.DrvTIMER_EnableCaptureDebounce), (68 bytes).
    Removing drvtimer.o(i.DrvTIMER_EnableCaptureInt), (68 bytes).
    Removing drvtimer.o(i.DrvTIMER_EnableCounterDebounce), (68 bytes).
    Removing drvtimer.o(i.DrvTIMER_EnableInt), (92 bytes).
    Removing drvtimer.o(i.DrvTIMER_GetCaptureData), (56 bytes).
    Removing drvtimer.o(i.DrvTIMER_GetCaptureIntFlag), (60 bytes).
    Removing drvtimer.o(i.DrvTIMER_GetCounters), (56 bytes).
    Removing drvtimer.o(i.DrvTIMER_GetIntFlag), (72 bytes).
    Removing drvtimer.o(i.DrvTIMER_GetIntTicks), (68 bytes).
    Removing drvtimer.o(i.DrvTIMER_GetVersion), (8 bytes).
    Removing drvtimer.o(i.DrvTIMER_Init), (36 bytes).
    Removing drvtimer.o(i.DrvTIMER_Open), (756 bytes).
    Removing drvtimer.o(i.DrvTIMER_OpenCapture), (96 bytes).
    Removing drvtimer.o(i.DrvTIMER_OpenCounter), (564 bytes).
    Removing drvtimer.o(i.DrvTIMER_ResetIntTicks), (84 bytes).
    Removing drvtimer.o(i.DrvTIMER_SelectCaptureEdge), (76 bytes).
    Removing drvtimer.o(i.DrvTIMER_SelectCounterDetectPhase), (76 bytes).
    Removing drvtimer.o(i.DrvTIMER_SelectExternalMode), (76 bytes).
    Removing drvtimer.o(i.DrvTIMER_SetTimerEvent), (600 bytes).
    Removing drvtimer.o(i.DrvTIMER_Start), (68 bytes).
    Removing drvtimer.o(i.DrvTIMER_StartCounter), (92 bytes).
    Removing drvtimer.o(i.DrvWDT_Close), (80 bytes).
    Removing drvtimer.o(i.DrvWDT_InstallISR), (28 bytes).
    Removing drvtimer.o(i.DrvWDT_Ioctl), (224 bytes).
    Removing drvtimer.o(i.DrvWDT_Open), (88 bytes).
    Removing drvtimer.o(i.GetTimerClock), (128 bytes).
    Removing drvtimer.o(i.NVIC_DisableIRQ), (20 bytes).
    Removing drvtimer.o(i.NVIC_EnableIRQ), (20 bytes).
    Removing drvtimer.o(i.NVIC_SetPriority), (120 bytes).
    Removing drvtimer.o(i.TMR0_IRQHandler), (156 bytes).
    Removing drvtimer.o(.constdata), (16 bytes).
    Removing drvgpio.o(i.DrvGPIO_Close), (68 bytes).
    Removing drvgpio.o(i.DrvGPIO_ClrBit), (44 bytes).
    Removing drvgpio.o(i.DrvGPIO_ClrBitMask), (36 bytes).
    Removing drvgpio.o(i.DrvGPIO_ClrPortMask), (32 bytes).
    Removing drvgpio.o(i.DrvGPIO_DisableDebounce), (52 bytes).
    Removing drvgpio.o(i.DrvGPIO_DisableDigitalInputBit), (40 bytes).
    Removing drvgpio.o(i.DrvGPIO_DisableEINT0), (36 bytes).
    Removing drvgpio.o(i.DrvGPIO_DisableEINT1), (36 bytes).
    Removing drvgpio.o(i.DrvGPIO_DisableInt), (80 bytes).
    Removing drvgpio.o(i.DrvGPIO_EnableDebounce), (52 bytes).
    Removing drvgpio.o(i.DrvGPIO_EnableDigitalInputBit), (40 bytes).
    Removing drvgpio.o(i.DrvGPIO_EnableEINT0), (152 bytes).
    Removing drvgpio.o(i.DrvGPIO_EnableEINT1), (152 bytes).
    Removing drvgpio.o(i.DrvGPIO_EnableInt), (240 bytes).
    Removing drvgpio.o(i.DrvGPIO_GetBit), (44 bytes).
    Removing drvgpio.o(i.DrvGPIO_GetBitMask), (28 bytes).
    Removing drvgpio.o(i.DrvGPIO_GetDebounceSampleCycle), (16 bytes).
    Removing drvgpio.o(i.DrvGPIO_GetDoutBit), (40 bytes).
    Removing drvgpio.o(i.DrvGPIO_GetIntStatus), (16 bytes).
    Removing drvgpio.o(i.DrvGPIO_GetPortBits), (16 bytes).
    Removing drvgpio.o(i.DrvGPIO_GetPortDoutBits), (28 bytes).
    Removing drvgpio.o(i.DrvGPIO_GetPortMask), (16 bytes).
    Removing drvgpio.o(i.DrvGPIO_GetVersion), (8 bytes).
    Removing drvgpio.o(i.DrvGPIO_InitFunction), (1880 bytes).
    Removing drvgpio.o(i.DrvGPIO_SetBit), (44 bytes).
    Removing drvgpio.o(i.DrvGPIO_SetBitMask), (36 bytes).
    Removing drvgpio.o(i.DrvGPIO_SetDebounceTime), (64 bytes).
    Removing drvgpio.o(i.DrvGPIO_SetIntCallback), (20 bytes).
    Removing drvgpio.o(i.DrvGPIO_SetPortBits), (20 bytes).
    Removing drvgpio.o(i.DrvGPIO_SetPortMask), (32 bytes).
    Removing drvgpio.o(i.NVIC_DisableIRQ), (20 bytes).
    Removing drvgpio.o(i.NVIC_EnableIRQ), (20 bytes).
    Removing drvgpio.o(i.NVIC_SetPriority), (120 bytes).
    Removing drvsys.o(i.__ARM_common_switch8), (28 bytes).

124 unused section(s) (total 11150 bytes) removed from the image.

==============================================================================

Image Symbol Table

    Local Symbols

    Symbol Name                              Value     Ov Type        Size  Object(Section)

    RESET                                    0x00000000   Section      192  startup_nuc1xx.o(RESET)
    ../clib/angel/boardlib.s                 0x00000000   Number         0  boardshut.o ABSOLUTE
    ../clib/angel/boardlib.s                 0x00000000   Number         0  boardinit3.o ABSOLUTE
    ../clib/angel/boardlib.s                 0x00000000   Number         0  boardinit2.o ABSOLUTE
    ../clib/angel/boardlib.s                 0x00000000   Number         0  boardinit1.o ABSOLUTE
    ../clib/angel/handlers.s                 0x00000000   Number         0  __scatter_zi.o ABSOLUTE
    ../clib/angel/handlers.s                 0x00000000   Number         0  __scatter_copy.o ABSOLUTE
    ../clib/angel/kernel.s                   0x00000000   Number         0  rtexit.o ABSOLUTE
    ../clib/angel/kernel.s                   0x00000000   Number         0  __rtentry.o ABSOLUTE
    ../clib/angel/kernel.s                   0x00000000   Number         0  __rtentry2.o ABSOLUTE
    ../clib/angel/kernel.s                   0x00000000   Number         0  __rtentry4.o ABSOLUTE
    ../clib/angel/kernel.s                   0x00000000   Number         0  rtexit2.o ABSOLUTE
    ../clib/angel/rt.s                       0x00000000   Number         0  rt_raise.o ABSOLUTE
    ../clib/angel/rt.s                       0x00000000   Number         0  aeabi_idiv0.o ABSOLUTE
    ../clib/angel/rt.s                       0x00000000   Number         0  aeabi_idiv0_sigfpe.o ABSOLUTE
    ../clib/angel/rt.s                       0x00000000   Number         0  rt_div0.o ABSOLUTE
    ../clib/angel/scatterp.s                 0x00000000   Number         0  __scatter.o ABSOLUTE
    ../clib/angel/startup.s                  0x00000000   Number         0  __main.o ABSOLUTE
    ../clib/angel/sys.s                      0x00000000   Number         0  tempstk.o ABSOLUTE
    ../clib/angel/sys.s                      0x00000000   Number         0  libspace.o ABSOLUTE
    ../clib/angel/sys.s                      0x00000000   Number         0  indicate_semi.o ABSOLUTE
    ../clib/angel/sys.s                      0x00000000   Number         0  use_no_semi.o ABSOLUTE
    ../clib/angel/sys.s                      0x00000000   Number         0  sys_stackheap_outer.o ABSOLUTE
    ../clib/angel/sysapp.c                   0x00000000   Number         0  sys_command.o ABSOLUTE
    ../clib/angel/sysapp.c                   0x00000000   Number         0  sys_wrch.o ABSOLUTE
    ../clib/angel/sysapp.c                   0x00000000   Number         0  sys_exit.o ABSOLUTE
    ../clib/armsys.c                         0x00000000   Number         0  no_argv.o ABSOLUTE
    ../clib/armsys.c                         0x00000000   Number         0  _get_argv_nomalloc.o ABSOLUTE
    ../clib/armsys.c                         0x00000000   Number         0  argv_veneer.o ABSOLUTE
    ../clib/division.s                       0x00000000   Number         0  aeabi_sdiv.o ABSOLUTE
    ../clib/division.s                       0x00000000   Number         0  aeabi_sdiv_div0.o ABSOLUTE
    ../clib/heapalloc.c                      0x00000000   Number         0  hrguard.o ABSOLUTE
    ../clib/heapaux.c                        0x00000000   Number         0  heapauxi.o ABSOLUTE
    ../clib/libinit.s                        0x00000000   Number         0  libshutdown.o ABSOLUTE
    ../clib/libinit.s                        0x00000000   Number         0  libshutdown2.o ABSOLUTE
    ../clib/libinit.s                        0x00000000   Number         0  libinit.o ABSOLUTE
    ../clib/libinit.s                        0x00000000   Number         0  libinit2.o ABSOLUTE
    ../clib/memcpset.c                       0x00000000   Number         0  rt_memcpy.o ABSOLUTE
    ../clib/memcpset.c                       0x00000000   Number         0  rt_memcpy.o ABSOLUTE
    ../clib/signal.c                         0x00000000   Number         0  defsig_cppl_inner.o ABSOLUTE
    ../clib/signal.c                         0x00000000   Number         0  defsig_segv_inner.o ABSOLUTE
    ../clib/signal.c                         0x00000000   Number         0  defsig_other.o ABSOLUTE
    ../clib/signal.c                         0x00000000   Number         0  defsig_rtred_inner.o ABSOLUTE
    ../clib/signal.c                         0x00000000   Number         0  defsig_fpe_outer.o ABSOLUTE
    ../clib/signal.c                         0x00000000   Number         0  defsig_fpe_formal.o ABSOLUTE
    ../clib/signal.c                         0x00000000   Number         0  defsig_exit.o ABSOLUTE
    ../clib/signal.c                         0x00000000   Number         0  defsig_fpe_inner.o ABSOLUTE
    ../clib/signal.c                         0x00000000   Number         0  __raise.o ABSOLUTE
    ../clib/signal.c                         0x00000000   Number         0  defsig_general.o ABSOLUTE
    ../clib/signal.c                         0x00000000   Number         0  defsig_abrt_inner.o ABSOLUTE
    ../clib/signal.c                         0x00000000   Number         0  defsig_rtmem_inner.o ABSOLUTE
    ../clib/signal.c                         0x00000000   Number         0  defsig_rtmem_outer.o ABSOLUTE
    ../clib/signal.c                         0x00000000   Number         0  defsig_rtmem_formal.o ABSOLUTE
    ../clib/signal.c                         0x00000000   Number         0  defsig_stak_inner.o ABSOLUTE
    ../clib/signal.c                         0x00000000   Number         0  defsig_pvfn_inner.o ABSOLUTE
    ../clib/signal.s                         0x00000000   Number         0  defsig.o ABSOLUTE
    ../clib/stdlib.c                         0x00000000   Number         0  exit.o ABSOLUTE
    ../fplib/cfplib/fpinit.c                 0x00000000   Number         0  fpinit.o ABSOLUTE
    CM0\CoreSupport\core_cm0.c               0x00000000   Number         0  core_cm0.o ABSOLUTE
    CM0\DeviceSupport\Nuvoton\NUC1xx\system_NUC1xx.c 0x00000000   Number         0  system_nuc1xx.o ABSOLUTE
    CM0\\CoreSupport\\core_cm0.c             0x00000000   Number         0  core_cm0.o ABSOLUTE
    Src\Driver\DrvGPIO.c                     0x00000000   Number         0  drvgpio.o ABSOLUTE
    Src\Driver\DrvSYS.c                      0x00000000   Number         0  drvsys.o ABSOLUTE
    Src\Driver\DrvTIMER.c                    0x00000000   Number         0  drvtimer.o ABSOLUTE
    Timer_lab.c                              0x00000000   Number         0  timer_lab.o ABSOLUTE
    dc.s                                     0x00000000   Number         0  dc.o ABSOLUTE
    startup_NUC1xx.s                         0x00000000   Number         0  startup_nuc1xx.o ABSOLUTE
    !!!main                                  0x000000c0   Section        8  __main.o(!!!main)
    !!!scatter                               0x000000c8   Section       60  __scatter.o(!!!scatter)
    !!handler_copy                           0x00000104   Section       26  __scatter_copy.o(!!handler_copy)
    !!handler_zi                             0x00000120   Section       28  __scatter_zi.o(!!handler_zi)
    .ARM.Collect$$libinit$$00000000          0x0000013c   Section        2  libinit.o(.ARM.Collect$$libinit$$00000000)
    .ARM.Collect$$libinit$$00000002          0x0000013e   Section        0  libinit2.o(.ARM.Collect$$libinit$$00000002)
    .ARM.Collect$$libinit$$00000004          0x0000013e   Section        0  libinit2.o(.ARM.Collect$$libinit$$00000004)
    .ARM.Collect$$libinit$$0000000A          0x0000013e   Section        0  libinit2.o(.ARM.Collect$$libinit$$0000000A)
    .ARM.Collect$$libinit$$0000000C          0x0000013e   Section        0  libinit2.o(.ARM.Collect$$libinit$$0000000C)
    .ARM.Collect$$libinit$$0000000E          0x0000013e   Section        0  libinit2.o(.ARM.Collect$$libinit$$0000000E)
    .ARM.Collect$$libinit$$00000011          0x0000013e   Section        0  libinit2.o(.ARM.Collect$$libinit$$00000011)
    .ARM.Collect$$libinit$$00000013          0x0000013e   Section        0  libinit2.o(.ARM.Collect$$libinit$$00000013)
    .ARM.Collect$$libinit$$00000015          0x0000013e   Section        0  libinit2.o(.ARM.Collect$$libinit$$00000015)
    .ARM.Collect$$libinit$$00000017          0x0000013e   Section        0  libinit2.o(.ARM.Collect$$libinit$$00000017)
    .ARM.Collect$$libinit$$00000019          0x0000013e   Section        0  libinit2.o(.ARM.Collect$$libinit$$00000019)
    .ARM.Collect$$libinit$$0000001B          0x0000013e   Section        0  libinit2.o(.ARM.Collect$$libinit$$0000001B)
    .ARM.Collect$$libinit$$0000001D          0x0000013e   Section        0  libinit2.o(.ARM.Collect$$libinit$$0000001D)
    .ARM.Collect$$libinit$$0000001F          0x0000013e   Section        0  libinit2.o(.ARM.Collect$$libinit$$0000001F)
    .ARM.Collect$$libinit$$00000021          0x0000013e   Section        0  libinit2.o(.ARM.Collect$$libinit$$00000021)
    .ARM.Collect$$libinit$$00000023          0x0000013e   Section        0  libinit2.o(.ARM.Collect$$libinit$$00000023)
    .ARM.Collect$$libinit$$00000025          0x0000013e   Section        0  libinit2.o(.ARM.Collect$$libinit$$00000025)
    .ARM.Collect$$libinit$$0000002C          0x0000013e   Section        0  libinit2.o(.ARM.Collect$$libinit$$0000002C)
    .ARM.Collect$$libinit$$0000002E          0x0000013e   Section        0  libinit2.o(.ARM.Collect$$libinit$$0000002E)
    .ARM.Collect$$libinit$$00000030          0x0000013e   Section        0  libinit2.o(.ARM.Collect$$libinit$$00000030)
    .ARM.Collect$$libinit$$00000032          0x0000013e   Section        0  libinit2.o(.ARM.Collect$$libinit$$00000032)
    .ARM.Collect$$libinit$$00000033          0x0000013e   Section        2  libinit2.o(.ARM.Collect$$libinit$$00000033)
    .ARM.Collect$$libshutdown$$00000000      0x00000140   Section        2  libshutdown.o(.ARM.Collect$$libshutdown$$00000000)
    .ARM.Collect$$libshutdown$$00000002      0x00000142   Section        0  libshutdown2.o(.ARM.Collect$$libshutdown$$00000002)
    .ARM.Collect$$libshutdown$$00000004      0x00000142   Section        0  libshutdown2.o(.ARM.Collect$$libshutdown$$00000004)
    .ARM.Collect$$libshutdown$$00000007      0x00000142   Section        0  libshutdown2.o(.ARM.Collect$$libshutdown$$00000007)
    .ARM.Collect$$libshutdown$$0000000A      0x00000142   Section        0  libshutdown2.o(.ARM.Collect$$libshutdown$$0000000A)
    .ARM.Collect$$libshutdown$$0000000C      0x00000142   Section        0  libshutdown2.o(.ARM.Collect$$libshutdown$$0000000C)
    .ARM.Collect$$libshutdown$$0000000F      0x00000142   Section        0  libshutdown2.o(.ARM.Collect$$libshutdown$$0000000F)
    .ARM.Collect$$libshutdown$$00000010      0x00000142   Section        2  libshutdown2.o(.ARM.Collect$$libshutdown$$00000010)
    .ARM.Collect$$rtentry$$00000000          0x00000144   Section        0  __rtentry.o(.ARM.Collect$$rtentry$$00000000)
    .ARM.Collect$$rtentry$$00000002          0x00000144   Section        0  __rtentry2.o(.ARM.Collect$$rtentry$$00000002)
    .ARM.Collect$$rtentry$$00000004          0x00000144   Section        6  __rtentry4.o(.ARM.Collect$$rtentry$$00000004)
    .ARM.Collect$$rtentry$$00000009          0x0000014a   Section        0  __rtentry2.o(.ARM.Collect$$rtentry$$00000009)
    .ARM.Collect$$rtentry$$0000000A          0x0000014a   Section        4  __rtentry2.o(.ARM.Collect$$rtentry$$0000000A)
    .ARM.Collect$$rtentry$$0000000C          0x0000014e   Section        0  __rtentry2.o(.ARM.Collect$$rtentry$$0000000C)
    .ARM.Collect$$rtentry$$0000000D          0x0000014e   Section        8  __rtentry2.o(.ARM.Collect$$rtentry$$0000000D)
    .ARM.Collect$$rtexit$$00000000           0x00000156   Section        2  rtexit.o(.ARM.Collect$$rtexit$$00000000)
    .ARM.Collect$$rtexit$$00000002           0x00000158   Section        0  rtexit2.o(.ARM.Collect$$rtexit$$00000002)
    .ARM.Collect$$rtexit$$00000003           0x00000158   Section        4  rtexit2.o(.ARM.Collect$$rtexit$$00000003)
    .ARM.Collect$$rtexit$$00000004           0x0000015c   Section        6  rtexit2.o(.ARM.Collect$$rtexit$$00000004)
    .emb_text                                0x00000164   Section       56  rt_memcpy.o(.emb_text)
    .text                                    0x0000019c   Section      100  startup_nuc1xx.o(.text)
    Default_Handler                          0x000001c7   Thumb Code     2  startup_nuc1xx.o(.text)
    .text                                    0x00000200   Section      346  aeabi_sdiv.o(.text)
    .text                                    0x0000035a   Section        0  heapauxi.o(.text)
    .text                                    0x00000360   Section       62  sys_stackheap_outer.o(.text)
    .text                                    0x0000039e   Section        0  exit.o(.text)
    .text                                    0x000003b0   Section        8  libspace.o(.text)
    .text                                    0x000003b8   Section        0  sys_exit.o(.text)
    .text                                    0x000003c4   Section        2  use_no_semi.o(.text)
    .text                                    0x000003c6   Section        0  indicate_semi.o(.text)
    i.BOD_IRQHandler                         0x000003c8   Section        0  drvsys.o(i.BOD_IRQHandler)
    i.DrvGPIO_Open                           0x000003f0   Section        0  drvgpio.o(i.DrvGPIO_Open)
    i.DrvSYS_GetPLLContent                   0x00000478   Section        0  drvsys.o(i.DrvSYS_GetPLLContent)
    i.DrvSYS_IsProtectedRegLocked            0x0000053c   Section        0  drvsys.o(i.DrvSYS_IsProtectedRegLocked)
    i.DrvSYS_Open                            0x0000054c   Section        0  drvsys.o(i.DrvSYS_Open)
    i.DrvSYS_SelectHCLKSource                0x0000060c   Section        0  drvsys.o(i.DrvSYS_SelectHCLKSource)
    i.DrvSYS_SetPLLContent                   0x00000644   Section        0  drvsys.o(i.DrvSYS_SetPLLContent)
    i.EINT0_IRQHandler                       0x00000690   Section        0  drvgpio.o(i.EINT0_IRQHandler)
    i.EINT1_IRQHandler                       0x000006b4   Section        0  drvgpio.o(i.EINT1_IRQHandler)
    i.GPAB_IRQHandler                        0x000006d8   Section        0  drvgpio.o(i.GPAB_IRQHandler)
    i.GPCDE_IRQHandler                       0x0000071c   Section        0  drvgpio.o(i.GPCDE_IRQHandler)
    i.HardFault_Handler                      0x00000768   Section        0  timer_lab.o(i.HardFault_Handler)
    i.PWRWU_IRQHandler                       0x0000076c   Section        0  drvsys.o(i.PWRWU_IRQHandler)
    i.SystemCoreClockUpdate                  0x00000794   Section        0  system_nuc1xx.o(i.SystemCoreClockUpdate)
    i.SystemInit                             0x00000834   Section        0  system_nuc1xx.o(i.SystemInit)
    i.TIMER0_Init                            0x00000838   Section        0  timer_lab.o(i.TIMER0_Init)
    i.TMR0_IRQHandler1                       0x000008ec   Section        0  timer_lab.o(i.TMR0_IRQHandler1)
    i.TMR1_IRQHandler                        0x00000900   Section        0  drvtimer.o(i.TMR1_IRQHandler)
    i.TMR2_IRQHandler                        0x0000099c   Section        0  drvtimer.o(i.TMR2_IRQHandler)
    i.TMR3_IRQHandler                        0x00000a38   Section        0  drvtimer.o(i.TMR3_IRQHandler)
    i.WDT_IRQHandler                         0x00000ad4   Section        0  drvtimer.o(i.WDT_IRQHandler)
    i.main                                   0x00000b08   Section        0  timer_lab.o(i.main)
    .constdata                               0x00000b4c   Section       32  timer_lab.o(.constdata)
    .data                                    0x20000000   Section       28  system_nuc1xx.o(.data)
    .data                                    0x2000001c   Section        8  drvsys.o(.data)
    BOD_callbackFn                           0x2000001c   Data           4  drvsys.o(.data)
    PWRWU_callbackFn                         0x20000020   Data           4  drvsys.o(.data)
    .data                                    0x20000024   Section      104  drvtimer.o(.data)
    uTimer0Tick                              0x20000054   Data           4  drvtimer.o(.data)
    uTimer1Tick                              0x20000058   Data           4  drvtimer.o(.data)
    uTimer2Tick                              0x2000005c   Data           4  drvtimer.o(.data)
    uTimer3Tick                              0x20000060   Data           4  drvtimer.o(.data)
    uTime0EventCount                         0x20000064   Data           4  drvtimer.o(.data)
    uTime1EventCount                         0x20000068   Data           4  drvtimer.o(.data)
    uTime2EventCount                         0x2000006c   Data           4  drvtimer.o(.data)
    uTime3EventCount                         0x20000070   Data           4  drvtimer.o(.data)
    _sys_uTimer0TickPerSecond                0x20000074   Data           4  drvtimer.o(.data)
    _sys_uTimer1TickPerSecond                0x20000078   Data           4  drvtimer.o(.data)
    _sys_uTimer2TickPerSecond                0x2000007c   Data           4  drvtimer.o(.data)
    _sys_uTimer3TickPerSecond                0x20000080   Data           4  drvtimer.o(.data)
    fnCallBack_WDT                           0x20000088   Data           4  drvtimer.o(.data)
    .data                                    0x2000008c   Section       16  drvgpio.o(.data)
    _pfGPABCallback                          0x2000008c   Data           4  drvgpio.o(.data)
    _pfGPCDECallback                         0x20000090   Data           4  drvgpio.o(.data)
    _pfEINT0Callback                         0x20000094   Data           4  drvgpio.o(.data)
    _pfEINT1Callback                         0x20000098   Data           4  drvgpio.o(.data)
    .bss                                     0x2000009c   Section       80  drvtimer.o(.bss)
    tTime0Event                              0x2000009c   Data          20  drvtimer.o(.bss)
    tTime1Event                              0x200000b0   Data          20  drvtimer.o(.bss)
    tTime2Event                              0x200000c4   Data          20  drvtimer.o(.bss)
    tTime3Event                              0x200000d8   Data          20  drvtimer.o(.bss)
    .bss                                     0x200000ec   Section       96  libspace.o(.bss)
    HEAP                                     0x20000150   Section        0  startup_nuc1xx.o(HEAP)
    STACK                                    0x20000150   Section     1024  startup_nuc1xx.o(STACK)
    Heap_Mem                                 0x20000150   Data           0  startup_nuc1xx.o(HEAP)
    Stack_Mem                                0x20000150   Data        1024  startup_nuc1xx.o(STACK)
    __initial_sp                             0x20000550   Data           0  startup_nuc1xx.o(STACK)

    Global Symbols

    Symbol Name                              Value     Ov Type        Size  Object(Section)

    BuildAttributes$$THM_ISAv3M$S$PE$A:L22$X:L11$S22$IEEE1$IW$USESV6$~STKCKD$USESV7$~SHL$OSPACE$ROPI$EBA8$UX$STANDARDLIB$REQ8$PRES8$EABIv2 0x00000000   Number         0  anon$$obj.o ABSOLUTE
    __ARM_use_no_argv                        0x00000000   Number         0  timer_lab.o ABSOLUTE
    __Vectors                                0x00000000   Data           4  startup_nuc1xx.o(RESET)
    __ARM_exceptions_init                     - Undefined Weak Reference
    __alloca_initialize                       - Undefined Weak Reference
    __arm_preinit_                            - Undefined Weak Reference
    __cpp_initialize__aeabi_                  - Undefined Weak Reference
    __cxa_finalize                            - Undefined Weak Reference
    __rt_locale                               - Undefined Weak Reference
    __sigvec_lookup                           - Undefined Weak Reference
    _atexit_init                              - Undefined Weak Reference
    _call_atexit_fns                          - Undefined Weak Reference
    _clock_init                               - Undefined Weak Reference
    _fp_trap_init                             - Undefined Weak Reference
    _fp_trap_shutdown                         - Undefined Weak Reference
    _get_lc_collate                           - Undefined Weak Reference
    _get_lc_ctype                             - Undefined Weak Reference
    _get_lc_monetary                          - Undefined Weak Reference
    _get_lc_numeric                           - Undefined Weak Reference
    _get_lc_time                              - Undefined Weak Reference
    _getenv_init                              - Undefined Weak Reference
    _handle_redirection                       - Undefined Weak Reference
    _init_alloc                               - Undefined Weak Reference
    _init_user_alloc                          - Undefined Weak Reference
    _initio                                   - Undefined Weak Reference
    _rand_init                                - Undefined Weak Reference
    _signal_finish                            - Undefined Weak Reference
    _signal_init                              - Undefined Weak Reference
    _terminate_alloc                          - Undefined Weak Reference
    _terminate_user_alloc                     - Undefined Weak Reference
    _terminateio                              - Undefined Weak Reference
    __main                                   0x000000c1   Thumb Code     8  __main.o(!!!main)
    __scatterload                            0x000000c9   Thumb Code     0  __scatter.o(!!!scatter)
    __scatterload_rt2                        0x000000c9   Thumb Code    52  __scatter.o(!!!scatter)
    __scatterload_rt2_thumb_only             0x000000c9   Thumb Code     0  __scatter.o(!!!scatter)
    __scatterload_null                       0x000000d9   Thumb Code     0  __scatter.o(!!!scatter)
    __scatterload_copy                       0x00000105   Thumb Code    26  __scatter_copy.o(!!handler_copy)
    __scatterload_zeroinit                   0x00000121   Thumb Code    28  __scatter_zi.o(!!handler_zi)
    __rt_lib_init                            0x0000013d   Thumb Code     0  libinit.o(.ARM.Collect$$libinit$$00000000)
    __rt_lib_init_alloca_1                   0x0000013f   Thumb Code     0  libinit2.o(.ARM.Collect$$libinit$$0000002E)
    __rt_lib_init_argv_1                     0x0000013f   Thumb Code     0  libinit2.o(.ARM.Collect$$libinit$$0000002C)
    __rt_lib_init_atexit_1                   0x0000013f   Thumb Code     0  libinit2.o(.ARM.Collect$$libinit$$0000001B)
    __rt_lib_init_clock_1                    0x0000013f   Thumb Code     0  libinit2.o(.ARM.Collect$$libinit$$00000021)
    __rt_lib_init_cpp_1                      0x0000013f   Thumb Code     0  libinit2.o(.ARM.Collect$$libinit$$00000032)
    __rt_lib_init_exceptions_1               0x0000013f   Thumb Code     0  libinit2.o(.ARM.Collect$$libinit$$00000030)
    __rt_lib_init_fp_1                       0x0000013f   Thumb Code     0  libinit2.o(.ARM.Collect$$libinit$$00000002)
    __rt_lib_init_fp_trap_1                  0x0000013f   Thumb Code     0  libinit2.o(.ARM.Collect$$libinit$$0000001F)
    __rt_lib_init_getenv_1                   0x0000013f   Thumb Code     0  libinit2.o(.ARM.Collect$$libinit$$00000023)
    __rt_lib_init_heap_1                     0x0000013f   Thumb Code     0  libinit2.o(.ARM.Collect$$libinit$$0000000A)
    __rt_lib_init_lc_collate_1               0x0000013f   Thumb Code     0  libinit2.o(.ARM.Collect$$libinit$$00000011)
    __rt_lib_init_lc_ctype_1                 0x0000013f   Thumb Code     0  libinit2.o(.ARM.Collect$$libinit$$00000013)
    __rt_lib_init_lc_monetary_1              0x0000013f   Thumb Code     0  libinit2.o(.ARM.Collect$$libinit$$00000015)
    __rt_lib_init_lc_numeric_1               0x0000013f   Thumb Code     0  libinit2.o(.ARM.Collect$$libinit$$00000017)
    __rt_lib_init_lc_time_1                  0x0000013f   Thumb Code     0  libinit2.o(.ARM.Collect$$libinit$$00000019)
    __rt_lib_init_preinit_1                  0x0000013f   Thumb Code     0  libinit2.o(.ARM.Collect$$libinit$$00000004)
    __rt_lib_init_rand_1                     0x0000013f   Thumb Code     0  libinit2.o(.ARM.Collect$$libinit$$0000000E)
    __rt_lib_init_return                     0x0000013f   Thumb Code     0  libinit2.o(.ARM.Collect$$libinit$$00000033)
    __rt_lib_init_signal_1                   0x0000013f   Thumb Code     0  libinit2.o(.ARM.Collect$$libinit$$0000001D)
    __rt_lib_init_stdio_1                    0x0000013f   Thumb Code     0  libinit2.o(.ARM.Collect$$libinit$$00000025)
    __rt_lib_init_user_alloc_1               0x0000013f   Thumb Code     0  libinit2.o(.ARM.Collect$$libinit$$0000000C)
    __rt_lib_shutdown                        0x00000141   Thumb Code     0  libshutdown.o(.ARM.Collect$$libshutdown$$00000000)
    __rt_lib_shutdown_cpp_1                  0x00000143   Thumb Code     0  libshutdown2.o(.ARM.Collect$$libshutdown$$00000002)
    __rt_lib_shutdown_fp_trap_1              0x00000143   Thumb Code     0  libshutdown2.o(.ARM.Collect$$libshutdown$$00000007)
    __rt_lib_shutdown_heap_1                 0x00000143   Thumb Code     0  libshutdown2.o(.ARM.Collect$$libshutdown$$0000000F)
    __rt_lib_shutdown_return                 0x00000143   Thumb Code     0  libshutdown2.o(.ARM.Collect$$libshutdown$$00000010)
    __rt_lib_shutdown_signal_1               0x00000143   Thumb Code     0  libshutdown2.o(.ARM.Collect$$libshutdown$$0000000A)
    __rt_lib_shutdown_stdio_1                0x00000143   Thumb Code     0  libshutdown2.o(.ARM.Collect$$libshutdown$$00000004)
    __rt_lib_shutdown_user_alloc_1           0x00000143   Thumb Code     0  libshutdown2.o(.ARM.Collect$$libshutdown$$0000000C)
    __rt_entry                               0x00000145   Thumb Code     0  __rtentry.o(.ARM.Collect$$rtentry$$00000000)
    __rt_entry_presh_1                       0x00000145   Thumb Code     0  __rtentry2.o(.ARM.Collect$$rtentry$$00000002)
    __rt_entry_sh                            0x00000145   Thumb Code     0  __rtentry4.o(.ARM.Collect$$rtentry$$00000004)
    __rt_entry_li                            0x0000014b   Thumb Code     0  __rtentry2.o(.ARM.Collect$$rtentry$$0000000A)
    __rt_entry_postsh_1                      0x0000014b   Thumb Code     0  __rtentry2.o(.ARM.Collect$$rtentry$$00000009)
    __rt_entry_main                          0x0000014f   Thumb Code     0  __rtentry2.o(.ARM.Collect$$rtentry$$0000000D)
    __rt_entry_postli_1                      0x0000014f   Thumb Code     0  __rtentry2.o(.ARM.Collect$$rtentry$$0000000C)
    __rt_exit                                0x00000157   Thumb Code     0  rtexit.o(.ARM.Collect$$rtexit$$00000000)
    __rt_exit_ls                             0x00000159   Thumb Code     0  rtexit2.o(.ARM.Collect$$rtexit$$00000003)
    __rt_exit_prels_1                        0x00000159   Thumb Code     0  rtexit2.o(.ARM.Collect$$rtexit$$00000002)
    __rt_exit_exit                           0x0000015d   Thumb Code     0  rtexit2.o(.ARM.Collect$$rtexit$$00000004)
    __aeabi_memcpy4                          0x00000165   Thumb Code    56  rt_memcpy.o(.emb_text)
    __aeabi_memcpy8                          0x00000165   Thumb Code     0  rt_memcpy.o(.emb_text)
    Reset_Handler                            0x0000019d   Thumb Code    32  startup_nuc1xx.o(.text)
    NMI_Handler                              0x000001bd   Thumb Code     2  startup_nuc1xx.o(.text)
    SVC_Handler                              0x000001c1   Thumb Code     2  startup_nuc1xx.o(.text)
    PendSV_Handler                           0x000001c3   Thumb Code     2  startup_nuc1xx.o(.text)
    SysTick_Handler                          0x000001c5   Thumb Code     2  startup_nuc1xx.o(.text)
    ACMP_IRQHandler                          0x000001c7   Thumb Code     0  startup_nuc1xx.o(.text)
    ADC_IRQHandler                           0x000001c7   Thumb Code     0  startup_nuc1xx.o(.text)
    CAN0_IRQHandler                          0x000001c7   Thumb Code     0  startup_nuc1xx.o(.text)
    I2C0_IRQHandler                          0x000001c7   Thumb Code     0  startup_nuc1xx.o(.text)
    I2C1_IRQHandler                          0x000001c7   Thumb Code     0  startup_nuc1xx.o(.text)
    I2S_IRQHandler                           0x000001c7   Thumb Code     0  startup_nuc1xx.o(.text)
    PDMA_IRQHandler                          0x000001c7   Thumb Code     0  startup_nuc1xx.o(.text)
    PS2_IRQHandler                           0x000001c7   Thumb Code     0  startup_nuc1xx.o(.text)
    PWMA_IRQHandler                          0x000001c7   Thumb Code     0  startup_nuc1xx.o(.text)
    PWMB_IRQHandler                          0x000001c7   Thumb Code     0  startup_nuc1xx.o(.text)
    RTC_IRQHandler                           0x000001c7   Thumb Code     0  startup_nuc1xx.o(.text)
    SPI0_IRQHandler                          0x000001c7   Thumb Code     0  startup_nuc1xx.o(.text)
    SPI1_IRQHandler                          0x000001c7   Thumb Code     0  startup_nuc1xx.o(.text)
    SPI2_IRQHandler                          0x000001c7   Thumb Code     0  startup_nuc1xx.o(.text)
    SPI3_IRQHandler                          0x000001c7   Thumb Code     0  startup_nuc1xx.o(.text)
    UART02_IRQHandler                        0x000001c7   Thumb Code     0  startup_nuc1xx.o(.text)
    UART1_IRQHandler                         0x000001c7   Thumb Code     0  startup_nuc1xx.o(.text)
    USBD_IRQHandler                          0x000001c7   Thumb Code     0  startup_nuc1xx.o(.text)
    __user_initial_stackheap                 0x000001c9   Thumb Code     0  startup_nuc1xx.o(.text)
    __aeabi_uidiv                            0x00000201   Thumb Code     0  aeabi_sdiv.o(.text)
    __aeabi_uidivmod                         0x00000201   Thumb Code    20  aeabi_sdiv.o(.text)
    __aeabi_idiv                             0x00000215   Thumb Code     0  aeabi_sdiv.o(.text)
    __aeabi_idivmod                          0x00000215   Thumb Code   326  aeabi_sdiv.o(.text)
    __use_two_region_memory                  0x0000035b   Thumb Code     2  heapauxi.o(.text)
    __rt_heap_escrow$2region                 0x0000035d   Thumb Code     2  heapauxi.o(.text)
    __rt_heap_expand$2region                 0x0000035f   Thumb Code     2  heapauxi.o(.text)
    __user_setup_stackheap                   0x00000361   Thumb Code    62  sys_stackheap_outer.o(.text)
    exit                                     0x0000039f   Thumb Code    16  exit.o(.text)
    __user_libspace                          0x000003b1   Thumb Code     8  libspace.o(.text)
    __user_perproc_libspace                  0x000003b1   Thumb Code     0  libspace.o(.text)
    __user_perthread_libspace                0x000003b1   Thumb Code     0  libspace.o(.text)
    _sys_exit                                0x000003b9   Thumb Code     8  sys_exit.o(.text)
    __I$use$semihosting                      0x000003c5   Thumb Code     0  use_no_semi.o(.text)
    __use_no_semihosting_swi                 0x000003c5   Thumb Code     2  use_no_semi.o(.text)
    __semihosting_library_function           0x000003c7   Thumb Code     0  indicate_semi.o(.text)
    BOD_IRQHandler                           0x000003c9   Thumb Code    36  drvsys.o(i.BOD_IRQHandler)
    DrvGPIO_Open                             0x000003f1   Thumb Code   126  drvgpio.o(i.DrvGPIO_Open)
    DrvSYS_GetPLLContent                     0x00000479   Thumb Code   168  drvsys.o(i.DrvSYS_GetPLLContent)
    DrvSYS_IsProtectedRegLocked              0x0000053d   Thumb Code    10  drvsys.o(i.DrvSYS_IsProtectedRegLocked)
    DrvSYS_Open                              0x0000054d   Thumb Code   174  drvsys.o(i.DrvSYS_Open)
    DrvSYS_SelectHCLKSource                  0x0000060d   Thumb Code    46  drvsys.o(i.DrvSYS_SelectHCLKSource)
    DrvSYS_SetPLLContent                     0x00000645   Thumb Code    72  drvsys.o(i.DrvSYS_SetPLLContent)
    EINT0_IRQHandler                         0x00000691   Thumb Code    26  drvgpio.o(i.EINT0_IRQHandler)
    EINT1_IRQHandler                         0x000006b5   Thumb Code    26  drvgpio.o(i.EINT1_IRQHandler)
    GPAB_IRQHandler                          0x000006d9   Thumb Code    60  drvgpio.o(i.GPAB_IRQHandler)
    GPCDE_IRQHandler                         0x0000071d   Thumb Code    68  drvgpio.o(i.GPCDE_IRQHandler)
    HardFault_Handler                        0x00000769   Thumb Code     4  timer_lab.o(i.HardFault_Handler)
    PWRWU_IRQHandler                         0x0000076d   Thumb Code    32  drvsys.o(i.PWRWU_IRQHandler)
    SystemCoreClockUpdate                    0x00000795   Thumb Code   132  system_nuc1xx.o(i.SystemCoreClockUpdate)
    SystemInit                               0x00000835   Thumb Code     2  system_nuc1xx.o(i.SystemInit)
    TIMER0_Init                              0x00000839   Thumb Code   166  timer_lab.o(i.TIMER0_Init)
    TMR0_IRQHandler1                         0x000008ed   Thumb Code    16  timer_lab.o(i.TMR0_IRQHandler1)
    TMR1_IRQHandler                          0x00000901   Thumb Code   144  drvtimer.o(i.TMR1_IRQHandler)
    TMR2_IRQHandler                          0x0000099d   Thumb Code   144  drvtimer.o(i.TMR2_IRQHandler)
    TMR3_IRQHandler                          0x00000a39   Thumb Code   144  drvtimer.o(i.TMR3_IRQHandler)
    WDT_IRQHandler                           0x00000ad5   Thumb Code    44  drvtimer.o(i.WDT_IRQHandler)
    main                                     0x00000b09   Thumb Code    54  timer_lab.o(i.main)
    Region$$Table$$Base                      0x00000b6c   Number         0  anon$$obj.o(Region$$Table)
    Region$$Table$$Limit                     0x00000b8c   Number         0  anon$$obj.o(Region$$Table)
    SystemCoreClock                          0x20000000   Data           4  system_nuc1xx.o(.data)
    CyclesPerUs                              0x20000004   Data           4  system_nuc1xx.o(.data)
    gau32ClkSrcTbl                           0x20000008   Data          20  system_nuc1xx.o(.data)
    bIsTimer0Initial                         0x20000024   Data           4  drvtimer.o(.data)
    bIsTimer1Initial                         0x20000028   Data           4  drvtimer.o(.data)
    bIsTimer2Initial                         0x2000002c   Data           4  drvtimer.o(.data)
    bIsTimer3Initial                         0x20000030   Data           4  drvtimer.o(.data)
    bIsTimer0Used                            0x20000034   Data           4  drvtimer.o(.data)
    bIsTimer1Used                            0x20000038   Data           4  drvtimer.o(.data)
    bIsTimer2Used                            0x2000003c   Data           4  drvtimer.o(.data)
    bIsTimer3Used                            0x20000040   Data           4  drvtimer.o(.data)
    bIsSetTime0Event                         0x20000044   Data           4  drvtimer.o(.data)
    bIsSetTime1Event                         0x20000048   Data           4  drvtimer.o(.data)
    bIsSetTime2Event                         0x2000004c   Data           4  drvtimer.o(.data)
    bIsSetTime3Event                         0x20000050   Data           4  drvtimer.o(.data)
    u32EXTClockFreq                          0x20000084   Data           4  drvtimer.o(.data)
    __libspace_start                         0x200000ec   Data          96  libspace.o(.bss)
    __temporary_stack_top$libspace           0x2000014c   Data           0  libspace.o(.bss)



==============================================================================

Memory Map of the image

  Image Entry point : 0x0000019d

  Load Region LR_IROM1 (Base: 0x00000000, Size: 0x00000c28, Max: 0x00020000, ABSOLUTE)

    Execution Region ER_IROM1 (Exec base: 0x00000000, Load base: 0x00000000, Size: 0x00000b8c, Max: 0x00020000, ABSOLUTE)

    Exec Addr    Load Addr    Size         Type   Attr      Idx    E Section Name        Object

    0x00000000   0x00000000   0x000000c0   Data   RO            3    RESET               startup_nuc1xx.o
    0x000000c0   0x000000c0   0x00000008   Code   RO          976  * !!!main             c_p.l(__main.o)
    0x000000c8   0x000000c8   0x0000003c   Code   RO         1145    !!!scatter          c_p.l(__scatter.o)
    0x00000104   0x00000104   0x0000001a   Code   RO         1147    !!handler_copy      c_p.l(__scatter_copy.o)
    0x0000011e   0x0000011e   0x00000002   PAD
    0x00000120   0x00000120   0x0000001c   Code   RO         1149    !!handler_zi        c_p.l(__scatter_zi.o)
    0x0000013c   0x0000013c   0x00000002   Code   RO         1014    .ARM.Collect$$libinit$$00000000  c_p.l(libinit.o)
    0x0000013e   0x0000013e   0x00000000   Code   RO         1028    .ARM.Collect$$libinit$$00000002  c_p.l(libinit2.o)
    0x0000013e   0x0000013e   0x00000000   Code   RO         1030    .ARM.Collect$$libinit$$00000004  c_p.l(libinit2.o)
    0x0000013e   0x0000013e   0x00000000   Code   RO         1033    .ARM.Collect$$libinit$$0000000A  c_p.l(libinit2.o)
    0x0000013e   0x0000013e   0x00000000   Code   RO         1035    .ARM.Collect$$libinit$$0000000C  c_p.l(libinit2.o)
    0x0000013e   0x0000013e   0x00000000   Code   RO         1037    .ARM.Collect$$libinit$$0000000E  c_p.l(libinit2.o)
    0x0000013e   0x0000013e   0x00000000   Code   RO         1040    .ARM.Collect$$libinit$$00000011  c_p.l(libinit2.o)
    0x0000013e   0x0000013e   0x00000000   Code   RO         1042    .ARM.Collect$$libinit$$00000013  c_p.l(libinit2.o)
    0x0000013e   0x0000013e   0x00000000   Code   RO         1044    .ARM.Collect$$libinit$$00000015  c_p.l(libinit2.o)
    0x0000013e   0x0000013e   0x00000000   Code   RO         1046    .ARM.Collect$$libinit$$00000017  c_p.l(libinit2.o)
    0x0000013e   0x0000013e   0x00000000   Code   RO         1048    .ARM.Collect$$libinit$$00000019  c_p.l(libinit2.o)
    0x0000013e   0x0000013e   0x00000000   Code   RO         1050    .ARM.Collect$$libinit$$0000001B  c_p.l(libinit2.o)
    0x0000013e   0x0000013e   0x00000000   Code   RO         1052    .ARM.Collect$$libinit$$0000001D  c_p.l(libinit2.o)
    0x0000013e   0x0000013e   0x00000000   Code   RO         1054    .ARM.Collect$$libinit$$0000001F  c_p.l(libinit2.o)
    0x0000013e   0x0000013e   0x00000000   Code   RO         1056    .ARM.Collect$$libinit$$00000021  c_p.l(libinit2.o)
    0x0000013e   0x0000013e   0x00000000   Code   RO         1058    .ARM.Collect$$libinit$$00000023  c_p.l(libinit2.o)
    0x0000013e   0x0000013e   0x00000000   Code   RO         1060    .ARM.Collect$$libinit$$00000025  c_p.l(libinit2.o)
    0x0000013e   0x0000013e   0x00000000   Code   RO         1064    .ARM.Collect$$libinit$$0000002C  c_p.l(libinit2.o)
    0x0000013e   0x0000013e   0x00000000   Code   RO         1066    .ARM.Collect$$libinit$$0000002E  c_p.l(libinit2.o)
    0x0000013e   0x0000013e   0x00000000   Code   RO         1068    .ARM.Collect$$libinit$$00000030  c_p.l(libinit2.o)
    0x0000013e   0x0000013e   0x00000000   Code   RO         1070    .ARM.Collect$$libinit$$00000032  c_p.l(libinit2.o)
    0x0000013e   0x0000013e   0x00000002   Code   RO         1071    .ARM.Collect$$libinit$$00000033  c_p.l(libinit2.o)
    0x00000140   0x00000140   0x00000002   Code   RO         1102    .ARM.Collect$$libshutdown$$00000000  c_p.l(libshutdown.o)
    0x00000142   0x00000142   0x00000000   Code   RO         1128    .ARM.Collect$$libshutdown$$00000002  c_p.l(libshutdown2.o)
    0x00000142   0x00000142   0x00000000   Code   RO         1130    .ARM.Collect$$libshutdown$$00000004  c_p.l(libshutdown2.o)
    0x00000142   0x00000142   0x00000000   Code   RO         1133    .ARM.Collect$$libshutdown$$00000007  c_p.l(libshutdown2.o)
    0x00000142   0x00000142   0x00000000   Code   RO         1136    .ARM.Collect$$libshutdown$$0000000A  c_p.l(libshutdown2.o)
    0x00000142   0x00000142   0x00000000   Code   RO         1138    .ARM.Collect$$libshutdown$$0000000C  c_p.l(libshutdown2.o)
    0x00000142   0x00000142   0x00000000   Code   RO         1141    .ARM.Collect$$libshutdown$$0000000F  c_p.l(libshutdown2.o)
    0x00000142   0x00000142   0x00000002   Code   RO         1142    .ARM.Collect$$libshutdown$$00000010  c_p.l(libshutdown2.o)
    0x00000144   0x00000144   0x00000000   Code   RO          978    .ARM.Collect$$rtentry$$00000000  c_p.l(__rtentry.o)
    0x00000144   0x00000144   0x00000000   Code   RO          984    .ARM.Collect$$rtentry$$00000002  c_p.l(__rtentry2.o)
    0x00000144   0x00000144   0x00000006   Code   RO          996    .ARM.Collect$$rtentry$$00000004  c_p.l(__rtentry4.o)
    0x0000014a   0x0000014a   0x00000000   Code   RO          986    .ARM.Collect$$rtentry$$00000009  c_p.l(__rtentry2.o)
    0x0000014a   0x0000014a   0x00000004   Code   RO          987    .ARM.Collect$$rtentry$$0000000A  c_p.l(__rtentry2.o)
    0x0000014e   0x0000014e   0x00000000   Code   RO          989    .ARM.Collect$$rtentry$$0000000C  c_p.l(__rtentry2.o)
    0x0000014e   0x0000014e   0x00000008   Code   RO          990    .ARM.Collect$$rtentry$$0000000D  c_p.l(__rtentry2.o)
    0x00000156   0x00000156   0x00000002   Code   RO         1019    .ARM.Collect$$rtexit$$00000000  c_p.l(rtexit.o)
    0x00000158   0x00000158   0x00000000   Code   RO         1075    .ARM.Collect$$rtexit$$00000002  c_p.l(rtexit2.o)
    0x00000158   0x00000158   0x00000004   Code   RO         1076    .ARM.Collect$$rtexit$$00000003  c_p.l(rtexit2.o)
    0x0000015c   0x0000015c   0x00000006   Code   RO         1077    .ARM.Collect$$rtexit$$00000004  c_p.l(rtexit2.o)
    0x00000162   0x00000162   0x00000002   PAD
    0x00000164   0x00000164   0x00000038   Code   RO          966    .emb_text           c_p.l(rt_memcpy.o)
    0x0000019c   0x0000019c   0x00000064   Code   RO            4  * .text               startup_nuc1xx.o
    0x00000200   0x00000200   0x0000015a   Code   RO          970    .text               c_p.l(aeabi_sdiv.o)
    0x0000035a   0x0000035a   0x00000006   Code   RO          974    .text               c_p.l(heapauxi.o)
    0x00000360   0x00000360   0x0000003e   Code   RO         1000    .text               c_p.l(sys_stackheap_outer.o)
    0x0000039e   0x0000039e   0x00000010   Code   RO         1003    .text               c_p.l(exit.o)
    0x000003ae   0x000003ae   0x00000002   PAD
    0x000003b0   0x000003b0   0x00000008   Code   RO         1015    .text               c_p.l(libspace.o)
    0x000003b8   0x000003b8   0x0000000c   Code   RO         1072    .text               c_p.l(sys_exit.o)
    0x000003c4   0x000003c4   0x00000002   Code   RO         1091    .text               c_p.l(use_no_semi.o)
    0x000003c6   0x000003c6   0x00000000   Code   RO         1093    .text               c_p.l(indicate_semi.o)
    0x000003c6   0x000003c6   0x00000002   PAD
    0x000003c8   0x000003c8   0x00000028   Code   RO          119    i.BOD_IRQHandler    drvsys.o
    0x000003f0   0x000003f0   0x00000088   Code   RO          752    i.DrvGPIO_Open      drvgpio.o
    0x00000478   0x00000478   0x000000c4   Code   RO          140    i.DrvSYS_GetPLLContent  drvsys.o
    0x0000053c   0x0000053c   0x00000010   Code   RO          143    i.DrvSYS_IsProtectedRegLocked  drvsys.o
    0x0000054c   0x0000054c   0x000000c0   Code   RO          145    i.DrvSYS_Open       drvsys.o
    0x0000060c   0x0000060c   0x00000038   Code   RO          151    i.DrvSYS_SelectHCLKSource  drvsys.o
    0x00000644   0x00000644   0x0000004c   Code   RO          160    i.DrvSYS_SetPLLContent  drvsys.o
    0x00000690   0x00000690   0x00000024   Code   RO          759    i.EINT0_IRQHandler  drvgpio.o
    0x000006b4   0x000006b4   0x00000024   Code   RO          760    i.EINT1_IRQHandler  drvgpio.o
    0x000006d8   0x000006d8   0x00000044   Code   RO          761    i.GPAB_IRQHandler   drvgpio.o
    0x0000071c   0x0000071c   0x0000004c   Code   RO          762    i.GPCDE_IRQHandler  drvgpio.o
    0x00000768   0x00000768   0x00000004   Code   RO           60    i.HardFault_Handler  timer_lab.o
    0x0000076c   0x0000076c   0x00000028   Code   RO          167    i.PWRWU_IRQHandler  drvsys.o
    0x00000794   0x00000794   0x000000a0   Code   RO           10    i.SystemCoreClockUpdate  system_nuc1xx.o
    0x00000834   0x00000834   0x00000002   Code   RO           11    i.SystemInit        system_nuc1xx.o
    0x00000836   0x00000836   0x00000002   PAD
    0x00000838   0x00000838   0x000000b4   Code   RO           62    i.TIMER0_Init       timer_lab.o
    0x000008ec   0x000008ec   0x00000014   Code   RO           63    i.TMR0_IRQHandler1  timer_lab.o
    0x00000900   0x00000900   0x0000009c   Code   RO          477    i.TMR1_IRQHandler   drvtimer.o
    0x0000099c   0x0000099c   0x0000009c   Code   RO          478    i.TMR2_IRQHandler   drvtimer.o
    0x00000a38   0x00000a38   0x0000009c   Code   RO          479    i.TMR3_IRQHandler   drvtimer.o
    0x00000ad4   0x00000ad4   0x00000034   Code   RO          480    i.WDT_IRQHandler    drvtimer.o
    0x00000b08   0x00000b08   0x00000044   Code   RO           64    i.main              timer_lab.o
    0x00000b4c   0x00000b4c   0x00000020   Data   RO           65    .constdata          timer_lab.o
    0x00000b6c   0x00000b6c   0x00000020   Data   RO         1143    Region$$Table       anon$$obj.o


    Execution Region RW_IRAM1 (Exec base: 0x20000000, Load base: 0x00000b8c, Size: 0x00000550, Max: 0x00004000, ABSOLUTE)

    Exec Addr    Load Addr    Size         Type   Attr      Idx    E Section Name        Object

    0x20000000   0x00000b8c   0x0000001c   Data   RW           12    .data               system_nuc1xx.o
    0x2000001c   0x00000ba8   0x00000008   Data   RW          169    .data               drvsys.o
    0x20000024   0x00000bb0   0x00000068   Data   RW          483    .data               drvtimer.o
    0x2000008c   0x00000c18   0x00000010   Data   RW          766    .data               drvgpio.o
    0x2000009c        -       0x00000050   Zero   RW          481    .bss                drvtimer.o
    0x200000ec        -       0x00000060   Zero   RW         1016    .bss                c_p.l(libspace.o)
    0x2000014c   0x00000c28   0x00000004   PAD
    0x20000150        -       0x00000000   Zero   RW            2    HEAP                startup_nuc1xx.o
    0x20000150        -       0x00000400   Zero   RW            1    STACK               startup_nuc1xx.o


==============================================================================

Image component sizes


      Code (inc. data)   RO Data    RW Data    ZI Data      Debug   Object Name

       352         46          0         16          0       8194   drvgpio.o
       616         78          0          8          0     124756   drvsys.o
       520         44          0        104         80       5731   drvtimer.o
       100         46        192          0       1024        640   startup_nuc1xx.o
       162         28          0         28          0       6378   system_nuc1xx.o
       272         32         32          0          0     126832   timer_lab.o

    ----------------------------------------------------------------------
      2024        274        256        156       1104     272531   Object Totals
         0          0         32          0          0          0   (incl. Generated)
         2          0          0          0          0          0   (incl. Padding)

    ----------------------------------------------------------------------

      Code (inc. data)   RO Data    RW Data    ZI Data      Debug   Library Member Name

         8          0          0          0          0         68   __main.o
         0          0          0          0          0          0   __rtentry.o
        12          0          0          0          0          0   __rtentry2.o
         6          0          0          0          0          0   __rtentry4.o
        60          8          0          0          0          0   __scatter.o
        26          0          0          0          0          0   __scatter_copy.o
        28          0          0          0          0          0   __scatter_zi.o
       346          0          0          0          0         92   aeabi_sdiv.o
        16          0          0          0          0         68   exit.o
         6          0          0          0          0        136   heapauxi.o
         0          0          0          0          0          0   indicate_semi.o
         2          0          0          0          0          0   libinit.o
         2          0          0          0          0          0   libinit2.o
         2          0          0          0          0          0   libshutdown.o
         2          0          0          0          0          0   libshutdown2.o
         8          4          0          0         96         68   libspace.o
        56          0          0          0          0         68   rt_memcpy.o
         2          0          0          0          0          0   rtexit.o
        10          0          0          0          0          0   rtexit2.o
        12          4          0          0          0         60   sys_exit.o
        62          0          0          0          0         80   sys_stackheap_outer.o
         2          0          0          0          0         68   use_no_semi.o

    ----------------------------------------------------------------------
       676         16          0          0        100        708   Library Totals
         8          0          0          0          4          0   (incl. Padding)

    ----------------------------------------------------------------------

      Code (inc. data)   RO Data    RW Data    ZI Data      Debug   Library Name

       668         16          0          0         96        708   c_p.l

    ----------------------------------------------------------------------
       676         16          0          0        100        708   Library Totals

    ----------------------------------------------------------------------

==============================================================================


      Code (inc. data)   RO Data    RW Data    ZI Data      Debug   

      2700        290        256        156       1204     272251   Grand Totals
      2700        290        256        156       1204     272251   ELF Image Totals
      2700        290        256        156          0          0   ROM Totals

==============================================================================

    Total RO  Size (Code + RO Data)                 2956 (   2.89kB)
    Total RW  Size (RW Data + ZI Data)              1360 (   1.33kB)
    Total ROM Size (Code + RO Data + RW Data)       3112 (   3.04kB)

==============================================================================

