Component: ARM Compiler 5.06 update 5 (build 528) Tool: armlink [4d35e2]

==============================================================================

Section Cross References

    startup_nuc1xx.o(RESET) refers to startup_nuc1xx.o(STACK) for __initial_sp
    startup_nuc1xx.o(RESET) refers to startup_nuc1xx.o(.text) for Reset_Handler
    startup_nuc1xx.o(RESET) refers to lab_lcd.o(i.HardFault_Handler) for HardFault_Handler
    startup_nuc1xx.o(RESET) refers to drvsys.o(i.BOD_IRQHandler) for BOD_IRQHandler
    startup_nuc1xx.o(RESET) refers to drvgpio.o(i.EINT0_IRQHandler) for EINT0_IRQHandler
    startup_nuc1xx.o(RESET) refers to drvgpio.o(i.EINT1_IRQHandler) for EINT1_IRQHandler
    startup_nuc1xx.o(RESET) refers to drvgpio.o(i.GPAB_IRQHandler) for GPAB_IRQHandler
    startup_nuc1xx.o(RESET) refers to drvgpio.o(i.GPCDE_IRQHandler) for GPCDE_IRQHandler
    startup_nuc1xx.o(RESET) refers to drvsys.o(i.PWRWU_IRQHandler) for PWRWU_IRQHandler
    startup_nuc1xx.o(.text) refers to system_nuc1xx.o(i.SystemInit) for SystemInit
    startup_nuc1xx.o(.text) refers to entry.o(.ARM.Collect$$$$00000000) for __main
    system_nuc1xx.o(i.SystemCoreClockUpdate) refers to uidiv.o(.text) for __aeabi_uidivmod
    system_nuc1xx.o(i.SystemCoreClockUpdate) refers to system_nuc1xx.o(.data) for .data
    lab_lcd.o(i.main) refers to drvsys.o(i.DrvSYS_Open) for DrvSYS_Open
    lab_lcd.o(i.main) refers to lcd_driver.o(i.Initial_panel) for Initial_panel
    lab_lcd.o(i.main) refers to lcd_driver.o(i.clr_all_panel) for clr_all_panel
    lab_lcd.o(i.main) refers to lcd_driver.o(i.SetPACA) for SetPACA
    lab_lcd.o(i.main) refers to lcd_driver.o(i.WriteData) for WriteData
    drvsys.o(i.BOD_IRQHandler) refers to drvsys.o(.data) for .data
    drvsys.o(i.DrvSYS_Delay) refers to system_nuc1xx.o(.data) for CyclesPerUs
    drvsys.o(i.DrvSYS_GetHCLKFreq) refers to uidiv.o(.text) for __aeabi_uidivmod
    drvsys.o(i.DrvSYS_GetHCLKFreq) refers to drvsys.o(.constdata) for .constdata
    drvsys.o(i.DrvSYS_GetPLLClockFreq) refers to uidiv.o(.text) for __aeabi_uidivmod
    drvsys.o(i.DrvSYS_GetPLLClockFreq) refers to drvsys.o(.constdata) for .constdata
    drvsys.o(i.DrvSYS_GetPLLContent) refers to uidiv.o(.text) for __aeabi_uidivmod
    drvsys.o(i.DrvSYS_Open) refers to uidiv.o(.text) for __aeabi_uidivmod
    drvsys.o(i.DrvSYS_Open) refers to system_nuc1xx.o(i.SystemCoreClockUpdate) for SystemCoreClockUpdate
    drvsys.o(i.DrvSYS_SelectHCLKSource) refers to system_nuc1xx.o(i.SystemCoreClockUpdate) for SystemCoreClockUpdate
    drvsys.o(i.DrvSYS_SetBODFunction) refers to drvsys.o(.data) for .data
    drvsys.o(i.DrvSYS_SetClockDivider) refers to system_nuc1xx.o(i.SystemCoreClockUpdate) for SystemCoreClockUpdate
    drvsys.o(i.DrvSYS_SetPowerDownWakeUpInt) refers to drvsys.o(.data) for .data
    drvsys.o(i.PWRWU_IRQHandler) refers to drvsys.o(.data) for .data
    lcd_driver.o(i.Disable_Buzzer) refers to drvgpio.o(i.DrvGPIO_Open) for DrvGPIO_Open
    lcd_driver.o(i.Disable_Buzzer) refers to drvgpio.o(i.DrvGPIO_SetBit) for DrvGPIO_SetBit
    lcd_driver.o(i.Initial_panel) refers to lcd_driver.o(.data) for .data
    lcd_driver.o(i.SetPACA) refers to lcd_driver.o(.data) for .data
    lcd_driver.o(i.Show_Word) refers to lcd_driver.o(i.SetPACA) for SetPACA
    lcd_driver.o(i.Show_Word) refers to lcd_driver.o(.data) for .data
    lcd_driver.o(i.Show_Word) refers to ascii_table.o(.data) for Ascii
    lcd_driver.o(i.WriteData) refers to lcd_driver.o(.data) for .data
    lcd_driver.o(i.clr_all_panel) refers to lcd_driver.o(i.SetPACA) for SetPACA
    lcd_driver.o(i.clr_all_panel) refers to lcd_driver.o(i.WriteData) for WriteData
    lcd_driver.o(i.clr_all_panel) refers to lcd_driver.o(.data) for .data
    lcd_driver.o(i.draw_LCD) refers to lcd_driver.o(i.SetPACA) for SetPACA
    lcd_driver.o(i.draw_LCD) refers to lcd_driver.o(.data) for .data
    lcd_driver.o(i.draw_Row) refers to lcd_driver.o(i.SetPACA) for SetPACA
    lcd_driver.o(i.draw_Row) refers to lcd_driver.o(.data) for .data
    lcd_driver.o(i.print_lcd) refers to lcd_driver.o(i.SetPACA) for SetPACA
    lcd_driver.o(i.print_lcd) refers to lcd_driver.o(.data) for .data
    lcd_driver.o(i.print_lcd) refers to ascii_table.o(.data) for Ascii
    drvgpio.o(i.DrvGPIO_EnableEINT0) refers to drvgpio.o(.data) for .data
    drvgpio.o(i.DrvGPIO_EnableEINT1) refers to drvgpio.o(.data) for .data
    drvgpio.o(i.DrvGPIO_SetIntCallback) refers to drvgpio.o(.data) for .data
    drvgpio.o(i.EINT0_IRQHandler) refers to drvgpio.o(.data) for .data
    drvgpio.o(i.EINT1_IRQHandler) refers to drvgpio.o(.data) for .data
    drvgpio.o(i.GPAB_IRQHandler) refers to drvgpio.o(.data) for .data
    drvgpio.o(i.GPCDE_IRQHandler) refers to drvgpio.o(.data) for .data
    entry.o(.ARM.Collect$$$$00000000) refers (Special) to entry10a.o(.ARM.Collect$$$$0000000D) for __rt_final_cpp
    entry.o(.ARM.Collect$$$$00000000) refers (Special) to entry11a.o(.ARM.Collect$$$$0000000F) for __rt_final_exit
    entry.o(.ARM.Collect$$$$00000000) refers (Special) to entry7b.o(.ARM.Collect$$$$00000008) for _main_clock
    entry.o(.ARM.Collect$$$$00000000) refers (Special) to entry8b.o(.ARM.Collect$$$$0000000A) for _main_cpp_init
    entry.o(.ARM.Collect$$$$00000000) refers (Special) to entry9a.o(.ARM.Collect$$$$0000000B) for _main_init
    entry.o(.ARM.Collect$$$$00000000) refers (Special) to entry5.o(.ARM.Collect$$$$00000004) for _main_scatterload
    entry.o(.ARM.Collect$$$$00000000) refers (Special) to entry2.o(.ARM.Collect$$$$00000001) for _main_stk
    entry2.o(.ARM.Collect$$$$00000001) refers to entry2.o(.ARM.Collect$$$$00002712) for __lit__00000000
    entry2.o(.ARM.Collect$$$$00002712) refers to startup_nuc1xx.o(STACK) for __initial_sp
    entry2.o(__vectab_stack_and_reset_area) refers to startup_nuc1xx.o(STACK) for __initial_sp
    entry2.o(__vectab_stack_and_reset_area) refers to entry.o(.ARM.Collect$$$$00000000) for __main
    entry5.o(.ARM.Collect$$$$00000004) refers to init.o(.text) for __scatterload
    entry9a.o(.ARM.Collect$$$$0000000B) refers to lab_lcd.o(i.main) for main
    entry9b.o(.ARM.Collect$$$$0000000C) refers to lab_lcd.o(i.main) for main
    init.o(.text) refers to entry5.o(.ARM.Collect$$$$00000004) for __main_after_scatterload


==============================================================================

Removing Unused input sections from the image.

    Removing startup_nuc1xx.o(HEAP), (0 bytes).
    Removing core_cm0.o(.emb_text), (32 bytes).
    Removing lab_lcd.o(i.Draw_pix), (2 bytes).
    Removing lab_lcd.o(i.SYS_Delay), (44 bytes).
    Removing lab_lcd.o(.data), (1 bytes).
    Removing drvsys.o(i.DrvSYS_ClearClockSwitchStatus), (16 bytes).
    Removing drvsys.o(i.DrvSYS_ClearResetSource), (10 bytes).
    Removing drvsys.o(i.DrvSYS_Delay), (36 bytes).
    Removing drvsys.o(i.DrvSYS_DisableBODLowPowerMode), (14 bytes).
    Removing drvsys.o(i.DrvSYS_DisableHighPerformanceMode), (14 bytes).
    Removing drvsys.o(i.DrvSYS_DisableLowVoltReset), (14 bytes).
    Removing drvsys.o(i.DrvSYS_DisablePOR), (12 bytes).
    Removing drvsys.o(i.DrvSYS_DisableTemperatureSensor), (14 bytes).
    Removing drvsys.o(i.DrvSYS_EnableBODLowPowerMode), (14 bytes).
    Removing drvsys.o(i.DrvSYS_EnableHighPerformanceMode), (14 bytes).
    Removing drvsys.o(i.DrvSYS_EnableLowVoltReset), (14 bytes).
    Removing drvsys.o(i.DrvSYS_EnablePOR), (10 bytes).
    Removing drvsys.o(i.DrvSYS_EnableTemperatureSensor), (14 bytes).
    Removing drvsys.o(i.DrvSYS_EnterPowerDown), (40 bytes).
    Removing drvsys.o(i.DrvSYS_GetBODState), (12 bytes).
    Removing drvsys.o(i.DrvSYS_GetChipClockSourceStatus), (68 bytes).
    Removing drvsys.o(i.DrvSYS_GetClockSwitchStatus), (16 bytes).
    Removing drvsys.o(i.DrvSYS_GetExtClockFreq), (8 bytes).
    Removing drvsys.o(i.DrvSYS_GetHCLKFreq), (168 bytes).
    Removing drvsys.o(i.DrvSYS_GetPLLClockFreq), (96 bytes).
    Removing drvsys.o(i.DrvSYS_GetPLLContent), (168 bytes).
    Removing drvsys.o(i.DrvSYS_GetResetSource), (8 bytes).
    Removing drvsys.o(i.DrvSYS_GetVersion), (8 bytes).
    Removing drvsys.o(i.DrvSYS_IsProtectedRegLocked), (16 bytes).
    Removing drvsys.o(i.DrvSYS_LockProtectedReg), (28 bytes).
    Removing drvsys.o(i.DrvSYS_ReadProductID), (8 bytes).
    Removing drvsys.o(i.DrvSYS_ResetCPU), (14 bytes).
    Removing drvsys.o(i.DrvSYS_ResetChip), (14 bytes).
    Removing drvsys.o(i.DrvSYS_ResetIP), (62 bytes).
    Removing drvsys.o(i.DrvSYS_SelectBODVolt), (20 bytes).
    Removing drvsys.o(i.DrvSYS_SelectHCLKSource), (48 bytes).
    Removing drvsys.o(i.DrvSYS_SelectIPClockSource), (288 bytes).
    Removing drvsys.o(i.DrvSYS_SelectPLLSource), (24 bytes).
    Removing drvsys.o(i.DrvSYS_SelectSysTickSource), (44 bytes).
    Removing drvsys.o(i.DrvSYS_SetBODFunction), (92 bytes).
    Removing drvsys.o(i.DrvSYS_SetClockDivider), (108 bytes).
    Removing drvsys.o(i.DrvSYS_SetFreqDividerOutput), (72 bytes).
    Removing drvsys.o(i.DrvSYS_SetIPClock), (100 bytes).
    Removing drvsys.o(i.DrvSYS_SetOscCtrl), (96 bytes).
    Removing drvsys.o(i.DrvSYS_SetPLLContent), (60 bytes).
    Removing drvsys.o(i.DrvSYS_SetPLLMode), (36 bytes).
    Removing drvsys.o(i.DrvSYS_SetPowerDownWakeUpInt), (96 bytes).
    Removing drvsys.o(i.DrvSYS_UnlockProtectedReg), (40 bytes).
    Removing drvsys.o(.constdata), (16 bytes).
    Removing lcd_driver.o(i.Disable_Buzzer), (22 bytes).
    Removing lcd_driver.o(i.Show_Word), (180 bytes).
    Removing lcd_driver.o(i.SysTimerDelay), (28 bytes).
    Removing lcd_driver.o(i.draw_LCD), (108 bytes).
    Removing lcd_driver.o(i.draw_Row), (80 bytes).
    Removing lcd_driver.o(i.print_lcd), (224 bytes).
    Removing drvgpio.o(i.DrvGPIO_Close), (64 bytes).
    Removing drvgpio.o(i.DrvGPIO_ClrBit), (36 bytes).
    Removing drvgpio.o(i.DrvGPIO_ClrBitMask), (32 bytes).
    Removing drvgpio.o(i.DrvGPIO_ClrPortMask), (20 bytes).
    Removing drvgpio.o(i.DrvGPIO_DisableDebounce), (48 bytes).
    Removing drvgpio.o(i.DrvGPIO_DisableDigitalInputBit), (36 bytes).
    Removing drvgpio.o(i.DrvGPIO_DisableEINT0), (36 bytes).
    Removing drvgpio.o(i.DrvGPIO_DisableEINT1), (36 bytes).
    Removing drvgpio.o(i.DrvGPIO_DisableInt), (76 bytes).
    Removing drvgpio.o(i.DrvGPIO_EnableDebounce), (48 bytes).
    Removing drvgpio.o(i.DrvGPIO_EnableDigitalInputBit), (36 bytes).
    Removing drvgpio.o(i.DrvGPIO_EnableEINT0), (148 bytes).
    Removing drvgpio.o(i.DrvGPIO_EnableEINT1), (136 bytes).
    Removing drvgpio.o(i.DrvGPIO_EnableInt), (224 bytes).
    Removing drvgpio.o(i.DrvGPIO_GetBit), (40 bytes).
    Removing drvgpio.o(i.DrvGPIO_GetBitMask), (28 bytes).
    Removing drvgpio.o(i.DrvGPIO_GetDebounceSampleCycle), (16 bytes).
    Removing drvgpio.o(i.DrvGPIO_GetDoutBit), (32 bytes).
    Removing drvgpio.o(i.DrvGPIO_GetIntStatus), (16 bytes).
    Removing drvgpio.o(i.DrvGPIO_GetPortBits), (16 bytes).
    Removing drvgpio.o(i.DrvGPIO_GetPortDoutBits), (28 bytes).
    Removing drvgpio.o(i.DrvGPIO_GetPortMask), (16 bytes).
    Removing drvgpio.o(i.DrvGPIO_GetVersion), (8 bytes).
    Removing drvgpio.o(i.DrvGPIO_InitFunction), (1332 bytes).
    Removing drvgpio.o(i.DrvGPIO_Open), (124 bytes).
    Removing drvgpio.o(i.DrvGPIO_SetBit), (36 bytes).
    Removing drvgpio.o(i.DrvGPIO_SetBitMask), (32 bytes).
    Removing drvgpio.o(i.DrvGPIO_SetDebounceTime), (52 bytes).
    Removing drvgpio.o(i.DrvGPIO_SetIntCallback), (12 bytes).
    Removing drvgpio.o(i.DrvGPIO_SetPortBits), (16 bytes).
    Removing drvgpio.o(i.DrvGPIO_SetPortMask), (20 bytes).
    Removing ascii_table.o(.data), (1520 bytes).

87 unused section(s) (total 7111 bytes) removed from the image.

==============================================================================

Image Symbol Table

    Local Symbols

    Symbol Name                              Value     Ov Type        Size  Object(Section)

    RESET                                    0x00000000   Section      192  startup_nuc1xx.o(RESET)
    ../clib/microlib/division.c              0x00000000   Number         0  uidiv.o ABSOLUTE
    ../clib/microlib/init/entry.s            0x00000000   Number         0  entry5.o ABSOLUTE
    ../clib/microlib/init/entry.s            0x00000000   Number         0  entry.o ABSOLUTE
    ../clib/microlib/init/entry.s            0x00000000   Number         0  entry11b.o ABSOLUTE
    ../clib/microlib/init/entry.s            0x00000000   Number         0  entry10b.o ABSOLUTE
    ../clib/microlib/init/entry.s            0x00000000   Number         0  entry10a.o ABSOLUTE
    ../clib/microlib/init/entry.s            0x00000000   Number         0  entry11a.o ABSOLUTE
    ../clib/microlib/init/entry.s            0x00000000   Number         0  entry9b.o ABSOLUTE
    ../clib/microlib/init/entry.s            0x00000000   Number         0  entry9a.o ABSOLUTE
    ../clib/microlib/init/entry.s            0x00000000   Number         0  entry2.o ABSOLUTE
    ../clib/microlib/init/entry.s            0x00000000   Number         0  entry8b.o ABSOLUTE
    ../clib/microlib/init/entry.s            0x00000000   Number         0  entry8a.o ABSOLUTE
    ../clib/microlib/init/entry.s            0x00000000   Number         0  entry7b.o ABSOLUTE
    ../clib/microlib/init/entry.s            0x00000000   Number         0  entry7a.o ABSOLUTE
    CM0\CoreSupport\core_cm0.c               0x00000000   Number         0  core_cm0.o ABSOLUTE
    CM0\DeviceSupport\Nuvoton\NUC1xx\system_NUC1xx.c 0x00000000   Number         0  system_nuc1xx.o ABSOLUTE
    CM0\\CoreSupport\\core_cm0.c             0x00000000   Number         0  core_cm0.o ABSOLUTE
    LAB_LCD.c                                0x00000000   Number         0  lab_lcd.o ABSOLUTE
    Src\Driver\DrvGPIO.c                     0x00000000   Number         0  drvgpio.o ABSOLUTE
    Src\Driver\DrvSYS.c                      0x00000000   Number         0  drvsys.o ABSOLUTE
    Src\NUC1xx-LB_002\Ascii_Table.c          0x00000000   Number         0  ascii_table.o ABSOLUTE
    Src\NUC1xx-LB_002\LCD_Driver.c           0x00000000   Number         0  lcd_driver.o ABSOLUTE
    dc.s                                     0x00000000   Number         0  dc.o ABSOLUTE
    handlers.s                               0x00000000   Number         0  handlers.o ABSOLUTE
    init.s                                   0x00000000   Number         0  init.o ABSOLUTE
    startup_NUC1xx.s                         0x00000000   Number         0  startup_nuc1xx.o ABSOLUTE
    .ARM.Collect$$$$00000000                 0x000000c0   Section        0  entry.o(.ARM.Collect$$$$00000000)
    .ARM.Collect$$$$00000001                 0x000000c0   Section        4  entry2.o(.ARM.Collect$$$$00000001)
    .ARM.Collect$$$$00000004                 0x000000c4   Section        4  entry5.o(.ARM.Collect$$$$00000004)
    .ARM.Collect$$$$00000008                 0x000000c8   Section        0  entry7b.o(.ARM.Collect$$$$00000008)
    .ARM.Collect$$$$0000000A                 0x000000c8   Section        0  entry8b.o(.ARM.Collect$$$$0000000A)
    .ARM.Collect$$$$0000000B                 0x000000c8   Section        8  entry9a.o(.ARM.Collect$$$$0000000B)
    .ARM.Collect$$$$0000000D                 0x000000d0   Section        0  entry10a.o(.ARM.Collect$$$$0000000D)
    .ARM.Collect$$$$0000000F                 0x000000d0   Section        0  entry11a.o(.ARM.Collect$$$$0000000F)
    .ARM.Collect$$$$00002712                 0x000000d0   Section        4  entry2.o(.ARM.Collect$$$$00002712)
    __lit__00000000                          0x000000d0   Data           4  entry2.o(.ARM.Collect$$$$00002712)
    .text                                    0x000000d4   Section      116  startup_nuc1xx.o(.text)
    Default_Handler                          0x0000010f   Thumb Code     2  startup_nuc1xx.o(.text)
    .text                                    0x00000148   Section        0  uidiv.o(.text)
    .text                                    0x00000174   Section       36  init.o(.text)
    i.BOD_IRQHandler                         0x00000198   Section        0  drvsys.o(i.BOD_IRQHandler)
    i.DrvSYS_Open                            0x000001b4   Section        0  drvsys.o(i.DrvSYS_Open)
    i.EINT0_IRQHandler                       0x00000314   Section        0  drvgpio.o(i.EINT0_IRQHandler)
    i.EINT1_IRQHandler                       0x00000330   Section        0  drvgpio.o(i.EINT1_IRQHandler)
    i.GPAB_IRQHandler                        0x0000034c   Section        0  drvgpio.o(i.GPAB_IRQHandler)
    i.GPCDE_IRQHandler                       0x00000388   Section        0  drvgpio.o(i.GPCDE_IRQHandler)
    i.HardFault_Handler                      0x000003d0   Section        0  lab_lcd.o(i.HardFault_Handler)
    i.Initial_panel                          0x000003d4   Section        0  lcd_driver.o(i.Initial_panel)
    i.PWRWU_IRQHandler                       0x0000051c   Section        0  drvsys.o(i.PWRWU_IRQHandler)
    i.SetPACA                                0x0000053c   Section        0  lcd_driver.o(i.SetPACA)
    i.SystemCoreClockUpdate                  0x000005c8   Section        0  system_nuc1xx.o(i.SystemCoreClockUpdate)
    i.SystemInit                             0x0000064c   Section        0  system_nuc1xx.o(i.SystemInit)
    i.WriteData                              0x00000650   Section        0  lcd_driver.o(i.WriteData)
    i.__scatterload_copy                     0x00000684   Section       14  handlers.o(i.__scatterload_copy)
    i.__scatterload_null                     0x00000692   Section        2  handlers.o(i.__scatterload_null)
    i.__scatterload_zeroinit                 0x00000694   Section       14  handlers.o(i.__scatterload_zeroinit)
    i.clr_all_panel                          0x000006a4   Section        0  lcd_driver.o(i.clr_all_panel)
    i.main                                   0x000006f4   Section        0  lab_lcd.o(i.main)
    .data                                    0x20000000   Section       28  system_nuc1xx.o(.data)
    .data                                    0x2000001c   Section        8  drvsys.o(.data)
    BOD_callbackFn                           0x2000001c   Data           4  drvsys.o(.data)
    PWRWU_callbackFn                         0x20000020   Data           4  drvsys.o(.data)
    .data                                    0x20000024   Section       16  lcd_driver.o(.data)
    .data                                    0x20000034   Section       16  drvgpio.o(.data)
    _pfGPABCallback                          0x20000034   Data           4  drvgpio.o(.data)
    _pfGPCDECallback                         0x20000038   Data           4  drvgpio.o(.data)
    _pfEINT0Callback                         0x2000003c   Data           4  drvgpio.o(.data)
    _pfEINT1Callback                         0x20000040   Data           4  drvgpio.o(.data)
    STACK                                    0x20000048   Section     1024  startup_nuc1xx.o(STACK)

    Global Symbols

    Symbol Name                              Value     Ov Type        Size  Object(Section)

    BuildAttributes$$THM_ISAv3M$S$PE$A:L22$X:L11$S22$IEEE1$IW$USESV6$~STKCKD$USESV7$~SHL$OTIME$EBA8$MICROLIB$REQ8$PRES8$EABIv2 0x00000000   Number         0  anon$$obj.o ABSOLUTE
    __ARM_use_no_argv                        0x00000000   Number         0  lab_lcd.o ABSOLUTE
    __Vectors                                0x00000000   Data           4  startup_nuc1xx.o(RESET)
    __cpp_initialize__aeabi_                  - Undefined Weak Reference
    __cxa_finalize                            - Undefined Weak Reference
    __decompress                              - Undefined Weak Reference
    _clock_init                               - Undefined Weak Reference
    _microlib_exit                            - Undefined Weak Reference
    __main                                   0x000000c1   Thumb Code     0  entry.o(.ARM.Collect$$$$00000000)
    _main_stk                                0x000000c1   Thumb Code     0  entry2.o(.ARM.Collect$$$$00000001)
    _main_scatterload                        0x000000c5   Thumb Code     0  entry5.o(.ARM.Collect$$$$00000004)
    __main_after_scatterload                 0x000000c9   Thumb Code     0  entry5.o(.ARM.Collect$$$$00000004)
    _main_clock                              0x000000c9   Thumb Code     0  entry7b.o(.ARM.Collect$$$$00000008)
    _main_cpp_init                           0x000000c9   Thumb Code     0  entry8b.o(.ARM.Collect$$$$0000000A)
    _main_init                               0x000000c9   Thumb Code     0  entry9a.o(.ARM.Collect$$$$0000000B)
    __rt_final_cpp                           0x000000d1   Thumb Code     0  entry10a.o(.ARM.Collect$$$$0000000D)
    __rt_final_exit                          0x000000d1   Thumb Code     0  entry11a.o(.ARM.Collect$$$$0000000F)
    Reset_Handler                            0x000000d5   Thumb Code    32  startup_nuc1xx.o(.text)
    NMI_Handler                              0x000000f5   Thumb Code     2  startup_nuc1xx.o(.text)
    SVC_Handler                              0x00000109   Thumb Code     2  startup_nuc1xx.o(.text)
    PendSV_Handler                           0x0000010b   Thumb Code     2  startup_nuc1xx.o(.text)
    SysTick_Handler                          0x0000010d   Thumb Code     2  startup_nuc1xx.o(.text)
    ACMP_IRQHandler                          0x0000010f   Thumb Code     0  startup_nuc1xx.o(.text)
    ADC_IRQHandler                           0x0000010f   Thumb Code     0  startup_nuc1xx.o(.text)
    CAN0_IRQHandler                          0x0000010f   Thumb Code     0  startup_nuc1xx.o(.text)
    I2C0_IRQHandler                          0x0000010f   Thumb Code     0  startup_nuc1xx.o(.text)
    I2C1_IRQHandler                          0x0000010f   Thumb Code     0  startup_nuc1xx.o(.text)
    I2S_IRQHandler                           0x0000010f   Thumb Code     0  startup_nuc1xx.o(.text)
    PDMA_IRQHandler                          0x0000010f   Thumb Code     0  startup_nuc1xx.o(.text)
    PS2_IRQHandler                           0x0000010f   Thumb Code     0  startup_nuc1xx.o(.text)
    PWMA_IRQHandler                          0x0000010f   Thumb Code     0  startup_nuc1xx.o(.text)
    PWMB_IRQHandler                          0x0000010f   Thumb Code     0  startup_nuc1xx.o(.text)
    RTC_IRQHandler                           0x0000010f   Thumb Code     0  startup_nuc1xx.o(.text)
    SPI0_IRQHandler                          0x0000010f   Thumb Code     0  startup_nuc1xx.o(.text)
    SPI1_IRQHandler                          0x0000010f   Thumb Code     0  startup_nuc1xx.o(.text)
    SPI2_IRQHandler                          0x0000010f   Thumb Code     0  startup_nuc1xx.o(.text)
    SPI3_IRQHandler                          0x0000010f   Thumb Code     0  startup_nuc1xx.o(.text)
    TMR0_IRQHandler                          0x0000010f   Thumb Code     0  startup_nuc1xx.o(.text)
    TMR1_IRQHandler                          0x0000010f   Thumb Code     0  startup_nuc1xx.o(.text)
    TMR2_IRQHandler                          0x0000010f   Thumb Code     0  startup_nuc1xx.o(.text)
    TMR3_IRQHandler                          0x0000010f   Thumb Code     0  startup_nuc1xx.o(.text)
    UART02_IRQHandler                        0x0000010f   Thumb Code     0  startup_nuc1xx.o(.text)
    UART1_IRQHandler                         0x0000010f   Thumb Code     0  startup_nuc1xx.o(.text)
    USBD_IRQHandler                          0x0000010f   Thumb Code     0  startup_nuc1xx.o(.text)
    WDT_IRQHandler                           0x0000010f   Thumb Code     0  startup_nuc1xx.o(.text)
    SH_DoCommand                             0x00000111   Thumb Code     0  startup_nuc1xx.o(.text)
    __aeabi_uidiv                            0x00000149   Thumb Code     0  uidiv.o(.text)
    __aeabi_uidivmod                         0x00000149   Thumb Code    44  uidiv.o(.text)
    __scatterload                            0x00000175   Thumb Code    28  init.o(.text)
    __scatterload_rt2                        0x00000175   Thumb Code     0  init.o(.text)
    BOD_IRQHandler                           0x00000199   Thumb Code    24  drvsys.o(i.BOD_IRQHandler)
    DrvSYS_Open                              0x000001b5   Thumb Code   288  drvsys.o(i.DrvSYS_Open)
    EINT0_IRQHandler                         0x00000315   Thumb Code    20  drvgpio.o(i.EINT0_IRQHandler)
    EINT1_IRQHandler                         0x00000331   Thumb Code    20  drvgpio.o(i.EINT1_IRQHandler)
    GPAB_IRQHandler                          0x0000034d   Thumb Code    48  drvgpio.o(i.GPAB_IRQHandler)
    GPCDE_IRQHandler                         0x00000389   Thumb Code    54  drvgpio.o(i.GPCDE_IRQHandler)
    HardFault_Handler                        0x000003d1   Thumb Code     2  lab_lcd.o(i.HardFault_Handler)
    Initial_panel                            0x000003d5   Thumb Code   318  lcd_driver.o(i.Initial_panel)
    PWRWU_IRQHandler                         0x0000051d   Thumb Code    22  drvsys.o(i.PWRWU_IRQHandler)
    SetPACA                                  0x0000053d   Thumb Code   136  lcd_driver.o(i.SetPACA)
    SystemCoreClockUpdate                    0x000005c9   Thumb Code   108  system_nuc1xx.o(i.SystemCoreClockUpdate)
    SystemInit                               0x0000064d   Thumb Code     2  system_nuc1xx.o(i.SystemInit)
    WriteData                                0x00000651   Thumb Code    48  lcd_driver.o(i.WriteData)
    __scatterload_copy                       0x00000685   Thumb Code    14  handlers.o(i.__scatterload_copy)
    __scatterload_null                       0x00000693   Thumb Code     2  handlers.o(i.__scatterload_null)
    __scatterload_zeroinit                   0x00000695   Thumb Code    14  handlers.o(i.__scatterload_zeroinit)
    clr_all_panel                            0x000006a5   Thumb Code    76  lcd_driver.o(i.clr_all_panel)
    main                                     0x000006f5   Thumb Code    60  lab_lcd.o(i.main)
    Region$$Table$$Base                      0x0000073c   Number         0  anon$$obj.o(Region$$Table)
    Region$$Table$$Limit                     0x0000075c   Number         0  anon$$obj.o(Region$$Table)
    SystemCoreClock                          0x20000000   Data           4  system_nuc1xx.o(.data)
    CyclesPerUs                              0x20000004   Data           4  system_nuc1xx.o(.data)
    gau32ClkSrcTbl                           0x20000008   Data          20  system_nuc1xx.o(.data)
    SPI_PORT                                 0x20000024   Data          16  lcd_driver.o(.data)
    __initial_sp                             0x20000448   Data           0  startup_nuc1xx.o(STACK)



==============================================================================

Memory Map of the image

  Image Entry point : 0x000000d5

  Load Region LR_IROM1 (Base: 0x00000000, Size: 0x000007a0, Max: 0x00020000, ABSOLUTE)

    Execution Region ER_IROM1 (Exec base: 0x00000000, Load base: 0x00000000, Size: 0x0000075c, Max: 0x00020000, ABSOLUTE)

    Exec Addr    Load Addr    Size         Type   Attr      Idx    E Section Name        Object

    0x00000000   0x00000000   0x000000c0   Data   RO            3    RESET               startup_nuc1xx.o
    0x000000c0   0x000000c0   0x00000000   Code   RO          712  * .ARM.Collect$$$$00000000  mc_p.l(entry.o)
    0x000000c0   0x000000c0   0x00000004   Code   RO          717    .ARM.Collect$$$$00000001  mc_p.l(entry2.o)
    0x000000c4   0x000000c4   0x00000004   Code   RO          720    .ARM.Collect$$$$00000004  mc_p.l(entry5.o)
    0x000000c8   0x000000c8   0x00000000   Code   RO          722    .ARM.Collect$$$$00000008  mc_p.l(entry7b.o)
    0x000000c8   0x000000c8   0x00000000   Code   RO          724    .ARM.Collect$$$$0000000A  mc_p.l(entry8b.o)
    0x000000c8   0x000000c8   0x00000008   Code   RO          725    .ARM.Collect$$$$0000000B  mc_p.l(entry9a.o)
    0x000000d0   0x000000d0   0x00000000   Code   RO          727    .ARM.Collect$$$$0000000D  mc_p.l(entry10a.o)
    0x000000d0   0x000000d0   0x00000000   Code   RO          729    .ARM.Collect$$$$0000000F  mc_p.l(entry11a.o)
    0x000000d0   0x000000d0   0x00000004   Code   RO          718    .ARM.Collect$$$$00002712  mc_p.l(entry2.o)
    0x000000d4   0x000000d4   0x00000074   Code   RO            4  * .text               startup_nuc1xx.o
    0x00000148   0x00000148   0x0000002c   Code   RO          715    .text               mc_p.l(uidiv.o)
    0x00000174   0x00000174   0x00000024   Code   RO          731    .text               mc_p.l(init.o)
    0x00000198   0x00000198   0x0000001c   Code   RO          117    i.BOD_IRQHandler    drvsys.o
    0x000001b4   0x000001b4   0x00000160   Code   RO          143    i.DrvSYS_Open       drvsys.o
    0x00000314   0x00000314   0x0000001c   Code   RO          515    i.EINT0_IRQHandler  drvgpio.o
    0x00000330   0x00000330   0x0000001c   Code   RO          516    i.EINT1_IRQHandler  drvgpio.o
    0x0000034c   0x0000034c   0x0000003c   Code   RO          517    i.GPAB_IRQHandler   drvgpio.o
    0x00000388   0x00000388   0x00000048   Code   RO          518    i.GPCDE_IRQHandler  drvgpio.o
    0x000003d0   0x000003d0   0x00000002   Code   RO           61    i.HardFault_Handler  lab_lcd.o
    0x000003d2   0x000003d2   0x00000002   PAD
    0x000003d4   0x000003d4   0x00000148   Code   RO          411    i.Initial_panel     lcd_driver.o
    0x0000051c   0x0000051c   0x00000020   Code   RO          162    i.PWRWU_IRQHandler  drvsys.o
    0x0000053c   0x0000053c   0x0000008c   Code   RO          412    i.SetPACA           lcd_driver.o
    0x000005c8   0x000005c8   0x00000084   Code   RO           10    i.SystemCoreClockUpdate  system_nuc1xx.o
    0x0000064c   0x0000064c   0x00000002   Code   RO           11    i.SystemInit        system_nuc1xx.o
    0x0000064e   0x0000064e   0x00000002   PAD
    0x00000650   0x00000650   0x00000034   Code   RO          415    i.WriteData         lcd_driver.o
    0x00000684   0x00000684   0x0000000e   Code   RO          735    i.__scatterload_copy  mc_p.l(handlers.o)
    0x00000692   0x00000692   0x00000002   Code   RO          736    i.__scatterload_null  mc_p.l(handlers.o)
    0x00000694   0x00000694   0x0000000e   Code   RO          737    i.__scatterload_zeroinit  mc_p.l(handlers.o)
    0x000006a2   0x000006a2   0x00000002   PAD
    0x000006a4   0x000006a4   0x00000050   Code   RO          416    i.clr_all_panel     lcd_driver.o
    0x000006f4   0x000006f4   0x00000048   Code   RO           63    i.main              lab_lcd.o
    0x0000073c   0x0000073c   0x00000020   Data   RO          733    Region$$Table       anon$$obj.o


    Execution Region RW_IRAM1 (Exec base: 0x20000000, Load base: 0x0000075c, Size: 0x00000448, Max: 0x00004000, ABSOLUTE)

    Exec Addr    Load Addr    Size         Type   Attr      Idx    E Section Name        Object

    0x20000000   0x0000075c   0x0000001c   Data   RW           12    .data               system_nuc1xx.o
    0x2000001c   0x00000778   0x00000008   Data   RW          164    .data               drvsys.o
    0x20000024   0x00000780   0x00000010   Data   RW          420    .data               lcd_driver.o
    0x20000034   0x00000790   0x00000010   Data   RW          519    .data               drvgpio.o
    0x20000044   0x000007a0   0x00000004   PAD
    0x20000048        -       0x00000400   Zero   RW            1    STACK               startup_nuc1xx.o


==============================================================================

Image component sizes


      Code (inc. data)   RO Data    RW Data    ZI Data      Debug   Object Name

       188         46          0         16          0       7629   drvgpio.o
       412         78          0          8          0     123355   drvsys.o
        74         12          0          0          0     118003   lab_lcd.o
       600         22          0         16          0       3245   lcd_driver.o
       116         38        192          0       1024        652   startup_nuc1xx.o
       134         24          0         28          0       6410   system_nuc1xx.o

    ----------------------------------------------------------------------
      1528        220        224         68       1028     259294   Object Totals
         0          0         32          0          0          0   (incl. Generated)
         4          0          0          0          4          0   (incl. Padding)

    ----------------------------------------------------------------------

      Code (inc. data)   RO Data    RW Data    ZI Data      Debug   Library Member Name

         0          0          0          0          0          0   entry.o
         0          0          0          0          0          0   entry10a.o
         0          0          0          0          0          0   entry11a.o
         8          4          0          0          0          0   entry2.o
         4          0          0          0          0          0   entry5.o
         0          0          0          0          0          0   entry7b.o
         0          0          0          0          0          0   entry8b.o
         8          4          0          0          0          0   entry9a.o
        30          0          0          0          0          0   handlers.o
        36          8          0          0          0         68   init.o
        44          0          0          0          0         72   uidiv.o

    ----------------------------------------------------------------------
       132         16          0          0          0        140   Library Totals
         2          0          0          0          0          0   (incl. Padding)

    ----------------------------------------------------------------------

      Code (inc. data)   RO Data    RW Data    ZI Data      Debug   Library Name

       130         16          0          0          0        140   mc_p.l

    ----------------------------------------------------------------------
       132         16          0          0          0        140   Library Totals

    ----------------------------------------------------------------------

==============================================================================


      Code (inc. data)   RO Data    RW Data    ZI Data      Debug   

      1660        236        224         68       1028     259014   Grand Totals
      1660        236        224         68       1028     259014   ELF Image Totals
      1660        236        224         68          0          0   ROM Totals

==============================================================================

    Total RO  Size (Code + RO Data)                 1884 (   1.84kB)
    Total RW  Size (RW Data + ZI Data)              1096 (   1.07kB)
    Total ROM Size (Code + RO Data + RW Data)       1952 (   1.91kB)

==============================================================================

